Component: ARM Compiler 6.7 Tool: armlink [5c9ef700]

==============================================================================

Section Cross References

    dtostrf.o(.text) refers (Special) to _printf_a.o(.ARM.Collect$$_printf_percent$$00000006) for _printf_a
    dtostrf.o(.text) refers (Special) to _printf_d.o(.ARM.Collect$$_printf_percent$$00000009) for _printf_d
    dtostrf.o(.text) refers (Special) to _printf_e.o(.ARM.Collect$$_printf_percent$$00000004) for _printf_e
    dtostrf.o(.text) refers (Special) to _printf_f.o(.ARM.Collect$$_printf_percent$$00000003) for _printf_f
    dtostrf.o(.text) refers (Special) to printf1.o(x$fpl$printf1) for _printf_fp_dec
    dtostrf.o(.text) refers (Special) to printf2.o(x$fpl$printf2) for _printf_fp_hex
    dtostrf.o(.text) refers (Special) to _printf_g.o(.ARM.Collect$$_printf_percent$$00000005) for _printf_g
    dtostrf.o(.text) refers (Special) to _printf_dec.o(.text) for _printf_int_dec
    dtostrf.o(.text) refers (Special) to _printf_percent.o(.ARM.Collect$$_printf_percent$$00000000) for _printf_percent
    dtostrf.o(.text) refers (Special) to _printf_pad.o(.text) for _printf_pre_padding
    dtostrf.o(.text._Z7dtostrffijPc) refers (Special) to _printf_a.o(.ARM.Collect$$_printf_percent$$00000006) for _printf_a
    dtostrf.o(.text._Z7dtostrffijPc) refers (Special) to _printf_d.o(.ARM.Collect$$_printf_percent$$00000009) for _printf_d
    dtostrf.o(.text._Z7dtostrffijPc) refers (Special) to _printf_e.o(.ARM.Collect$$_printf_percent$$00000004) for _printf_e
    dtostrf.o(.text._Z7dtostrffijPc) refers (Special) to _printf_f.o(.ARM.Collect$$_printf_percent$$00000003) for _printf_f
    dtostrf.o(.text._Z7dtostrffijPc) refers (Special) to printf1.o(x$fpl$printf1) for _printf_fp_dec
    dtostrf.o(.text._Z7dtostrffijPc) refers (Special) to printf2.o(x$fpl$printf2) for _printf_fp_hex
    dtostrf.o(.text._Z7dtostrffijPc) refers (Special) to _printf_g.o(.ARM.Collect$$_printf_percent$$00000005) for _printf_g
    dtostrf.o(.text._Z7dtostrffijPc) refers (Special) to _printf_dec.o(.text) for _printf_int_dec
    dtostrf.o(.text._Z7dtostrffijPc) refers (Special) to _printf_percent.o(.ARM.Collect$$_printf_percent$$00000000) for _printf_percent
    dtostrf.o(.text._Z7dtostrffijPc) refers (Special) to _printf_pad.o(.text) for _printf_pre_padding
    dtostrf.o(.text._Z7dtostrffijPc) refers to noretval__2sprintf.o(.text) for __2sprintf
    dtostrf.o(.text._Z7dtostrffijPc) refers to f2d.o(x$fpl$f2d) for __aeabi_f2d
    dtostrf.o(.ARM.exidx.text._Z7dtostrffijPc) refers (Special) to _printf_a.o(.ARM.Collect$$_printf_percent$$00000006) for _printf_a
    dtostrf.o(.ARM.exidx.text._Z7dtostrffijPc) refers (Special) to _printf_d.o(.ARM.Collect$$_printf_percent$$00000009) for _printf_d
    dtostrf.o(.ARM.exidx.text._Z7dtostrffijPc) refers (Special) to _printf_e.o(.ARM.Collect$$_printf_percent$$00000004) for _printf_e
    dtostrf.o(.ARM.exidx.text._Z7dtostrffijPc) refers (Special) to _printf_f.o(.ARM.Collect$$_printf_percent$$00000003) for _printf_f
    dtostrf.o(.ARM.exidx.text._Z7dtostrffijPc) refers (Special) to printf1.o(x$fpl$printf1) for _printf_fp_dec
    dtostrf.o(.ARM.exidx.text._Z7dtostrffijPc) refers (Special) to printf2.o(x$fpl$printf2) for _printf_fp_hex
    dtostrf.o(.ARM.exidx.text._Z7dtostrffijPc) refers (Special) to _printf_g.o(.ARM.Collect$$_printf_percent$$00000005) for _printf_g
    dtostrf.o(.ARM.exidx.text._Z7dtostrffijPc) refers (Special) to _printf_dec.o(.text) for _printf_int_dec
    dtostrf.o(.ARM.exidx.text._Z7dtostrffijPc) refers (Special) to _printf_percent.o(.ARM.Collect$$_printf_percent$$00000000) for _printf_percent
    dtostrf.o(.ARM.exidx.text._Z7dtostrffijPc) refers (Special) to _printf_pad.o(.text) for _printf_pre_padding
    dtostrf.o(.ARM.exidx.text._Z7dtostrffijPc) refers to dtostrf.o(.text._Z7dtostrffijPc) for [Anonymous Symbol]
    itoa.o(.text.itoa) refers to itoa.o(.text.ltoa) for ltoa
    itoa.o(.ARM.exidx.text.itoa) refers to itoa.o(.text.itoa) for [Anonymous Symbol]
    itoa.o(.ARM.exidx.text.ltoa) refers to itoa.o(.text.ltoa) for [Anonymous Symbol]
    itoa.o(.text.utoa) refers to itoa.o(.text.ultoa) for ultoa
    itoa.o(.ARM.exidx.text.utoa) refers to itoa.o(.text.utoa) for [Anonymous Symbol]
    itoa.o(.ARM.exidx.text.ultoa) refers to itoa.o(.text.ultoa) for [Anonymous Symbol]
    winterrupts.o(.ARM.exidx.text._Z18CCU40_0_IRQHandlerv) refers to winterrupts.o(.text._Z18CCU40_0_IRQHandlerv) for [Anonymous Symbol]
    winterrupts.o(.ARM.exidx.text._Z18CCU40_1_IRQHandlerv) refers to winterrupts.o(.text._Z18CCU40_1_IRQHandlerv) for [Anonymous Symbol]
    winterrupts.o(.ARM.exidx.text._Z15detachInterruptj) refers to winterrupts.o(.text._Z15detachInterruptj) for [Anonymous Symbol]
    wiring_digital.o(.ARM.exidx.text.NOPS_FOR_USEC) refers to wiring_digital.o(.text.NOPS_FOR_USEC) for [Anonymous Symbol]
    wiring_digital.o(.text.pinMode) refers to xmc4_gpio.o(.text.XMC_GPIO_Init) for XMC_GPIO_Init
[...]
    private_typeinfo.cpp.o(.ARM.exidx.text._ZNK10__cxxabiv120__si_class_type_info16search_above_dstEPNS_19__dynamic_cast_infoEPKvS4_ib) refers to Unwind-EHABI.cpp.o(.text.__aeabi_unwind_cpp_pr0) for __aeabi_unwind_cpp_pr0
    private_typeinfo.cpp.o(.ARM.exidx.text._ZNK10__cxxabiv120__si_class_type_info16search_above_dstEPNS_19__dynamic_cast_infoEPKvS4_ib) refers to private_typeinfo.cpp.o(.text._ZNK10__cxxabiv120__si_class_type_info16search_above_dstEPNS_19__dynamic_cast_infoEPKvS4_ib) for [Anonymous Symbol]
    private_typeinfo.cpp.o(.text._ZNK10__cxxabiv117__class_type_info16search_above_dstEPNS_19__dynamic_cast_infoEPKvS4_ib) refers to strcmpv7em.o(.text) for strcmp
    private_typeinfo.cpp.o(.text._ZNK10__cxxabiv117__class_type_info16search_above_dstEPNS_19__dynamic_cast_infoEPKvS4_ib) refers to private_typeinfo.cpp.o(.text._ZNK10__cxxabiv117__class_type_info29process_static_type_above_dstEPNS_19__dynamic_cast_infoEPKvS4_i) for __cxxabiv1::__class_type_info::process_static_type_above_dst(__cxxabiv1::__dynamic_cast_info*, const void*, const void*, int) const
    private_typeinfo.cpp.o(.ARM.exidx.text._ZNK10__cxxabiv117__class_type_info16search_above_dstEPNS_19__dynamic_cast_infoEPKvS4_ib) refers to private_typeinfo.cpp.o(.text._ZNK10__cxxabiv117__class_type_info16search_above_dstEPNS_19__dynamic_cast_infoEPKvS4_ib) for [Anonymous Symbol]
    private_typeinfo.cpp.o(.rodata._ZTIN10__cxxabiv116__shim_type_infoE) refers to private_typeinfo.cpp.o(.rodata._ZTVN10__cxxabiv120__si_class_type_infoE) for vtable for __cxxabiv1::__si_class_type_info
    private_typeinfo.cpp.o(.rodata._ZTIN10__cxxabiv116__shim_type_infoE) refers to private_typeinfo.cpp.o(.rodata._ZTSN10__cxxabiv116__shim_type_infoE) for typeinfo name for __cxxabiv1::__shim_type_info
    private_typeinfo.cpp.o(.rodata._ZTIN10__cxxabiv116__shim_type_infoE) refers to stdlib_typeinfo.cpp.o(.rodata._ZTISt9type_info) for typeinfo for std::type_info
    private_typeinfo.cpp.o(.rodata._ZTIN10__cxxabiv117__class_type_infoE) refers to private_typeinfo.cpp.o(.rodata._ZTVN10__cxxabiv120__si_class_type_infoE) for vtable for __cxxabiv1::__si_class_type_info
    private_typeinfo.cpp.o(.rodata._ZTIN10__cxxabiv117__class_type_infoE) refers to private_typeinfo.cpp.o(.rodata._ZTSN10__cxxabiv117__class_type_infoE) for typeinfo name for __cxxabiv1::__class_type_info
    private_typeinfo.cpp.o(.rodata._ZTIN10__cxxabiv117__class_type_infoE) refers to private_typeinfo.cpp.o(.rodata._ZTIN10__cxxabiv116__shim_type_infoE) for typeinfo for __cxxabiv1::__shim_type_info
    private_typeinfo.cpp.o(.rodata._ZTIN10__cxxabiv117__pbase_type_infoE) refers to private_typeinfo.cpp.o(.rodata._ZTVN10__cxxabiv120__si_class_type_infoE) for vtable for __cxxabiv1::__si_class_type_info
    private_typeinfo.cpp.o(.rodata._ZTIN10__cxxabiv117__pbase_type_infoE) refers to private_typeinfo.cpp.o(.rodata._ZTSN10__cxxabiv117__pbase_type_infoE) for typeinfo name for __cxxabiv1::__pbase_type_info
    private_typeinfo.cpp.o(.rodata._ZTIN10__cxxabiv117__pbase_type_infoE) refers to private_typeinfo.cpp.o(.rodata._ZTIN10__cxxabiv116__shim_type_infoE) for typeinfo for __cxxabiv1::__shim_type_info
    private_typeinfo.cpp.o(.rodata._ZTIN10__cxxabiv119__pointer_type_infoE) refers to private_typeinfo.cpp.o(.rodata._ZTVN10__cxxabiv120__si_class_type_infoE) for vtable for __cxxabiv1::__si_class_type_info
    private_typeinfo.cpp.o(.rodata._ZTIN10__cxxabiv119__pointer_type_infoE) refers to private_typeinfo.cpp.o(.rodata._ZTSN10__cxxabiv119__pointer_type_infoE) for typeinfo name for __cxxabiv1::__pointer_type_info
    private_typeinfo.cpp.o(.rodata._ZTIN10__cxxabiv119__pointer_type_infoE) refers to private_typeinfo.cpp.o(.rodata._ZTIN10__cxxabiv117__pbase_type_infoE) for typeinfo for __cxxabiv1::__pbase_type_info
    private_typeinfo.cpp.o(.rodata._ZTIN10__cxxabiv120__function_type_infoE) refers to private_typeinfo.cpp.o(.rodata._ZTVN10__cxxabiv120__si_class_type_infoE) for vtable for __cxxabiv1::__si_class_type_info
    private_typeinfo.cpp.o(.rodata._ZTIN10__cxxabiv120__function_type_infoE) refers to private_typeinfo.cpp.o(.rodata._ZTSN10__cxxabiv120__function_type_infoE) for typeinfo name for __cxxabiv1::__function_type_info
    private_typeinfo.cpp.o(.rodata._ZTIN10__cxxabiv120__function_type_infoE) refers to private_typeinfo.cpp.o(.rodata._ZTIN10__cxxabiv116__shim_type_infoE) for typeinfo for __cxxabiv1::__shim_type_info
    private_typeinfo.cpp.o(.rodata._ZTIN10__cxxabiv129__pointer_to_member_type_infoE) refers to private_typeinfo.cpp.o(.rodata._ZTVN10__cxxabiv120__si_class_type_infoE) for vtable for __cxxabiv1::__si_class_type_info
    private_typeinfo.cpp.o(.rodata._ZTIN10__cxxabiv129__pointer_to_member_type_infoE) refers to private_typeinfo.cpp.o(.rodata._ZTSN10__cxxabiv129__pointer_to_member_type_infoE) for typeinfo name for __cxxabiv1::__pointer_to_member_type_info
    private_typeinfo.cpp.o(.rodata._ZTIN10__cxxabiv129__pointer_to_member_type_infoE) refers to private_typeinfo.cpp.o(.rodata._ZTIN10__cxxabiv117__pbase_type_infoE) for typeinfo for __cxxabiv1::__pbase_type_info
    private_typeinfo.cpp.o(.rodata._ZTVN10__cxxabiv116__shim_type_infoE) refers to private_typeinfo.cpp.o(.rodata._ZTIN10__cxxabiv116__shim_type_infoE) for typeinfo for __cxxabiv1::__shim_type_info
    private_typeinfo.cpp.o(.rodata._ZTVN10__cxxabiv116__shim_type_infoE) refers to private_typeinfo.cpp.o(.text._ZN10__cxxabiv116__shim_type_infoD2Ev) for __cxxabiv1::__shim_type_info::~__shim_type_info__sub_object()
    private_typeinfo.cpp.o(.rodata._ZTVN10__cxxabiv116__shim_type_infoE) refers to private_typeinfo.cpp.o(.text._ZN10__cxxabiv116__shim_type_infoD0Ev) for __cxxabiv1::__shim_type_info::~__shim_type_info__deallocating()
    private_typeinfo.cpp.o(.rodata._ZTVN10__cxxabiv116__shim_type_infoE) refers to private_typeinfo.cpp.o(.text._ZNK10__cxxabiv116__shim_type_info5noop1Ev) for __cxxabiv1::__shim_type_info::noop1() const
    private_typeinfo.cpp.o(.rodata._ZTVN10__cxxabiv116__shim_type_infoE) refers to private_typeinfo.cpp.o(.text._ZNK10__cxxabiv116__shim_type_info5noop2Ev) for __cxxabiv1::__shim_type_info::noop2() const
    private_typeinfo.cpp.o(.rodata._ZTVN10__cxxabiv116__shim_type_infoE) refers to abi.o(.text.__cxa_pure_virtual) for __cxa_pure_virtual
    private_typeinfo.cpp.o(.rodata._ZTVN10__cxxabiv123__fundamental_type_infoE) refers to private_typeinfo.cpp.o(.rodata._ZTIN10__cxxabiv123__fundamental_type_infoE) for typeinfo for __cxxabiv1::__fundamental_type_info
    private_typeinfo.cpp.o(.rodata._ZTVN10__cxxabiv123__fundamental_type_infoE) refers to private_typeinfo.cpp.o(.text._ZN10__cxxabiv116__shim_type_infoD2Ev) for __cxxabiv1::__shim_type_info::~__shim_type_info__sub_object()
    private_typeinfo.cpp.o(.rodata._ZTVN10__cxxabiv123__fundamental_type_infoE) refers to private_typeinfo.cpp.o(.text._ZN10__cxxabiv123__fundamental_type_infoD0Ev) for __cxxabiv1::__fundamental_type_info::~__fundamental_type_info__deallocating()
    private_typeinfo.cpp.o(.rodata._ZTVN10__cxxabiv123__fundamental_type_infoE) refers to private_typeinfo.cpp.o(.text._ZNK10__cxxabiv116__shim_type_info5noop1Ev) for __cxxabiv1::__shim_type_info::noop1() const
    private_typeinfo.cpp.o(.rodata._ZTVN10__cxxabiv123__fundamental_type_infoE) refers to private_typeinfo.cpp.o(.text._ZNK10__cxxabiv116__shim_type_info5noop2Ev) for __cxxabiv1::__shim_type_info::noop2() const
    private_typeinfo.cpp.o(.rodata._ZTVN10__cxxabiv123__fundamental_type_infoE) refers to private_typeinfo.cpp.o(.text._ZNK10__cxxabiv123__fundamental_type_info9can_catchEPKNS_16__shim_type_infoERPv) for __cxxabiv1::__fundamental_type_info::can_catch(const __cxxabiv1::__shim_type_info*, void*&) const
    private_typeinfo.cpp.o(.rodata._ZTIN10__cxxabiv123__fundamental_type_infoE) refers to private_typeinfo.cpp.o(.rodata._ZTVN10__cxxabiv120__si_class_type_infoE) for vtable for __cxxabiv1::__si_class_type_info
    private_typeinfo.cpp.o(.rodata._ZTIN10__cxxabiv123__fundamental_type_infoE) refers to private_typeinfo.cpp.o(.rodata._ZTSN10__cxxabiv123__fundamental_type_infoE) for typeinfo name for __cxxabiv1::__fundamental_type_info
    private_typeinfo.cpp.o(.rodata._ZTIN10__cxxabiv123__fundamental_type_infoE) refers to private_typeinfo.cpp.o(.rodata._ZTIN10__cxxabiv116__shim_type_infoE) for typeinfo for __cxxabiv1::__shim_type_info
    private_typeinfo.cpp.o(.rodata._ZTIv) refers to private_typeinfo.cpp.o(.rodata._ZTVN10__cxxabiv123__fundamental_type_infoE) for vtable for __cxxabiv1::__fundamental_type_info
    private_typeinfo.cpp.o(.rodata._ZTIv) refers to private_typeinfo.cpp.o(.rodata._ZTSv) for typeinfo name for void
    private_typeinfo.cpp.o(.rodata._ZTIPv) refers to private_typeinfo.cpp.o(.rodata._ZTVN10__cxxabiv119__pointer_type_infoE) for vtable for __cxxabiv1::__pointer_type_info
    private_typeinfo.cpp.o(.rodata._ZTIPv) refers to private_typeinfo.cpp.o(.rodata._ZTSPv) for typeinfo name for void*
    private_typeinfo.cpp.o(.rodata._ZTIPv) refers to private_typeinfo.cpp.o(.rodata._ZTIv) for typeinfo for void
    private_typeinfo.cpp.o(.rodata._ZTIPKv) refers to private_typeinfo.cpp.o(.rodata._ZTVN10__cxxabiv119__pointer_type_infoE) for vtable for __cxxabiv1::__pointer_type_info
    private_typeinfo.cpp.o(.rodata._ZTIPKv) refers to private_typeinfo.cpp.o(.rodata._ZTSPKv) for typeinfo name for const void*
    private_typeinfo.cpp.o(.rodata._ZTIPKv) refers to private_typeinfo.cpp.o(.rodata._ZTIv) for typeinfo for void
    private_typeinfo.cpp.o(.rodata._ZTIDn) refers to private_typeinfo.cpp.o(.rodata._ZTVN10__cxxabiv123__fundamental_type_infoE) for vtable for __cxxabiv1::__fundamental_type_info
    private_typeinfo.cpp.o(.rodata._ZTIDn) refers to private_typeinfo.cpp.o(.rodata._ZTSDn) for typeinfo name for std::nullptr_t
    private_typeinfo.cpp.o(.rodata._ZTIPDn) refers to private_typeinfo.cpp.o(.rodata._ZTVN10__cxxabiv119__pointer_type_infoE) for vtable for __cxxabiv1::__pointer_type_info
    private_typeinfo.cpp.o(.rodata._ZTIPDn) refers to private_typeinfo.cpp.o(.rodata._ZTSPDn) for typeinfo name for std::nullptr_t*
    private_typeinfo.cpp.o(.rodata._ZTIPDn) refers to private_typeinfo.cpp.o(.rodata._ZTIDn) for typeinfo for std::nullptr_t
    private_typeinfo.cpp.o(.rodata._ZTIPKDn) refers to private_typeinfo.cpp.o(.rodata._ZTVN10__cxxabiv119__pointer_type_infoE) for vtable for __cxxabiv1::__pointer_type_info
    private_typeinfo.cpp.o(.rodata._ZTIPKDn) refers to private_typeinfo.cpp.o(.rodata._ZTSPKDn) for typeinfo name for const std::nullptr_t*
    private_typeinfo.cpp.o(.rodata._ZTIPKDn) refers to private_typeinfo.cpp.o(.rodata._ZTIDn) for typeinfo for std::nullptr_t
    private_typeinfo.cpp.o(.rodata._ZTIb) refers to private_typeinfo.cpp.o(.rodata._ZTVN10__cxxabiv123__fundamental_type_infoE) for vtable for __cxxabiv1::__fundamental_type_info
    private_typeinfo.cpp.o(.rodata._ZTIb) refers to private_typeinfo.cpp.o(.rodata._ZTSb) for typeinfo name for bool
    private_typeinfo.cpp.o(.rodata._ZTIPb) refers to private_typeinfo.cpp.o(.rodata._ZTVN10__cxxabiv119__pointer_type_infoE) for vtable for __cxxabiv1::__pointer_type_info
    private_typeinfo.cpp.o(.rodata._ZTIPb) refers to private_typeinfo.cpp.o(.rodata._ZTSPb) for typeinfo name for bool*
    private_typeinfo.cpp.o(.rodata._ZTIPb) refers to private_typeinfo.cpp.o(.rodata._ZTIb) for typeinfo for bool
    private_typeinfo.cpp.o(.rodata._ZTIPKb) refers to private_typeinfo.cpp.o(.rodata._ZTVN10__cxxabiv119__pointer_type_infoE) for vtable for __cxxabiv1::__pointer_type_info
    private_typeinfo.cpp.o(.rodata._ZTIPKb) refers to private_typeinfo.cpp.o(.rodata._ZTSPKb) for typeinfo name for const bool*
    private_typeinfo.cpp.o(.rodata._ZTIPKb) refers to private_typeinfo.cpp.o(.rodata._ZTIb) for typeinfo for bool
    private_typeinfo.cpp.o(.rodata._ZTIw) refers to private_typeinfo.cpp.o(.rodata._ZTVN10__cxxabiv123__fundamental_type_infoE) for vtable for __cxxabiv1::__fundamental_type_info
    private_typeinfo.cpp.o(.rodata._ZTIw) refers to private_typeinfo.cpp.o(.rodata._ZTSw) for typeinfo name for wchar_t
    private_typeinfo.cpp.o(.rodata._ZTIPw) refers to private_typeinfo.cpp.o(.rodata._ZTVN10__cxxabiv119__pointer_type_infoE) for vtable for __cxxabiv1::__pointer_type_info
    private_typeinfo.cpp.o(.rodata._ZTIPw) refers to private_typeinfo.cpp.o(.rodata._ZTSPw) for typeinfo name for wchar_t*
    private_typeinfo.cpp.o(.rodata._ZTIPw) refers to private_typeinfo.cpp.o(.rodata._ZTIw) for typeinfo for wchar_t
    private_typeinfo.cpp.o(.rodata._ZTIPKw) refers to private_typeinfo.cpp.o(.rodata._ZTVN10__cxxabiv119__pointer_type_infoE) for vtable for __cxxabiv1::__pointer_type_info
    private_typeinfo.cpp.o(.rodata._ZTIPKw) refers to private_typeinfo.cpp.o(.rodata._ZTSPKw) for typeinfo name for const wchar_t*
    private_typeinfo.cpp.o(.rodata._ZTIPKw) refers to private_typeinfo.cpp.o(.rodata._ZTIw) for typeinfo for wchar_t
    private_typeinfo.cpp.o(.rodata._ZTIc) refers to private_typeinfo.cpp.o(.rodata._ZTVN10__cxxabiv123__fundamental_type_infoE) for vtable for __cxxabiv1::__fundamental_type_info
    private_typeinfo.cpp.o(.rodata._ZTIc) refers to private_typeinfo.cpp.o(.rodata._ZTSc) for typeinfo name for char
    private_typeinfo.cpp.o(.rodata._ZTIPc) refers to private_typeinfo.cpp.o(.rodata._ZTVN10__cxxabiv119__pointer_type_infoE) for vtable for __cxxabiv1::__pointer_type_info
    private_typeinfo.cpp.o(.rodata._ZTIPc) refers to private_typeinfo.cpp.o(.rodata._ZTSPc) for typeinfo name for char*
    private_typeinfo.cpp.o(.rodata._ZTIPc) refers to private_typeinfo.cpp.o(.rodata._ZTIc) for typeinfo for char
    private_typeinfo.cpp.o(.rodata._ZTIPKc) refers to private_typeinfo.cpp.o(.rodata._ZTVN10__cxxabiv119__pointer_type_infoE) for vtable for __cxxabiv1::__pointer_type_info
    private_typeinfo.cpp.o(.rodata._ZTIPKc) refers to private_typeinfo.cpp.o(.rodata._ZTSPKc) for typeinfo name for const char*
    private_typeinfo.cpp.o(.rodata._ZTIPKc) refers to private_typeinfo.cpp.o(.rodata._ZTIc) for typeinfo for char
    private_typeinfo.cpp.o(.rodata._ZTIh) refers to private_typeinfo.cpp.o(.rodata._ZTVN10__cxxabiv123__fundamental_type_infoE) for vtable for __cxxabiv1::__fundamental_type_info
    private_typeinfo.cpp.o(.rodata._ZTIh) refers to private_typeinfo.cpp.o(.rodata._ZTSh) for typeinfo name for unsigned char
    private_typeinfo.cpp.o(.rodata._ZTIPh) refers to private_typeinfo.cpp.o(.rodata._ZTVN10__cxxabiv119__pointer_type_infoE) for vtable for __cxxabiv1::__pointer_type_info
    private_typeinfo.cpp.o(.rodata._ZTIPh) refers to private_typeinfo.cpp.o(.rodata._ZTSPh) for typeinfo name for unsigned char*
    private_typeinfo.cpp.o(.rodata._ZTIPh) refers to private_typeinfo.cpp.o(.rodata._ZTIh) for typeinfo for unsigned char
    private_typeinfo.cpp.o(.rodata._ZTIPKh) refers to private_typeinfo.cpp.o(.rodata._ZTVN10__cxxabiv119__pointer_type_infoE) for vtable for __cxxabiv1::__pointer_type_info
    private_typeinfo.cpp.o(.rodata._ZTIPKh) refers to private_typeinfo.cpp.o(.rodata._ZTSPKh) for typeinfo name for const unsigned char*
    private_typeinfo.cpp.o(.rodata._ZTIPKh) refers to private_typeinfo.cpp.o(.rodata._ZTIh) for typeinfo for unsigned char
    private_typeinfo.cpp.o(.rodata._ZTIa) refers to private_typeinfo.cpp.o(.rodata._ZTVN10__cxxabiv123__fundamental_type_infoE) for vtable for __cxxabiv1::__fundamental_type_info
    private_typeinfo.cpp.o(.rodata._ZTIa) refers to private_typeinfo.cpp.o(.rodata._ZTSa) for typeinfo name for signed char
    private_typeinfo.cpp.o(.rodata._ZTIPa) refers to private_typeinfo.cpp.o(.rodata._ZTVN10__cxxabiv119__pointer_type_infoE) for vtable for __cxxabiv1::__pointer_type_info
    private_typeinfo.cpp.o(.rodata._ZTIPa) refers to private_typeinfo.cpp.o(.rodata._ZTSPa) for typeinfo name for signed char*
    private_typeinfo.cpp.o(.rodata._ZTIPa) refers to private_typeinfo.cpp.o(.rodata._ZTIa) for typeinfo for signed char
    private_typeinfo.cpp.o(.rodata._ZTIPKa) refers to private_typeinfo.cpp.o(.rodata._ZTVN10__cxxabiv119__pointer_type_infoE) for vtable for __cxxabiv1::__pointer_type_info
    private_typeinfo.cpp.o(.rodata._ZTIPKa) refers to private_typeinfo.cpp.o(.rodata._ZTSPKa) for typeinfo name for const signed char*
    private_typeinfo.cpp.o(.rodata._ZTIPKa) refers to private_typeinfo.cpp.o(.rodata._ZTIa) for typeinfo for signed char
    private_typeinfo.cpp.o(.rodata._ZTIs) refers to private_typeinfo.cpp.o(.rodata._ZTVN10__cxxabiv123__fundamental_type_infoE) for vtable for __cxxabiv1::__fundamental_type_info
    private_typeinfo.cpp.o(.rodata._ZTIs) refers to private_typeinfo.cpp.o(.rodata._ZTSs) for typeinfo name for short
    private_typeinfo.cpp.o(.rodata._ZTIPs) refers to private_typeinfo.cpp.o(.rodata._ZTVN10__cxxabiv119__pointer_type_infoE) for vtable for __cxxabiv1::__pointer_type_info
    private_typeinfo.cpp.o(.rodata._ZTIPs) refers to private_typeinfo.cpp.o(.rodata._ZTSPs) for typeinfo name for short*
    private_typeinfo.cpp.o(.rodata._ZTIPs) refers to private_typeinfo.cpp.o(.rodata._ZTIs) for typeinfo for short
    private_typeinfo.cpp.o(.rodata._ZTIPKs) refers to private_typeinfo.cpp.o(.rodata._ZTVN10__cxxabiv119__pointer_type_infoE) for vtable for __cxxabiv1::__pointer_type_info
    private_typeinfo.cpp.o(.rodata._ZTIPKs) refers to private_typeinfo.cpp.o(.rodata._ZTSPKs) for typeinfo name for const short*
    private_typeinfo.cpp.o(.rodata._ZTIPKs) refers to private_typeinfo.cpp.o(.rodata._ZTIs) for typeinfo for short
    private_typeinfo.cpp.o(.rodata._ZTIt) refers to private_typeinfo.cpp.o(.rodata._ZTVN10__cxxabiv123__fundamental_type_infoE) for vtable for __cxxabiv1::__fundamental_type_info
    private_typeinfo.cpp.o(.rodata._ZTIt) refers to private_typeinfo.cpp.o(.rodata._ZTSt) for typeinfo name for unsigned short
    private_typeinfo.cpp.o(.rodata._ZTIPt) refers to private_typeinfo.cpp.o(.rodata._ZTVN10__cxxabiv119__pointer_type_infoE) for vtable for __cxxabiv1::__pointer_type_info
    private_typeinfo.cpp.o(.rodata._ZTIPt) refers to private_typeinfo.cpp.o(.rodata._ZTSPt) for typeinfo name for unsigned short*
    private_typeinfo.cpp.o(.rodata._ZTIPt) refers to private_typeinfo.cpp.o(.rodata._ZTIt) for typeinfo for unsigned short
    private_typeinfo.cpp.o(.rodata._ZTIPKt) refers to private_typeinfo.cpp.o(.rodata._ZTVN10__cxxabiv119__pointer_type_infoE) for vtable for __cxxabiv1::__pointer_type_info
    private_typeinfo.cpp.o(.rodata._ZTIPKt) refers to private_typeinfo.cpp.o(.rodata._ZTSPKt) for typeinfo name for const unsigned short*
    private_typeinfo.cpp.o(.rodata._ZTIPKt) refers to private_typeinfo.cpp.o(.rodata._ZTIt) for typeinfo for unsigned short
    private_typeinfo.cpp.o(.rodata._ZTIi) refers to private_typeinfo.cpp.o(.rodata._ZTVN10__cxxabiv123__fundamental_type_infoE) for vtable for __cxxabiv1::__fundamental_type_info
    private_typeinfo.cpp.o(.rodata._ZTIi) refers to private_typeinfo.cpp.o(.rodata._ZTSi) for typeinfo name for int
    private_typeinfo.cpp.o(.rodata._ZTIPi) refers to private_typeinfo.cpp.o(.rodata._ZTVN10__cxxabiv119__pointer_type_infoE) for vtable for __cxxabiv1::__pointer_type_info
    private_typeinfo.cpp.o(.rodata._ZTIPi) refers to private_typeinfo.cpp.o(.rodata._ZTSPi) for typeinfo name for int*
    private_typeinfo.cpp.o(.rodata._ZTIPi) refers to private_typeinfo.cpp.o(.rodata._ZTIi) for typeinfo for int
    private_typeinfo.cpp.o(.rodata._ZTIPKi) refers to private_typeinfo.cpp.o(.rodata._ZTVN10__cxxabiv119__pointer_type_infoE) for vtable for __cxxabiv1::__pointer_type_info
    private_typeinfo.cpp.o(.rodata._ZTIPKi) refers to private_typeinfo.cpp.o(.rodata._ZTSPKi) for typeinfo name for const int*
    private_typeinfo.cpp.o(.rodata._ZTIPKi) refers to private_typeinfo.cpp.o(.rodata._ZTIi) for typeinfo for int
    private_typeinfo.cpp.o(.rodata._ZTIj) refers to private_typeinfo.cpp.o(.rodata._ZTVN10__cxxabiv123__fundamental_type_infoE) for vtable for __cxxabiv1::__fundamental_type_info
    private_typeinfo.cpp.o(.rodata._ZTIj) refers to private_typeinfo.cpp.o(.rodata._ZTSj) for typeinfo name for unsigned
    private_typeinfo.cpp.o(.rodata._ZTIPj) refers to private_typeinfo.cpp.o(.rodata._ZTVN10__cxxabiv119__pointer_type_infoE) for vtable for __cxxabiv1::__pointer_type_info
    private_typeinfo.cpp.o(.rodata._ZTIPj) refers to private_typeinfo.cpp.o(.rodata._ZTSPj) for typeinfo name for unsigned*
    private_typeinfo.cpp.o(.rodata._ZTIPj) refers to private_typeinfo.cpp.o(.rodata._ZTIj) for typeinfo for unsigned
    private_typeinfo.cpp.o(.rodata._ZTIPKj) refers to private_typeinfo.cpp.o(.rodata._ZTVN10__cxxabiv119__pointer_type_infoE) for vtable for __cxxabiv1::__pointer_type_info
    private_typeinfo.cpp.o(.rodata._ZTIPKj) refers to private_typeinfo.cpp.o(.rodata._ZTSPKj) for typeinfo name for const unsigned*
    private_typeinfo.cpp.o(.rodata._ZTIPKj) refers to private_typeinfo.cpp.o(.rodata._ZTIj) for typeinfo for unsigned
    private_typeinfo.cpp.o(.rodata._ZTIl) refers to private_typeinfo.cpp.o(.rodata._ZTVN10__cxxabiv123__fundamental_type_infoE) for vtable for __cxxabiv1::__fundamental_type_info
    private_typeinfo.cpp.o(.rodata._ZTIl) refers to private_typeinfo.cpp.o(.rodata._ZTSl) for typeinfo name for long
    private_typeinfo.cpp.o(.rodata._ZTIPl) refers to private_typeinfo.cpp.o(.rodata._ZTVN10__cxxabiv119__pointer_type_infoE) for vtable for __cxxabiv1::__pointer_type_info
    private_typeinfo.cpp.o(.rodata._ZTIPl) refers to private_typeinfo.cpp.o(.rodata._ZTSPl) for typeinfo name for long*
    private_typeinfo.cpp.o(.rodata._ZTIPl) refers to private_typeinfo.cpp.o(.rodata._ZTIl) for typeinfo for long
    private_typeinfo.cpp.o(.rodata._ZTIPKl) refers to private_typeinfo.cpp.o(.rodata._ZTVN10__cxxabiv119__pointer_type_infoE) for vtable for __cxxabiv1::__pointer_type_info
    private_typeinfo.cpp.o(.rodata._ZTIPKl) refers to private_typeinfo.cpp.o(.rodata._ZTSPKl) for typeinfo name for const long*
    private_typeinfo.cpp.o(.rodata._ZTIPKl) refers to private_typeinfo.cpp.o(.rodata._ZTIl) for typeinfo for long
    private_typeinfo.cpp.o(.rodata._ZTIm) refers to private_typeinfo.cpp.o(.rodata._ZTVN10__cxxabiv123__fundamental_type_infoE) for vtable for __cxxabiv1::__fundamental_type_info
    private_typeinfo.cpp.o(.rodata._ZTIm) refers to private_typeinfo.cpp.o(.rodata._ZTSm) for typeinfo name for unsigned long
    private_typeinfo.cpp.o(.rodata._ZTIPm) refers to private_typeinfo.cpp.o(.rodata._ZTVN10__cxxabiv119__pointer_type_infoE) for vtable for __cxxabiv1::__pointer_type_info
    private_typeinfo.cpp.o(.rodata._ZTIPm) refers to private_typeinfo.cpp.o(.rodata._ZTSPm) for typeinfo name for unsigned long*
    private_typeinfo.cpp.o(.rodata._ZTIPm) refers to private_typeinfo.cpp.o(.rodata._ZTIm) for typeinfo for unsigned long
    private_typeinfo.cpp.o(.rodata._ZTIPKm) refers to private_typeinfo.cpp.o(.rodata._ZTVN10__cxxabiv119__pointer_type_infoE) for vtable for __cxxabiv1::__pointer_type_info
    private_typeinfo.cpp.o(.rodata._ZTIPKm) refers to private_typeinfo.cpp.o(.rodata._ZTSPKm) for typeinfo name for const unsigned long*
    private_typeinfo.cpp.o(.rodata._ZTIPKm) refers to private_typeinfo.cpp.o(.rodata._ZTIm) for typeinfo for unsigned long
    private_typeinfo.cpp.o(.rodata._ZTIx) refers to private_typeinfo.cpp.o(.rodata._ZTVN10__cxxabiv123__fundamental_type_infoE) for vtable for __cxxabiv1::__fundamental_type_info
    private_typeinfo.cpp.o(.rodata._ZTIx) refers to private_typeinfo.cpp.o(.rodata._ZTSx) for typeinfo name for long long
    private_typeinfo.cpp.o(.rodata._ZTIPx) refers to private_typeinfo.cpp.o(.rodata._ZTVN10__cxxabiv119__pointer_type_infoE) for vtable for __cxxabiv1::__pointer_type_info
    private_typeinfo.cpp.o(.rodata._ZTIPx) refers to private_typeinfo.cpp.o(.rodata._ZTSPx) for typeinfo name for long long*
    private_typeinfo.cpp.o(.rodata._ZTIPx) refers to private_typeinfo.cpp.o(.rodata._ZTIx) for typeinfo for long long
    private_typeinfo.cpp.o(.rodata._ZTIPKx) refers to private_typeinfo.cpp.o(.rodata._ZTVN10__cxxabiv119__pointer_type_infoE) for vtable for __cxxabiv1::__pointer_type_info
    private_typeinfo.cpp.o(.rodata._ZTIPKx) refers to private_typeinfo.cpp.o(.rodata._ZTSPKx) for typeinfo name for const long long*
    private_typeinfo.cpp.o(.rodata._ZTIPKx) refers to private_typeinfo.cpp.o(.rodata._ZTIx) for typeinfo for long long
    private_typeinfo.cpp.o(.rodata._ZTIy) refers to private_typeinfo.cpp.o(.rodata._ZTVN10__cxxabiv123__fundamental_type_infoE) for vtable for __cxxabiv1::__fundamental_type_info
    private_typeinfo.cpp.o(.rodata._ZTIy) refers to private_typeinfo.cpp.o(.rodata._ZTSy) for typeinfo name for unsigned long long
    private_typeinfo.cpp.o(.rodata._ZTIPy) refers to private_typeinfo.cpp.o(.rodata._ZTVN10__cxxabiv119__pointer_type_infoE) for vtable for __cxxabiv1::__pointer_type_info
    private_typeinfo.cpp.o(.rodata._ZTIPy) refers to private_typeinfo.cpp.o(.rodata._ZTSPy) for typeinfo name for unsigned long long*
    private_typeinfo.cpp.o(.rodata._ZTIPy) refers to private_typeinfo.cpp.o(.rodata._ZTIy) for typeinfo for unsigned long long
    private_typeinfo.cpp.o(.rodata._ZTIPKy) refers to private_typeinfo.cpp.o(.rodata._ZTVN10__cxxabiv119__pointer_type_infoE) for vtable for __cxxabiv1::__pointer_type_info
    private_typeinfo.cpp.o(.rodata._ZTIPKy) refers to private_typeinfo.cpp.o(.rodata._ZTSPKy) for typeinfo name for const unsigned long long*
    private_typeinfo.cpp.o(.rodata._ZTIPKy) refers to private_typeinfo.cpp.o(.rodata._ZTIy) for typeinfo for unsigned long long
    private_typeinfo.cpp.o(.rodata._ZTIn) refers to private_typeinfo.cpp.o(.rodata._ZTVN10__cxxabiv123__fundamental_type_infoE) for vtable for __cxxabiv1::__fundamental_type_info
    private_typeinfo.cpp.o(.rodata._ZTIn) refers to private_typeinfo.cpp.o(.rodata._ZTSn) for typeinfo name for __int128
    private_typeinfo.cpp.o(.rodata._ZTIPn) refers to private_typeinfo.cpp.o(.rodata._ZTVN10__cxxabiv119__pointer_type_infoE) for vtable for __cxxabiv1::__pointer_type_info
    private_typeinfo.cpp.o(.rodata._ZTIPn) refers to private_typeinfo.cpp.o(.rodata._ZTSPn) for typeinfo name for __int128*
    private_typeinfo.cpp.o(.rodata._ZTIPn) refers to private_typeinfo.cpp.o(.rodata._ZTIn) for typeinfo for __int128
    private_typeinfo.cpp.o(.rodata._ZTIPKn) refers to private_typeinfo.cpp.o(.rodata._ZTVN10__cxxabiv119__pointer_type_infoE) for vtable for __cxxabiv1::__pointer_type_info
    private_typeinfo.cpp.o(.rodata._ZTIPKn) refers to private_typeinfo.cpp.o(.rodata._ZTSPKn) for typeinfo name for const __int128*
    private_typeinfo.cpp.o(.rodata._ZTIPKn) refers to private_typeinfo.cpp.o(.rodata._ZTIn) for typeinfo for __int128
    private_typeinfo.cpp.o(.rodata._ZTIo) refers to private_typeinfo.cpp.o(.rodata._ZTVN10__cxxabiv123__fundamental_type_infoE) for vtable for __cxxabiv1::__fundamental_type_info
    private_typeinfo.cpp.o(.rodata._ZTIo) refers to private_typeinfo.cpp.o(.rodata._ZTSo) for typeinfo name for unsigned __int128
    private_typeinfo.cpp.o(.rodata._ZTIPo) refers to private_typeinfo.cpp.o(.rodata._ZTVN10__cxxabiv119__pointer_type_infoE) for vtable for __cxxabiv1::__pointer_type_info
    private_typeinfo.cpp.o(.rodata._ZTIPo) refers to private_typeinfo.cpp.o(.rodata._ZTSPo) for typeinfo name for unsigned __int128*
    private_typeinfo.cpp.o(.rodata._ZTIPo) refers to private_typeinfo.cpp.o(.rodata._ZTIo) for typeinfo for unsigned __int128
    private_typeinfo.cpp.o(.rodata._ZTIPKo) refers to private_typeinfo.cpp.o(.rodata._ZTVN10__cxxabiv119__pointer_type_infoE) for vtable for __cxxabiv1::__pointer_type_info
    private_typeinfo.cpp.o(.rodata._ZTIPKo) refers to private_typeinfo.cpp.o(.rodata._ZTSPKo) for typeinfo name for const unsigned __int128*
    private_typeinfo.cpp.o(.rodata._ZTIPKo) refers to private_typeinfo.cpp.o(.rodata._ZTIo) for typeinfo for unsigned __int128
    private_typeinfo.cpp.o(.rodata._ZTIDh) refers to private_typeinfo.cpp.o(.rodata._ZTVN10__cxxabiv123__fundamental_type_infoE) for vtable for __cxxabiv1::__fundamental_type_info
    private_typeinfo.cpp.o(.rodata._ZTIDh) refers to private_typeinfo.cpp.o(.rodata._ZTSDh) for typeinfo name for __fp16
    private_typeinfo.cpp.o(.rodata._ZTIPDh) refers to private_typeinfo.cpp.o(.rodata._ZTVN10__cxxabiv119__pointer_type_infoE) for vtable for __cxxabiv1::__pointer_type_info
    private_typeinfo.cpp.o(.rodata._ZTIPDh) refers to private_typeinfo.cpp.o(.rodata._ZTSPDh) for typeinfo name for __fp16*
    private_typeinfo.cpp.o(.rodata._ZTIPDh) refers to private_typeinfo.cpp.o(.rodata._ZTIDh) for typeinfo for __fp16
    private_typeinfo.cpp.o(.rodata._ZTIPKDh) refers to private_typeinfo.cpp.o(.rodata._ZTVN10__cxxabiv119__pointer_type_infoE) for vtable for __cxxabiv1::__pointer_type_info
    private_typeinfo.cpp.o(.rodata._ZTIPKDh) refers to private_typeinfo.cpp.o(.rodata._ZTSPKDh) for typeinfo name for const __fp16*
    private_typeinfo.cpp.o(.rodata._ZTIPKDh) refers to private_typeinfo.cpp.o(.rodata._ZTIDh) for typeinfo for __fp16
    private_typeinfo.cpp.o(.rodata._ZTIf) refers to private_typeinfo.cpp.o(.rodata._ZTVN10__cxxabiv123__fundamental_type_infoE) for vtable for __cxxabiv1::__fundamental_type_info
    private_typeinfo.cpp.o(.rodata._ZTIf) refers to private_typeinfo.cpp.o(.rodata._ZTSf) for typeinfo name for float
    private_typeinfo.cpp.o(.rodata._ZTIPf) refers to private_typeinfo.cpp.o(.rodata._ZTVN10__cxxabiv119__pointer_type_infoE) for vtable for __cxxabiv1::__pointer_type_info
    private_typeinfo.cpp.o(.rodata._ZTIPf) refers to private_typeinfo.cpp.o(.rodata._ZTSPf) for typeinfo name for float*
    private_typeinfo.cpp.o(.rodata._ZTIPf) refers to private_typeinfo.cpp.o(.rodata._ZTIf) for typeinfo for float
    private_typeinfo.cpp.o(.rodata._ZTIPKf) refers to private_typeinfo.cpp.o(.rodata._ZTVN10__cxxabiv119__pointer_type_infoE) for vtable for __cxxabiv1::__pointer_type_info
    private_typeinfo.cpp.o(.rodata._ZTIPKf) refers to private_typeinfo.cpp.o(.rodata._ZTSPKf) for typeinfo name for const float*
    private_typeinfo.cpp.o(.rodata._ZTIPKf) refers to private_typeinfo.cpp.o(.rodata._ZTIf) for typeinfo for float
    private_typeinfo.cpp.o(.rodata._ZTId) refers to private_typeinfo.cpp.o(.rodata._ZTVN10__cxxabiv123__fundamental_type_infoE) for vtable for __cxxabiv1::__fundamental_type_info
    private_typeinfo.cpp.o(.rodata._ZTId) refers to private_typeinfo.cpp.o(.rodata._ZTSd) for typeinfo name for double
    private_typeinfo.cpp.o(.rodata._ZTIPd) refers to private_typeinfo.cpp.o(.rodata._ZTVN10__cxxabiv119__pointer_type_infoE) for vtable for __cxxabiv1::__pointer_type_info
    private_typeinfo.cpp.o(.rodata._ZTIPd) refers to private_typeinfo.cpp.o(.rodata._ZTSPd) for typeinfo name for double*
    private_typeinfo.cpp.o(.rodata._ZTIPd) refers to private_typeinfo.cpp.o(.rodata._ZTId) for typeinfo for double
    private_typeinfo.cpp.o(.rodata._ZTIPKd) refers to private_typeinfo.cpp.o(.rodata._ZTVN10__cxxabiv119__pointer_type_infoE) for vtable for __cxxabiv1::__pointer_type_info
    private_typeinfo.cpp.o(.rodata._ZTIPKd) refers to private_typeinfo.cpp.o(.rodata._ZTSPKd) for typeinfo name for const double*
    private_typeinfo.cpp.o(.rodata._ZTIPKd) refers to private_typeinfo.cpp.o(.rodata._ZTId) for typeinfo for double
    private_typeinfo.cpp.o(.rodata._ZTIe) refers to private_typeinfo.cpp.o(.rodata._ZTVN10__cxxabiv123__fundamental_type_infoE) for vtable for __cxxabiv1::__fundamental_type_info
    private_typeinfo.cpp.o(.rodata._ZTIe) refers to private_typeinfo.cpp.o(.rodata._ZTSe) for typeinfo name for long double
    private_typeinfo.cpp.o(.rodata._ZTIPe) refers to private_typeinfo.cpp.o(.rodata._ZTVN10__cxxabiv119__pointer_type_infoE) for vtable for __cxxabiv1::__pointer_type_info
    private_typeinfo.cpp.o(.rodata._ZTIPe) refers to private_typeinfo.cpp.o(.rodata._ZTSPe) for typeinfo name for long double*
    private_typeinfo.cpp.o(.rodata._ZTIPe) refers to private_typeinfo.cpp.o(.rodata._ZTIe) for typeinfo for long double
    private_typeinfo.cpp.o(.rodata._ZTIPKe) refers to private_typeinfo.cpp.o(.rodata._ZTVN10__cxxabiv119__pointer_type_infoE) for vtable for __cxxabiv1::__pointer_type_info
    private_typeinfo.cpp.o(.rodata._ZTIPKe) refers to private_typeinfo.cpp.o(.rodata._ZTSPKe) for typeinfo name for const long double*
    private_typeinfo.cpp.o(.rodata._ZTIPKe) refers to private_typeinfo.cpp.o(.rodata._ZTIe) for typeinfo for long double
    private_typeinfo.cpp.o(.rodata._ZTIg) refers to private_typeinfo.cpp.o(.rodata._ZTVN10__cxxabiv123__fundamental_type_infoE) for vtable for __cxxabiv1::__fundamental_type_info
    private_typeinfo.cpp.o(.rodata._ZTIg) refers to private_typeinfo.cpp.o(.rodata._ZTSg) for _ZTSg
    private_typeinfo.cpp.o(.rodata._ZTIPg) refers to private_typeinfo.cpp.o(.rodata._ZTVN10__cxxabiv119__pointer_type_infoE) for vtable for __cxxabiv1::__pointer_type_info
    private_typeinfo.cpp.o(.rodata._ZTIPg) refers to private_typeinfo.cpp.o(.rodata._ZTSPg) for _ZTSPg
    private_typeinfo.cpp.o(.rodata._ZTIPg) refers to private_typeinfo.cpp.o(.rodata._ZTIg) for _ZTIg
    private_typeinfo.cpp.o(.rodata._ZTIPKg) refers to private_typeinfo.cpp.o(.rodata._ZTVN10__cxxabiv119__pointer_type_infoE) for vtable for __cxxabiv1::__pointer_type_info
    private_typeinfo.cpp.o(.rodata._ZTIPKg) refers to private_typeinfo.cpp.o(.rodata._ZTSPKg) for _ZTSPKg
    private_typeinfo.cpp.o(.rodata._ZTIPKg) refers to private_typeinfo.cpp.o(.rodata._ZTIg) for _ZTIg
    private_typeinfo.cpp.o(.rodata._ZTIDs) refers to private_typeinfo.cpp.o(.rodata._ZTVN10__cxxabiv123__fundamental_type_infoE) for vtable for __cxxabiv1::__fundamental_type_info
    private_typeinfo.cpp.o(.rodata._ZTIDs) refers to private_typeinfo.cpp.o(.rodata._ZTSDs) for typeinfo name for char16_t
    private_typeinfo.cpp.o(.rodata._ZTIPDs) refers to private_typeinfo.cpp.o(.rodata._ZTVN10__cxxabiv119__pointer_type_infoE) for vtable for __cxxabiv1::__pointer_type_info
    private_typeinfo.cpp.o(.rodata._ZTIPDs) refers to private_typeinfo.cpp.o(.rodata._ZTSPDs) for typeinfo name for char16_t*
    private_typeinfo.cpp.o(.rodata._ZTIPDs) refers to private_typeinfo.cpp.o(.rodata._ZTIDs) for typeinfo for char16_t
    private_typeinfo.cpp.o(.rodata._ZTIPKDs) refers to private_typeinfo.cpp.o(.rodata._ZTVN10__cxxabiv119__pointer_type_infoE) for vtable for __cxxabiv1::__pointer_type_info
    private_typeinfo.cpp.o(.rodata._ZTIPKDs) refers to private_typeinfo.cpp.o(.rodata._ZTSPKDs) for typeinfo name for const char16_t*
    private_typeinfo.cpp.o(.rodata._ZTIPKDs) refers to private_typeinfo.cpp.o(.rodata._ZTIDs) for typeinfo for char16_t
    private_typeinfo.cpp.o(.rodata._ZTIDi) refers to private_typeinfo.cpp.o(.rodata._ZTVN10__cxxabiv123__fundamental_type_infoE) for vtable for __cxxabiv1::__fundamental_type_info
    private_typeinfo.cpp.o(.rodata._ZTIDi) refers to private_typeinfo.cpp.o(.rodata._ZTSDi) for typeinfo name for char32_t
    private_typeinfo.cpp.o(.rodata._ZTIPDi) refers to private_typeinfo.cpp.o(.rodata._ZTVN10__cxxabiv119__pointer_type_infoE) for vtable for __cxxabiv1::__pointer_type_info
    private_typeinfo.cpp.o(.rodata._ZTIPDi) refers to private_typeinfo.cpp.o(.rodata._ZTSPDi) for typeinfo name for char32_t*
    private_typeinfo.cpp.o(.rodata._ZTIPDi) refers to private_typeinfo.cpp.o(.rodata._ZTIDi) for typeinfo for char32_t
    private_typeinfo.cpp.o(.rodata._ZTIPKDi) refers to private_typeinfo.cpp.o(.rodata._ZTVN10__cxxabiv119__pointer_type_infoE) for vtable for __cxxabiv1::__pointer_type_info
    private_typeinfo.cpp.o(.rodata._ZTIPKDi) refers to private_typeinfo.cpp.o(.rodata._ZTSPKDi) for typeinfo name for const char32_t*
    private_typeinfo.cpp.o(.rodata._ZTIPKDi) refers to private_typeinfo.cpp.o(.rodata._ZTIDi) for typeinfo for char32_t
    private_typeinfo.cpp.o(.rodata._ZTVN10__cxxabiv117__array_type_infoE) refers to private_typeinfo.cpp.o(.rodata._ZTIN10__cxxabiv117__array_type_infoE) for typeinfo for __cxxabiv1::__array_type_info
    private_typeinfo.cpp.o(.rodata._ZTVN10__cxxabiv117__array_type_infoE) refers to private_typeinfo.cpp.o(.text._ZN10__cxxabiv116__shim_type_infoD2Ev) for __cxxabiv1::__shim_type_info::~__shim_type_info__sub_object()
    private_typeinfo.cpp.o(.rodata._ZTVN10__cxxabiv117__array_type_infoE) refers to private_typeinfo.cpp.o(.text._ZN10__cxxabiv117__array_type_infoD0Ev) for __cxxabiv1::__array_type_info::~__array_type_info__deallocating()
    private_typeinfo.cpp.o(.rodata._ZTVN10__cxxabiv117__array_type_infoE) refers to private_typeinfo.cpp.o(.text._ZNK10__cxxabiv116__shim_type_info5noop1Ev) for __cxxabiv1::__shim_type_info::noop1() const
    private_typeinfo.cpp.o(.rodata._ZTVN10__cxxabiv117__array_type_infoE) refers to private_typeinfo.cpp.o(.text._ZNK10__cxxabiv116__shim_type_info5noop2Ev) for __cxxabiv1::__shim_type_info::noop2() const
    private_typeinfo.cpp.o(.rodata._ZTVN10__cxxabiv117__array_type_infoE) refers to private_typeinfo.cpp.o(.text._ZNK10__cxxabiv117__array_type_info9can_catchEPKNS_16__shim_type_infoERPv) for __cxxabiv1::__array_type_info::can_catch(const __cxxabiv1::__shim_type_info*, void*&) const
    private_typeinfo.cpp.o(.rodata._ZTIN10__cxxabiv117__array_type_infoE) refers to private_typeinfo.cpp.o(.rodata._ZTVN10__cxxabiv120__si_class_type_infoE) for vtable for __cxxabiv1::__si_class_type_info
    private_typeinfo.cpp.o(.rodata._ZTIN10__cxxabiv117__array_type_infoE) refers to private_typeinfo.cpp.o(.rodata._ZTSN10__cxxabiv117__array_type_infoE) for typeinfo name for __cxxabiv1::__array_type_info
    private_typeinfo.cpp.o(.rodata._ZTIN10__cxxabiv117__array_type_infoE) refers to private_typeinfo.cpp.o(.rodata._ZTIN10__cxxabiv116__shim_type_infoE) for typeinfo for __cxxabiv1::__shim_type_info
    private_typeinfo.cpp.o(.rodata._ZTVN10__cxxabiv120__function_type_infoE) refers to private_typeinfo.cpp.o(.rodata._ZTIN10__cxxabiv120__function_type_infoE) for typeinfo for __cxxabiv1::__function_type_info
    private_typeinfo.cpp.o(.rodata._ZTVN10__cxxabiv120__function_type_infoE) refers to private_typeinfo.cpp.o(.text._ZN10__cxxabiv116__shim_type_infoD2Ev) for __cxxabiv1::__shim_type_info::~__shim_type_info__sub_object()
    private_typeinfo.cpp.o(.rodata._ZTVN10__cxxabiv120__function_type_infoE) refers to private_typeinfo.cpp.o(.text._ZN10__cxxabiv120__function_type_infoD0Ev) for __cxxabiv1::__function_type_info::~__function_type_info__deallocating()
    private_typeinfo.cpp.o(.rodata._ZTVN10__cxxabiv120__function_type_infoE) refers to private_typeinfo.cpp.o(.text._ZNK10__cxxabiv116__shim_type_info5noop1Ev) for __cxxabiv1::__shim_type_info::noop1() const
    private_typeinfo.cpp.o(.rodata._ZTVN10__cxxabiv120__function_type_infoE) refers to private_typeinfo.cpp.o(.text._ZNK10__cxxabiv116__shim_type_info5noop2Ev) for __cxxabiv1::__shim_type_info::noop2() const
    private_typeinfo.cpp.o(.rodata._ZTVN10__cxxabiv120__function_type_infoE) refers to private_typeinfo.cpp.o(.text._ZNK10__cxxabiv120__function_type_info9can_catchEPKNS_16__shim_type_infoERPv) for __cxxabiv1::__function_type_info::can_catch(const __cxxabiv1::__shim_type_info*, void*&) const
    private_typeinfo.cpp.o(.rodata._ZTVN10__cxxabiv116__enum_type_infoE) refers to private_typeinfo.cpp.o(.rodata._ZTIN10__cxxabiv116__enum_type_infoE) for typeinfo for __cxxabiv1::__enum_type_info
    private_typeinfo.cpp.o(.rodata._ZTVN10__cxxabiv116__enum_type_infoE) refers to private_typeinfo.cpp.o(.text._ZN10__cxxabiv116__shim_type_infoD2Ev) for __cxxabiv1::__shim_type_info::~__shim_type_info__sub_object()
    private_typeinfo.cpp.o(.rodata._ZTVN10__cxxabiv116__enum_type_infoE) refers to private_typeinfo.cpp.o(.text._ZN10__cxxabiv116__enum_type_infoD0Ev) for __cxxabiv1::__enum_type_info::~__enum_type_info__deallocating()
    private_typeinfo.cpp.o(.rodata._ZTVN10__cxxabiv116__enum_type_infoE) refers to private_typeinfo.cpp.o(.text._ZNK10__cxxabiv116__shim_type_info5noop1Ev) for __cxxabiv1::__shim_type_info::noop1() const
    private_typeinfo.cpp.o(.rodata._ZTVN10__cxxabiv116__enum_type_infoE) refers to private_typeinfo.cpp.o(.text._ZNK10__cxxabiv116__shim_type_info5noop2Ev) for __cxxabiv1::__shim_type_info::noop2() const
    private_typeinfo.cpp.o(.rodata._ZTVN10__cxxabiv116__enum_type_infoE) refers to private_typeinfo.cpp.o(.text._ZNK10__cxxabiv116__enum_type_info9can_catchEPKNS_16__shim_type_infoERPv) for __cxxabiv1::__enum_type_info::can_catch(const __cxxabiv1::__shim_type_info*, void*&) const
    private_typeinfo.cpp.o(.rodata._ZTIN10__cxxabiv116__enum_type_infoE) refers to private_typeinfo.cpp.o(.rodata._ZTVN10__cxxabiv120__si_class_type_infoE) for vtable for __cxxabiv1::__si_class_type_info
    private_typeinfo.cpp.o(.rodata._ZTIN10__cxxabiv116__enum_type_infoE) refers to private_typeinfo.cpp.o(.rodata._ZTSN10__cxxabiv116__enum_type_infoE) for typeinfo name for __cxxabiv1::__enum_type_info
    private_typeinfo.cpp.o(.rodata._ZTIN10__cxxabiv116__enum_type_infoE) refers to private_typeinfo.cpp.o(.rodata._ZTIN10__cxxabiv116__shim_type_infoE) for typeinfo for __cxxabiv1::__shim_type_info
    private_typeinfo.cpp.o(.rodata._ZTVN10__cxxabiv117__class_type_infoE) refers to private_typeinfo.cpp.o(.rodata._ZTIN10__cxxabiv117__class_type_infoE) for typeinfo for __cxxabiv1::__class_type_info
    private_typeinfo.cpp.o(.rodata._ZTVN10__cxxabiv117__class_type_infoE) refers to private_typeinfo.cpp.o(.text._ZN10__cxxabiv116__shim_type_infoD2Ev) for __cxxabiv1::__shim_type_info::~__shim_type_info__sub_object()
    private_typeinfo.cpp.o(.rodata._ZTVN10__cxxabiv117__class_type_infoE) refers to private_typeinfo.cpp.o(.text._ZN10__cxxabiv117__class_type_infoD0Ev) for __cxxabiv1::__class_type_info::~__class_type_info__deallocating()
    private_typeinfo.cpp.o(.rodata._ZTVN10__cxxabiv117__class_type_infoE) refers to private_typeinfo.cpp.o(.text._ZNK10__cxxabiv116__shim_type_info5noop1Ev) for __cxxabiv1::__shim_type_info::noop1() const
    private_typeinfo.cpp.o(.rodata._ZTVN10__cxxabiv117__class_type_infoE) refers to private_typeinfo.cpp.o(.text._ZNK10__cxxabiv116__shim_type_info5noop2Ev) for __cxxabiv1::__shim_type_info::noop2() const
    private_typeinfo.cpp.o(.rodata._ZTVN10__cxxabiv117__class_type_infoE) refers to private_typeinfo.cpp.o(.text._ZNK10__cxxabiv117__class_type_info9can_catchEPKNS_16__shim_type_infoERPv) for __cxxabiv1::__class_type_info::can_catch(const __cxxabiv1::__shim_type_info*, void*&) const
    private_typeinfo.cpp.o(.rodata._ZTVN10__cxxabiv117__class_type_infoE) refers to private_typeinfo.cpp.o(.text._ZNK10__cxxabiv117__class_type_info16search_above_dstEPNS_19__dynamic_cast_infoEPKvS4_ib) for __cxxabiv1::__class_type_info::search_above_dst(__cxxabiv1::__dynamic_cast_info*, const void*, const void*, int, bool) const
    private_typeinfo.cpp.o(.rodata._ZTVN10__cxxabiv117__class_type_infoE) refers to private_typeinfo.cpp.o(.text._ZNK10__cxxabiv117__class_type_info16search_below_dstEPNS_19__dynamic_cast_infoEPKvib) for __cxxabiv1::__class_type_info::search_below_dst(__cxxabiv1::__dynamic_cast_info*, const void*, int, bool) const
    private_typeinfo.cpp.o(.rodata._ZTVN10__cxxabiv117__class_type_infoE) refers to private_typeinfo.cpp.o(.text._ZNK10__cxxabiv117__class_type_info27has_unambiguous_public_baseEPNS_19__dynamic_cast_infoEPvi) for __cxxabiv1::__class_type_info::has_unambiguous_public_base(__cxxabiv1::__dynamic_cast_info*, void*, int) const
    private_typeinfo.cpp.o(.rodata._ZTVN10__cxxabiv120__si_class_type_infoE) refers to private_typeinfo.cpp.o(.rodata._ZTIN10__cxxabiv120__si_class_type_infoE) for typeinfo for __cxxabiv1::__si_class_type_info
    private_typeinfo.cpp.o(.rodata._ZTVN10__cxxabiv120__si_class_type_infoE) refers to private_typeinfo.cpp.o(.text._ZN10__cxxabiv116__shim_type_infoD2Ev) for __cxxabiv1::__shim_type_info::~__shim_type_info__sub_object()
    private_typeinfo.cpp.o(.rodata._ZTVN10__cxxabiv120__si_class_type_infoE) refers to private_typeinfo.cpp.o(.text._ZN10__cxxabiv120__si_class_type_infoD0Ev) for __cxxabiv1::__si_class_type_info::~__si_class_type_info__deallocating()
    private_typeinfo.cpp.o(.rodata._ZTVN10__cxxabiv120__si_class_type_infoE) refers to private_typeinfo.cpp.o(.text._ZNK10__cxxabiv116__shim_type_info5noop1Ev) for __cxxabiv1::__shim_type_info::noop1() const
    private_typeinfo.cpp.o(.rodata._ZTVN10__cxxabiv120__si_class_type_infoE) refers to private_typeinfo.cpp.o(.text._ZNK10__cxxabiv116__shim_type_info5noop2Ev) for __cxxabiv1::__shim_type_info::noop2() const
    private_typeinfo.cpp.o(.rodata._ZTVN10__cxxabiv120__si_class_type_infoE) refers to private_typeinfo.cpp.o(.text._ZNK10__cxxabiv117__class_type_info9can_catchEPKNS_16__shim_type_infoERPv) for __cxxabiv1::__class_type_info::can_catch(const __cxxabiv1::__shim_type_info*, void*&) const
    private_typeinfo.cpp.o(.rodata._ZTVN10__cxxabiv120__si_class_type_infoE) refers to private_typeinfo.cpp.o(.text._ZNK10__cxxabiv120__si_class_type_info16search_above_dstEPNS_19__dynamic_cast_infoEPKvS4_ib) for __cxxabiv1::__si_class_type_info::search_above_dst(__cxxabiv1::__dynamic_cast_info*, const void*, const void*, int, bool) const
    private_typeinfo.cpp.o(.rodata._ZTVN10__cxxabiv120__si_class_type_infoE) refers to private_typeinfo.cpp.o(.text._ZNK10__cxxabiv120__si_class_type_info16search_below_dstEPNS_19__dynamic_cast_infoEPKvib) for __cxxabiv1::__si_class_type_info::search_below_dst(__cxxabiv1::__dynamic_cast_info*, const void*, int, bool) const
    private_typeinfo.cpp.o(.rodata._ZTVN10__cxxabiv120__si_class_type_infoE) refers to private_typeinfo.cpp.o(.text._ZNK10__cxxabiv120__si_class_type_info27has_unambiguous_public_baseEPNS_19__dynamic_cast_infoEPvi) for __cxxabiv1::__si_class_type_info::has_unambiguous_public_base(__cxxabiv1::__dynamic_cast_info*, void*, int) const
    private_typeinfo.cpp.o(.rodata._ZTIN10__cxxabiv120__si_class_type_infoE) refers to private_typeinfo.cpp.o(.rodata._ZTVN10__cxxabiv120__si_class_type_infoE) for vtable for __cxxabiv1::__si_class_type_info
    private_typeinfo.cpp.o(.rodata._ZTIN10__cxxabiv120__si_class_type_infoE) refers to private_typeinfo.cpp.o(.rodata._ZTSN10__cxxabiv120__si_class_type_infoE) for typeinfo name for __cxxabiv1::__si_class_type_info
    private_typeinfo.cpp.o(.rodata._ZTIN10__cxxabiv120__si_class_type_infoE) refers to private_typeinfo.cpp.o(.rodata._ZTIN10__cxxabiv117__class_type_infoE) for typeinfo for __cxxabiv1::__class_type_info
    private_typeinfo.cpp.o(.rodata._ZTVN10__cxxabiv121__vmi_class_type_infoE) refers to private_typeinfo.cpp.o(.rodata._ZTIN10__cxxabiv121__vmi_class_type_infoE) for typeinfo for __cxxabiv1::__vmi_class_type_info
    private_typeinfo.cpp.o(.rodata._ZTVN10__cxxabiv121__vmi_class_type_infoE) refers to private_typeinfo.cpp.o(.text._ZN10__cxxabiv116__shim_type_infoD2Ev) for __cxxabiv1::__shim_type_info::~__shim_type_info__sub_object()
    private_typeinfo.cpp.o(.rodata._ZTVN10__cxxabiv121__vmi_class_type_infoE) refers to private_typeinfo.cpp.o(.text._ZN10__cxxabiv121__vmi_class_type_infoD0Ev) for __cxxabiv1::__vmi_class_type_info::~__vmi_class_type_info__deallocating()
    private_typeinfo.cpp.o(.rodata._ZTVN10__cxxabiv121__vmi_class_type_infoE) refers to private_typeinfo.cpp.o(.text._ZNK10__cxxabiv116__shim_type_info5noop1Ev) for __cxxabiv1::__shim_type_info::noop1() const
    private_typeinfo.cpp.o(.rodata._ZTVN10__cxxabiv121__vmi_class_type_infoE) refers to private_typeinfo.cpp.o(.text._ZNK10__cxxabiv116__shim_type_info5noop2Ev) for __cxxabiv1::__shim_type_info::noop2() const
    private_typeinfo.cpp.o(.rodata._ZTVN10__cxxabiv121__vmi_class_type_infoE) refers to private_typeinfo.cpp.o(.text._ZNK10__cxxabiv117__class_type_info9can_catchEPKNS_16__shim_type_infoERPv) for __cxxabiv1::__class_type_info::can_catch(const __cxxabiv1::__shim_type_info*, void*&) const
    private_typeinfo.cpp.o(.rodata._ZTVN10__cxxabiv121__vmi_class_type_infoE) refers to private_typeinfo.cpp.o(.text._ZNK10__cxxabiv121__vmi_class_type_info16search_above_dstEPNS_19__dynamic_cast_infoEPKvS4_ib) for __cxxabiv1::__vmi_class_type_info::search_above_dst(__cxxabiv1::__dynamic_cast_info*, const void*, const void*, int, bool) const
    private_typeinfo.cpp.o(.rodata._ZTVN10__cxxabiv121__vmi_class_type_infoE) refers to private_typeinfo.cpp.o(.text._ZNK10__cxxabiv121__vmi_class_type_info16search_below_dstEPNS_19__dynamic_cast_infoEPKvib) for __cxxabiv1::__vmi_class_type_info::search_below_dst(__cxxabiv1::__dynamic_cast_info*, const void*, int, bool) const
    private_typeinfo.cpp.o(.rodata._ZTVN10__cxxabiv121__vmi_class_type_infoE) refers to private_typeinfo.cpp.o(.text._ZNK10__cxxabiv121__vmi_class_type_info27has_unambiguous_public_baseEPNS_19__dynamic_cast_infoEPvi) for __cxxabiv1::__vmi_class_type_info::has_unambiguous_public_base(__cxxabiv1::__dynamic_cast_info*, void*, int) const
    private_typeinfo.cpp.o(.rodata._ZTIN10__cxxabiv121__vmi_class_type_infoE) refers to private_typeinfo.cpp.o(.rodata._ZTVN10__cxxabiv120__si_class_type_infoE) for vtable for __cxxabiv1::__si_class_type_info
    private_typeinfo.cpp.o(.rodata._ZTIN10__cxxabiv121__vmi_class_type_infoE) refers to private_typeinfo.cpp.o(.rodata._ZTSN10__cxxabiv121__vmi_class_type_infoE) for typeinfo name for __cxxabiv1::__vmi_class_type_info
    private_typeinfo.cpp.o(.rodata._ZTIN10__cxxabiv121__vmi_class_type_infoE) refers to private_typeinfo.cpp.o(.rodata._ZTIN10__cxxabiv117__class_type_infoE) for typeinfo for __cxxabiv1::__class_type_info
    private_typeinfo.cpp.o(.rodata._ZTVN10__cxxabiv117__pbase_type_infoE) refers to private_typeinfo.cpp.o(.rodata._ZTIN10__cxxabiv117__pbase_type_infoE) for typeinfo for __cxxabiv1::__pbase_type_info
    private_typeinfo.cpp.o(.rodata._ZTVN10__cxxabiv117__pbase_type_infoE) refers to private_typeinfo.cpp.o(.text._ZN10__cxxabiv116__shim_type_infoD2Ev) for __cxxabiv1::__shim_type_info::~__shim_type_info__sub_object()
    private_typeinfo.cpp.o(.rodata._ZTVN10__cxxabiv117__pbase_type_infoE) refers to private_typeinfo.cpp.o(.text._ZN10__cxxabiv117__pbase_type_infoD0Ev) for __cxxabiv1::__pbase_type_info::~__pbase_type_info__deallocating()
    private_typeinfo.cpp.o(.rodata._ZTVN10__cxxabiv117__pbase_type_infoE) refers to private_typeinfo.cpp.o(.text._ZNK10__cxxabiv116__shim_type_info5noop1Ev) for __cxxabiv1::__shim_type_info::noop1() const
    private_typeinfo.cpp.o(.rodata._ZTVN10__cxxabiv117__pbase_type_infoE) refers to private_typeinfo.cpp.o(.text._ZNK10__cxxabiv116__shim_type_info5noop2Ev) for __cxxabiv1::__shim_type_info::noop2() const
    private_typeinfo.cpp.o(.rodata._ZTVN10__cxxabiv117__pbase_type_infoE) refers to private_typeinfo.cpp.o(.text._ZNK10__cxxabiv117__pbase_type_info9can_catchEPKNS_16__shim_type_infoERPv) for __cxxabiv1::__pbase_type_info::can_catch(const __cxxabiv1::__shim_type_info*, void*&) const
    private_typeinfo.cpp.o(.rodata._ZTVN10__cxxabiv119__pointer_type_infoE) refers to private_typeinfo.cpp.o(.rodata._ZTIN10__cxxabiv119__pointer_type_infoE) for typeinfo for __cxxabiv1::__pointer_type_info
    private_typeinfo.cpp.o(.rodata._ZTVN10__cxxabiv119__pointer_type_infoE) refers to private_typeinfo.cpp.o(.text._ZN10__cxxabiv116__shim_type_infoD2Ev) for __cxxabiv1::__shim_type_info::~__shim_type_info__sub_object()
    private_typeinfo.cpp.o(.rodata._ZTVN10__cxxabiv119__pointer_type_infoE) refers to private_typeinfo.cpp.o(.text._ZN10__cxxabiv119__pointer_type_infoD0Ev) for __cxxabiv1::__pointer_type_info::~__pointer_type_info__deallocating()
    private_typeinfo.cpp.o(.rodata._ZTVN10__cxxabiv119__pointer_type_infoE) refers to private_typeinfo.cpp.o(.text._ZNK10__cxxabiv116__shim_type_info5noop1Ev) for __cxxabiv1::__shim_type_info::noop1() const
    private_typeinfo.cpp.o(.rodata._ZTVN10__cxxabiv119__pointer_type_infoE) refers to private_typeinfo.cpp.o(.text._ZNK10__cxxabiv116__shim_type_info5noop2Ev) for __cxxabiv1::__shim_type_info::noop2() const
    private_typeinfo.cpp.o(.rodata._ZTVN10__cxxabiv119__pointer_type_infoE) refers to private_typeinfo.cpp.o(.text._ZNK10__cxxabiv119__pointer_type_info9can_catchEPKNS_16__shim_type_infoERPv) for __cxxabiv1::__pointer_type_info::can_catch(const __cxxabiv1::__shim_type_info*, void*&) const
    private_typeinfo.cpp.o(.rodata._ZTVN10__cxxabiv129__pointer_to_member_type_infoE) refers to private_typeinfo.cpp.o(.rodata._ZTIN10__cxxabiv129__pointer_to_member_type_infoE) for typeinfo for __cxxabiv1::__pointer_to_member_type_info
    private_typeinfo.cpp.o(.rodata._ZTVN10__cxxabiv129__pointer_to_member_type_infoE) refers to private_typeinfo.cpp.o(.text._ZN10__cxxabiv116__shim_type_infoD2Ev) for __cxxabiv1::__shim_type_info::~__shim_type_info__sub_object()
    private_typeinfo.cpp.o(.rodata._ZTVN10__cxxabiv129__pointer_to_member_type_infoE) refers to private_typeinfo.cpp.o(.text._ZN10__cxxabiv129__pointer_to_member_type_infoD0Ev) for __cxxabiv1::__pointer_to_member_type_info::~__pointer_to_member_type_info__deallocating()
    private_typeinfo.cpp.o(.rodata._ZTVN10__cxxabiv129__pointer_to_member_type_infoE) refers to private_typeinfo.cpp.o(.text._ZNK10__cxxabiv116__shim_type_info5noop1Ev) for __cxxabiv1::__shim_type_info::noop1() const
    private_typeinfo.cpp.o(.rodata._ZTVN10__cxxabiv129__pointer_to_member_type_infoE) refers to private_typeinfo.cpp.o(.text._ZNK10__cxxabiv116__shim_type_info5noop2Ev) for __cxxabiv1::__shim_type_info::noop2() const
    private_typeinfo.cpp.o(.rodata._ZTVN10__cxxabiv129__pointer_to_member_type_infoE) refers to private_typeinfo.cpp.o(.text._ZNK10__cxxabiv129__pointer_to_member_type_info9can_catchEPKNS_16__shim_type_infoERPv) for __cxxabiv1::__pointer_to_member_type_info::can_catch(const __cxxabiv1::__shim_type_info*, void*&) const
    fpclassify.o(i.__ARM_fpclassify) refers (Special) to usenofp.o(x$fpl$usenofp) for __I$use$fp
    sys_stackheap_outer.o(.text) refers to libspace.o(.text) for __user_perproc_libspace
    sys_stackheap_outer.o(.text) refers to startup_xmc4700.o(.text) for __user_initial_stackheap
    rt_raise.o(.text) refers to __raise.o(.text) for __raise
    rt_raise.o(.text) refers to sys_exit.o(.text) for _sys_exit
    calloc.o(.text) refers to h1_alloc.o(.text) for malloc
    calloc.o(.text) refers to rt_memclr.o(.text) for __aeabi_memclr
    term_alloc.o(.text) refers (Special) to libshutdown2.o(.ARM.Collect$$libshutdown$$0000000E) for __rt_lib_shutdown_heap_2
    term_alloc.o(.text) refers to rt_heap_descriptor_intlibspace.o(.text) for __rt_heap_descriptor
    term_alloc.o(.text) refers to h1_final.o(.text) for __Heap_Finalize
    scanf_fp.o(.text) refers (Special) to usenofp.o(x$fpl$usenofp) for __I$use$fp
    scanf_fp.o(.text) refers (Special) to lc_numeric_c.o(locale$$code) for _get_lc_numeric
    scanf_fp.o(.text) refers to rt_errno_addr_intlibspace.o(.text) for __aeabi_errno_addr
    scanf_fp.o(.text) refers to istatus.o(x$fpl$ieeestatus) for __ieee_status
    scanf_fp.o(.text) refers to bigflt0.o(.text) for _btod_etento
    scanf_fp.o(.text) refers to btod.o(CL$$btod_emuld) for _btod_emuld
    scanf_fp.o(.text) refers to btod.o(CL$$btod_edivd) for _btod_edivd
    scanf_fp.o(.text) refers to rt_locale_intlibspace.o(.text) for __rt_locale
    scanf_fp.o(.text) refers to scanf2.o(x$fpl$scanf2) for _scanf_infnan
    scanf_fp.o(.text) refers to __printf_wp.o(i._is_digit) for _is_digit
    scanf_fp.o(.text) refers to fpconst.o(c$$dmax) for __dbl_max
    scanf_fp.o(.text) refers to fpconst.o(c$$dinf) for __huge_val
    scanf_fp.o(.text) refers to narrow.o(i.__mathlib_narrow) for __mathlib_narrow
    exit.o(.text) refers to rtexit.o(.ARM.Collect$$rtexit$$00000000) for __rt_exit
    defsig_exit.o(.text) refers to sys_exit.o(.text) for _sys_exit
    defsig_abrt_inner.o(.text) refers to defsig_general.o(.text) for __default_signal_display
    defsig_rtmem_inner.o(.text) refers to defsig_general.o(.text) for __default_signal_display
    _get_argv_nomalloc.o(.text) refers (Special) to hrguard.o(.text) for __heap_region$guard
    _get_argv_nomalloc.o(.text) refers to defsig_rtmem_outer.o(.text) for __rt_SIGRTMEM
    _get_argv_nomalloc.o(.text) refers to sys_command.o(.text) for _sys_command_string
    libinit.o(.ARM.Collect$$libinit$$00000000) refers (Special) to libinit2.o(.ARM.Collect$$libinit$$0000002E) for __rt_lib_init_alloca_1
    libinit.o(.ARM.Collect$$libinit$$00000000) refers (Special) to libinit2.o(.ARM.Collect$$libinit$$0000002C) for __rt_lib_init_argv_1
    libinit.o(.ARM.Collect$$libinit$$00000000) refers (Special) to libinit2.o(.ARM.Collect$$libinit$$0000001B) for __rt_lib_init_atexit_1
    libinit.o(.ARM.Collect$$libinit$$00000000) refers (Special) to libinit2.o(.ARM.Collect$$libinit$$00000021) for __rt_lib_init_clock_1
    libinit.o(.ARM.Collect$$libinit$$00000000) refers (Special) to libinit2.o(.ARM.Collect$$libinit$$00000032) for __rt_lib_init_cpp_1
    libinit.o(.ARM.Collect$$libinit$$00000000) refers (Special) to libinit2.o(.ARM.Collect$$libinit$$00000030) for __rt_lib_init_exceptions_1
    libinit.o(.ARM.Collect$$libinit$$00000000) refers (Special) to libinit2.o(.ARM.Collect$$libinit$$00000001) for __rt_lib_init_fp_1
    libinit.o(.ARM.Collect$$libinit$$00000000) refers (Special) to libinit2.o(.ARM.Collect$$libinit$$0000001F) for __rt_lib_init_fp_trap_1
    libinit.o(.ARM.Collect$$libinit$$00000000) refers (Special) to libinit2.o(.ARM.Collect$$libinit$$00000023) for __rt_lib_init_getenv_1
    libinit.o(.ARM.Collect$$libinit$$00000000) refers (Special) to libinit2.o(.ARM.Collect$$libinit$$0000000A) for __rt_lib_init_heap_1
    libinit.o(.ARM.Collect$$libinit$$00000000) refers (Special) to libinit2.o(.ARM.Collect$$libinit$$00000011) for __rt_lib_init_lc_collate_1
    libinit.o(.ARM.Collect$$libinit$$00000000) refers (Special) to libinit2.o(.ARM.Collect$$libinit$$00000013) for __rt_lib_init_lc_ctype_1
    libinit.o(.ARM.Collect$$libinit$$00000000) refers (Special) to libinit2.o(.ARM.Collect$$libinit$$00000015) for __rt_lib_init_lc_monetary_1
    libinit.o(.ARM.Collect$$libinit$$00000000) refers (Special) to libinit2.o(.ARM.Collect$$libinit$$00000017) for __rt_lib_init_lc_numeric_1
    libinit.o(.ARM.Collect$$libinit$$00000000) refers (Special) to libinit2.o(.ARM.Collect$$libinit$$00000019) for __rt_lib_init_lc_time_1
    libinit.o(.ARM.Collect$$libinit$$00000000) refers (Special) to libinit2.o(.ARM.Collect$$libinit$$00000004) for __rt_lib_init_preinit_1
    libinit.o(.ARM.Collect$$libinit$$00000000) refers (Special) to libinit2.o(.ARM.Collect$$libinit$$0000000E) for __rt_lib_init_rand_1
    libinit.o(.ARM.Collect$$libinit$$00000000) refers (Special) to libinit2.o(.ARM.Collect$$libinit$$00000033) for __rt_lib_init_return
    libinit.o(.ARM.Collect$$libinit$$00000000) refers (Special) to libinit2.o(.ARM.Collect$$libinit$$0000001D) for __rt_lib_init_signal_1
    libinit.o(.ARM.Collect$$libinit$$00000000) refers (Special) to libinit2.o(.ARM.Collect$$libinit$$00000025) for __rt_lib_init_stdio_1
    libinit.o(.ARM.Collect$$libinit$$00000000) refers (Special) to libinit2.o(.ARM.Collect$$libinit$$0000000C) for __rt_lib_init_user_alloc_1
    stdlib_typeinfo.cpp.o(.ARM.exidx.text._ZNSt9type_infoD2Ev) refers to stdlib_typeinfo.cpp.o(.text._ZNSt9type_infoD2Ev) for [Anonymous Symbol]
    stdlib_typeinfo.cpp.o(.text._ZNSt9type_infoD0Ev) refers to new.o(.text._ZdlPv) for operator delete (void*)
    stdlib_typeinfo.cpp.o(.ARM.exidx.text._ZNSt9type_infoD0Ev) refers to stdlib_typeinfo.cpp.o(.text._ZNSt9type_infoD0Ev) for [Anonymous Symbol]
    stdlib_typeinfo.cpp.o(.text._ZNSt8bad_castC2Ev) refers to stdlib_typeinfo.cpp.o(.rodata._ZTVSt8bad_cast) for vtable for std::bad_cast
    stdlib_typeinfo.cpp.o(.ARM.exidx.text._ZNSt8bad_castC2Ev) refers to stdlib_typeinfo.cpp.o(.text._ZNSt8bad_castC2Ev) for [Anonymous Symbol]
    stdlib_typeinfo.cpp.o(.text._ZNSt8bad_castD2Ev) refers to stdlib_exception.cpp.o(.text._ZNSt9exceptionD2Ev) for std::exception::~exception__sub_object()
    stdlib_typeinfo.cpp.o(.ARM.exidx.text._ZNSt8bad_castD2Ev) refers to stdlib_typeinfo.cpp.o(.text._ZNSt8bad_castD2Ev) for [Anonymous Symbol]
    stdlib_typeinfo.cpp.o(.text._ZNSt8bad_castD0Ev) refers to new.o(.text._ZdlPv) for operator delete (void*)
    stdlib_typeinfo.cpp.o(.ARM.exidx.text._ZNSt8bad_castD0Ev) refers to stdlib_typeinfo.cpp.o(.text._ZNSt8bad_castD0Ev) for [Anonymous Symbol]
    stdlib_typeinfo.cpp.o(.ARM.exidx.text._ZNKSt8bad_cast4whatEv) refers to stdlib_typeinfo.cpp.o(.text._ZNKSt8bad_cast4whatEv) for [Anonymous Symbol]
    stdlib_typeinfo.cpp.o(.text._ZNSt10bad_typeidC2Ev) refers to stdlib_typeinfo.cpp.o(.rodata._ZTVSt10bad_typeid) for vtable for std::bad_typeid
    stdlib_typeinfo.cpp.o(.ARM.exidx.text._ZNSt10bad_typeidC2Ev) refers to stdlib_typeinfo.cpp.o(.text._ZNSt10bad_typeidC2Ev) for [Anonymous Symbol]
    stdlib_typeinfo.cpp.o(.text._ZNSt10bad_typeidD2Ev) refers to stdlib_exception.cpp.o(.text._ZNSt9exceptionD2Ev) for std::exception::~exception__sub_object()
    stdlib_typeinfo.cpp.o(.ARM.exidx.text._ZNSt10bad_typeidD2Ev) refers to stdlib_typeinfo.cpp.o(.text._ZNSt10bad_typeidD2Ev) for [Anonymous Symbol]
    stdlib_typeinfo.cpp.o(.text._ZNSt10bad_typeidD0Ev) refers to new.o(.text._ZdlPv) for operator delete (void*)
    stdlib_typeinfo.cpp.o(.ARM.exidx.text._ZNSt10bad_typeidD0Ev) refers to stdlib_typeinfo.cpp.o(.text._ZNSt10bad_typeidD0Ev) for [Anonymous Symbol]
    stdlib_typeinfo.cpp.o(.ARM.exidx.text._ZNKSt10bad_typeid4whatEv) refers to stdlib_typeinfo.cpp.o(.text._ZNKSt10bad_typeid4whatEv) for [Anonymous Symbol]
    stdlib_typeinfo.cpp.o(.rodata._ZTVSt8bad_cast) refers to stdlib_typeinfo.cpp.o(.rodata._ZTISt8bad_cast) for typeinfo for std::bad_cast
    stdlib_typeinfo.cpp.o(.rodata._ZTVSt8bad_cast) refers to stdlib_typeinfo.cpp.o(.text._ZNSt8bad_castD2Ev) for std::bad_cast::~bad_cast__sub_object()
    stdlib_typeinfo.cpp.o(.rodata._ZTVSt8bad_cast) refers to stdlib_typeinfo.cpp.o(.text._ZNSt8bad_castD0Ev) for std::bad_cast::~bad_cast__deallocating()
    stdlib_typeinfo.cpp.o(.rodata._ZTVSt8bad_cast) refers to stdlib_typeinfo.cpp.o(.text._ZNKSt8bad_cast4whatEv) for std::bad_cast::what() const
    stdlib_typeinfo.cpp.o(.rodata._ZTVSt10bad_typeid) refers to stdlib_typeinfo.cpp.o(.rodata._ZTISt10bad_typeid) for typeinfo for std::bad_typeid
    stdlib_typeinfo.cpp.o(.rodata._ZTVSt10bad_typeid) refers to stdlib_typeinfo.cpp.o(.text._ZNSt10bad_typeidD2Ev) for std::bad_typeid::~bad_typeid__sub_object()
    stdlib_typeinfo.cpp.o(.rodata._ZTVSt10bad_typeid) refers to stdlib_typeinfo.cpp.o(.text._ZNSt10bad_typeidD0Ev) for std::bad_typeid::~bad_typeid__deallocating()
    stdlib_typeinfo.cpp.o(.rodata._ZTVSt10bad_typeid) refers to stdlib_typeinfo.cpp.o(.text._ZNKSt10bad_typeid4whatEv) for std::bad_typeid::what() const
    stdlib_typeinfo.cpp.o(.rodata._ZTVSt9type_info) refers to stdlib_typeinfo.cpp.o(.rodata._ZTISt9type_info) for typeinfo for std::type_info
    stdlib_typeinfo.cpp.o(.rodata._ZTVSt9type_info) refers to stdlib_typeinfo.cpp.o(.text._ZNSt9type_infoD2Ev) for std::type_info::~type_info__sub_object()
    stdlib_typeinfo.cpp.o(.rodata._ZTVSt9type_info) refers to stdlib_typeinfo.cpp.o(.text._ZNSt9type_infoD0Ev) for std::type_info::~type_info__deallocating()
    stdlib_typeinfo.cpp.o(.rodata._ZTISt9type_info) refers to private_typeinfo.cpp.o(.rodata._ZTVN10__cxxabiv117__class_type_infoE) for vtable for __cxxabiv1::__class_type_info
    stdlib_typeinfo.cpp.o(.rodata._ZTISt9type_info) refers to stdlib_typeinfo.cpp.o(.rodata._ZTSSt9type_info) for typeinfo name for std::type_info
    stdlib_typeinfo.cpp.o(.rodata._ZTISt8bad_cast) refers to private_typeinfo.cpp.o(.rodata._ZTVN10__cxxabiv120__si_class_type_infoE) for vtable for __cxxabiv1::__si_class_type_info
    stdlib_typeinfo.cpp.o(.rodata._ZTISt8bad_cast) refers to stdlib_typeinfo.cpp.o(.rodata._ZTSSt8bad_cast) for typeinfo name for std::bad_cast
    stdlib_typeinfo.cpp.o(.rodata._ZTISt8bad_cast) refers to stdlib_exception.cpp.o(.rodata._ZTISt9exception) for typeinfo for std::exception
    stdlib_typeinfo.cpp.o(.rodata._ZTISt10bad_typeid) refers to private_typeinfo.cpp.o(.rodata._ZTVN10__cxxabiv120__si_class_type_infoE) for vtable for __cxxabiv1::__si_class_type_info
    stdlib_typeinfo.cpp.o(.rodata._ZTISt10bad_typeid) refers to stdlib_typeinfo.cpp.o(.rodata._ZTSSt10bad_typeid) for typeinfo name for std::bad_typeid
    stdlib_typeinfo.cpp.o(.rodata._ZTISt10bad_typeid) refers to stdlib_exception.cpp.o(.rodata._ZTISt9exception) for typeinfo for std::exception
    rtexit.o(.ARM.Collect$$rtexit$$00000000) refers (Special) to rtexit2.o(.ARM.Collect$$rtexit$$00000004) for __rt_exit_exit
    rtexit.o(.ARM.Collect$$rtexit$$00000000) refers (Special) to rtexit2.o(.ARM.Collect$$rtexit$$00000003) for __rt_exit_ls
    rtexit.o(.ARM.Collect$$rtexit$$00000000) refers (Special) to rtexit2.o(.ARM.Collect$$rtexit$$00000002) for __rt_exit_prels_1
    rtexit.o(.ARM.exidx) refers (Special) to rtexit2.o(.ARM.Collect$$rtexit$$00000004) for __rt_exit_exit
    rtexit.o(.ARM.exidx) refers (Special) to rtexit2.o(.ARM.Collect$$rtexit$$00000003) for __rt_exit_ls
    rtexit.o(.ARM.exidx) refers (Special) to rtexit2.o(.ARM.Collect$$rtexit$$00000002) for __rt_exit_prels_1
    rtexit.o(.ARM.exidx) refers to rtexit.o(.ARM.Collect$$rtexit$$00000000) for .ARM.Collect$$rtexit$$00000000
    __raise.o(.text) refers to defsig.o(CL$$defsig) for __default_signal_handler
    defsig_general.o(.text) refers to sys_wrch.o(.text) for _ttywrch
    libshutdown2.o(.ARM.Collect$$libshutdown$$0000000D) refers (Weak) to term_alloc.o(.text) for _terminate_alloc
    fpconst.o(c$$dinf) refers (Special) to usenofp.o(x$fpl$usenofp) for __I$use$fp
    fpconst.o(c$$dnan) refers (Special) to usenofp.o(x$fpl$usenofp) for __I$use$fp
    fpconst.o(c$$finf) refers (Special) to usenofp.o(x$fpl$usenofp) for __I$use$fp
    fpconst.o(c$$dmax) refers (Special) to usenofp.o(x$fpl$usenofp) for __I$use$fp
    scanf2.o(x$fpl$scanf2) refers to scanf_hexfp.o(.text) for _scanf_really_hex_real
    scanf2.o(x$fpl$scanf2) refers to scanf_infnan.o(.text) for _scanf_really_infnan
    scanf2b.o(x$fpl$scanf2) refers to scanf_hexfp.o(.text) for _scanf_really_hex_real
    scanf2b.o(x$fpl$scanf2) refers to scanf_infnan.o(.text) for _scanf_really_infnan
    narrow.o(i.__hardfp___mathlib_tofloat) refers (Special) to usenofp.o(x$fpl$usenofp) for __I$use$fp
    narrow.o(i.__hardfp___mathlib_tofloat) refers to frexp.o(i.frexp) for frexp
    narrow.o(i.__hardfp___mathlib_tofloat) refers to deqf.o(x$fpl$deqf) for __aeabi_cdcmpeq
    narrow.o(i.__hardfp___mathlib_tofloat) refers to d2f.o(x$fpl$d2f) for __aeabi_d2f
    narrow.o(i.__hardfp___mathlib_tofloat) refers to _rserrno.o(.text) for __set_errno
    narrow.o(i.__hardfp___mathlib_tofloat) refers to drleqf.o(x$fpl$drleqf) for __aeabi_cdrcmple
    narrow.o(i.__mathlib_narrow) refers (Special) to usenofp.o(x$fpl$usenofp) for __I$use$fp
    narrow.o(i.__mathlib_narrow) refers to narrow.o(i.__hardfp___mathlib_tofloat) for __hardfp___mathlib_tofloat
    narrow.o(i.__mathlib_tofloat) refers (Special) to usenofp.o(x$fpl$usenofp) for __I$use$fp
    narrow.o(i.__mathlib_tofloat) refers to narrow.o(i.__hardfp___mathlib_tofloat) for __hardfp___mathlib_tofloat
    narrow.o(i.__softfp___mathlib_tofloat) refers (Special) to usenofp.o(x$fpl$usenofp) for __I$use$fp
    narrow.o(i.__softfp___mathlib_tofloat) refers to narrow.o(i.__hardfp___mathlib_tofloat) for __hardfp___mathlib_tofloat
    sys_wrch.o(.text) refers (Special) to use_no_semi.o(.text) for __I$use$semihosting
    sys_wrch.o(.text) refers (Special) to indicate_semi.o(.text) for __semihosting_library_function
    sys_wrch_hlt.o(.text) refers (Special) to use_no_semi.o(.text) for __I$use$semihosting
    sys_wrch_hlt.o(.text) refers (Special) to indicate_semi.o(.text) for __semihosting_library_function
    rtexit2.o(.ARM.Collect$$rtexit$$00000003) refers to libshutdown.o(.ARM.Collect$$libshutdown$$00000000) for __rt_lib_shutdown
    rtexit2.o(.ARM.Collect$$rtexit$$00000004) refers to sys_exit.o(.text) for _sys_exit
    rtexit2.o(.ARM.exidx) refers to rtexit2.o(.ARM.Collect$$rtexit$$00000001) for .ARM.Collect$$rtexit$$00000001
    rtexit2.o(.ARM.exidx) refers to rtexit2.o(.ARM.Collect$$rtexit$$00000003) for .ARM.Collect$$rtexit$$00000003
    rtexit2.o(.ARM.exidx) refers to rtexit2.o(.ARM.Collect$$rtexit$$00000004) for .ARM.Collect$$rtexit$$00000004
    scanf_hexfp.o(.text) refers to _chval.o(.text) for _chval
    scanf_hexfp.o(.text) refers to llshl.o(.text) for __aeabi_llsl
    scanf_hexfp.o(.text) refers to ldexp.o(i.__support_ldexp) for __support_ldexp
    scanf_hexfp.o(.text) refers to narrow.o(i.__mathlib_narrow) for __mathlib_narrow
    defsig.o(CL$$defsig) refers to defsig_abrt_inner.o(.text) for __rt_SIGABRT_inner
    defsig.o(CL$$defsig) refers to defsig_rtmem_inner.o(.text) for __rt_SIGRTMEM_inner
    drleqf.o(x$fpl$drleqf) refers (Special) to usenofp.o(x$fpl$usenofp) for __I$use$fp
    drleqf.o(x$fpl$drleqf) refers to dleqf.o(x$fpl$dleqf) for __fpl_dcmple_InfNaN
    frexp.o(i.__hardfp_frexp) refers (Special) to usenofp.o(x$fpl$usenofp) for __I$use$fp
    frexp.o(i.__hardfp_frexp) refers to dmul.o(x$fpl$dmul) for __aeabi_dmul
    frexp.o(i.__softfp_frexp) refers (Special) to usenofp.o(x$fpl$usenofp) for __I$use$fp
    frexp.o(i.__softfp_frexp) refers to dmul.o(x$fpl$dmul) for __aeabi_dmul
    frexp.o(i.frexp) refers (Special) to usenofp.o(x$fpl$usenofp) for __I$use$fp
    frexp.o(i.frexp) refers to dmul.o(x$fpl$dmul) for __aeabi_dmul
    defsig_fpe_inner.o(.text) refers to defsig_general.o(.text) for __default_signal_display
    defsig_rtred_inner.o(.text) refers to defsig_general.o(.text) for __default_signal_display
    defsig_stak_inner.o(.text) refers to defsig_general.o(.text) for __default_signal_display
    defsig_pvfn_inner.o(.text) refers to defsig_general.o(.text) for __default_signal_display
    defsig_cppl_inner.o(.text) refers to defsig_general.o(.text) for __default_signal_display
    defsig_segv_inner.o(.text) refers to defsig_general.o(.text) for __default_signal_display
    defsig_other.o(.text) refers to defsig_general.o(.text) for __default_signal_display
    libshutdown.o(.ARM.Collect$$libshutdown$$00000000) refers (Special) to libshutdown2.o(.ARM.Collect$$libshutdown$$00000002) for __rt_lib_shutdown_cpp_1
    libshutdown.o(.ARM.Collect$$libshutdown$$00000000) refers (Special) to libshutdown2.o(.ARM.Collect$$libshutdown$$00000007) for __rt_lib_shutdown_fp_trap_1
    libshutdown.o(.ARM.Collect$$libshutdown$$00000000) refers (Special) to libshutdown2.o(.ARM.Collect$$libshutdown$$0000000F) for __rt_lib_shutdown_heap_1
    libshutdown.o(.ARM.Collect$$libshutdown$$00000000) refers (Special) to libshutdown2.o(.ARM.Collect$$libshutdown$$00000010) for __rt_lib_shutdown_return
    libshutdown.o(.ARM.Collect$$libshutdown$$00000000) refers (Special) to libshutdown2.o(.ARM.Collect$$libshutdown$$0000000A) for __rt_lib_shutdown_signal_1
    libshutdown.o(.ARM.Collect$$libshutdown$$00000000) refers (Special) to libshutdown2.o(.ARM.Collect$$libshutdown$$00000004) for __rt_lib_shutdown_stdio_1
    libshutdown.o(.ARM.Collect$$libshutdown$$00000000) refers (Special) to libshutdown2.o(.ARM.Collect$$libshutdown$$0000000C) for __rt_lib_shutdown_user_alloc_1
    ldexp.o(i.__hardfp_ldexp) refers (Special) to usenofp.o(x$fpl$usenofp) for __I$use$fp
    ldexp.o(i.__hardfp_ldexp) refers to deqf.o(x$fpl$deqf) for __aeabi_cdcmpeq
    ldexp.o(i.__hardfp_ldexp) refers to scalbn.o(x$fpl$scalbn) for __ARM_scalbn
    ldexp.o(i.__hardfp_ldexp) refers to _rserrno.o(.text) for __set_errno
    ldexp.o(i.__hardfp_ldexp) refers to dunder.o(i.__mathlib_dbl_underflow) for __mathlib_dbl_underflow
    ldexp.o(i.__hardfp_ldexp) refers to dunder.o(i.__mathlib_dbl_overflow) for __mathlib_dbl_overflow
    ldexp.o(i.__softfp_ldexp) refers (Special) to usenofp.o(x$fpl$usenofp) for __I$use$fp
    ldexp.o(i.__softfp_ldexp) refers to ldexp.o(i.__hardfp_ldexp) for __hardfp_ldexp
    ldexp.o(i.__support_ldexp) refers (Special) to usenofp.o(x$fpl$usenofp) for __I$use$fp
    ldexp.o(i.__support_ldexp) refers to ldexp.o(i.__hardfp_ldexp) for __hardfp_ldexp
    ldexp.o(i.ldexp) refers (Special) to usenofp.o(x$fpl$usenofp) for __I$use$fp
    ldexp.o(i.ldexp) refers to ldexp.o(i.__hardfp_ldexp) for __hardfp_ldexp
    ldexp_x.o(i.____hardfp_ldexp$lsc) refers (Special) to usenofp.o(x$fpl$usenofp) for __I$use$fp
    ldexp_x.o(i.____hardfp_ldexp$lsc) refers to deqf.o(x$fpl$deqf) for __aeabi_cdcmpeq
    ldexp_x.o(i.____hardfp_ldexp$lsc) refers to scalbn.o(x$fpl$scalbn) for __ARM_scalbn
    ldexp_x.o(i.____hardfp_ldexp$lsc) refers to _rserrno.o(.text) for __set_errno
    ldexp_x.o(i.____hardfp_ldexp$lsc) refers to qnan.o(.constdata) for __mathlib_zero
    ldexp_x.o(i.____softfp_ldexp$lsc) refers (Special) to usenofp.o(x$fpl$usenofp) for __I$use$fp
    ldexp_x.o(i.____softfp_ldexp$lsc) refers to ldexp_x.o(i.____hardfp_ldexp$lsc) for ____hardfp_ldexp$lsc
    ldexp_x.o(i.____support_ldexp$lsc) refers (Special) to usenofp.o(x$fpl$usenofp) for __I$use$fp
    ldexp_x.o(i.____support_ldexp$lsc) refers to ldexp_x.o(i.____hardfp_ldexp$lsc) for ____hardfp_ldexp$lsc
    ldexp_x.o(i.__ldexp$lsc) refers (Special) to usenofp.o(x$fpl$usenofp) for __I$use$fp
    ldexp_x.o(i.__ldexp$lsc) refers to ldexp_x.o(i.____hardfp_ldexp$lsc) for ____hardfp_ldexp$lsc
    scalbn.o(x$fpl$scalbn) refers (Special) to usenofp.o(x$fpl$usenofp) for __I$use$fp
    scalbn.o(x$fpl$scalbn) refers to dcheck1.o(x$fpl$dcheck1) for __fpl_dcheck_NaN1
    dunder.o(i.__mathlib_dbl_divzero) refers to ddiv.o(x$fpl$ddiv) for __aeabi_ddiv
    dunder.o(i.__mathlib_dbl_infnan) refers to daddsub_clz.o(x$fpl$dadd) for __aeabi_dadd
    dunder.o(i.__mathlib_dbl_infnan2) refers to daddsub_clz.o(x$fpl$dadd) for __aeabi_dadd
    dunder.o(i.__mathlib_dbl_invalid) refers to ddiv.o(x$fpl$ddiv) for __aeabi_ddiv
    dunder.o(i.__mathlib_dbl_overflow) refers to dmul.o(x$fpl$dmul) for __aeabi_dmul
    dunder.o(i.__mathlib_dbl_posinfnan) refers to dmul.o(x$fpl$dmul) for __aeabi_dmul
    dunder.o(i.__mathlib_dbl_underflow) refers to dmul.o(x$fpl$dmul) for __aeabi_dmul
    qnan.o(.constdata) refers (Special) to usenofp.o(x$fpl$usenofp) for __I$use$fp
    dcheck1.o(x$fpl$dcheck1) refers (Special) to usenofp.o(x$fpl$usenofp) for __I$use$fp
    dcheck1.o(x$fpl$dcheck1) refers to retnan.o(x$fpl$retnan) for __fpl_return_NaN
    retnan.o(x$fpl$retnan) refers (Special) to usenofp.o(x$fpl$usenofp) for __I$use$fp
    retnan.o(x$fpl$retnan) refers to trapv.o(x$fpl$trapveneer) for __fpl_cmpreturn
    trapv.o(x$fpl$trapveneer) refers (Special) to usenofp.o(x$fpl$usenofp) for __I$use$fp
    print.o(.text._ZN5Print5writeEPKc) refers to strlen.o(.text) for strlen
    print.o(.ARM.exidx.text._ZN5Print5writeEPKc) refers to Unwind-EHABI.cpp.o(.text.__aeabi_unwind_cpp_pr0) for __aeabi_unwind_cpp_pr0
    print.o(.ARM.exidx.text._ZN5Print5writeEPKc) refers to print.o(.text._ZN5Print5writeEPKc) for [Anonymous Symbol]
    wstring.o(.text.isspace) refers to rt_ctype_table.o(.text) for __rt_ctype_table
    wstring.o(.ARM.exidx.text.isspace) refers to wstring.o(.text.isspace) for [Anonymous Symbol]
    cxa_personality.cpp.o(.text.__clang_call_terminate) refers to cxa_exception.cpp.o(.text.__cxa_begin_catch) for __cxa_begin_catch
    cxa_personality.cpp.o(.text.__clang_call_terminate) refers to cxa_handlers.cpp.o(.text._ZSt9terminatev) for std::terminate()
    cxa_personality.cpp.o(.ARM.exidx.text.__clang_call_terminate) refers to cxa_personality.cpp.o(.text.__clang_call_terminate) for [Anonymous Symbol]
    libunwind.cpp.o(.ARM.exidx.text._ZN9libunwind20AbstractUnwindCursorD2Ev) refers to Unwind-EHABI.cpp.o(.text.__aeabi_unwind_cpp_pr0) for __aeabi_unwind_cpp_pr0
    libunwind.cpp.o(.ARM.exidx.text._ZN9libunwind20AbstractUnwindCursorD2Ev) refers to libunwind.cpp.o(.text._ZN9libunwind20AbstractUnwindCursorD2Ev) for [Anonymous Symbol]
    libunwind.cpp.o(.ARM.exidx.text._ZN9libunwind12UnwindCursorINS_17LocalAddressSpaceENS_13Registers_armEED0Ev) refers to Unwind-EHABI.cpp.o(.text.__aeabi_unwind_cpp_pr0) for __aeabi_unwind_cpp_pr0
    libunwind.cpp.o(.ARM.exidx.text._ZN9libunwind12UnwindCursorINS_17LocalAddressSpaceENS_13Registers_armEED0Ev) refers to libunwind.cpp.o(.text._ZN9libunwind12UnwindCursorINS_17LocalAddressSpaceENS_13Registers_armEED0Ev) for [Anonymous Symbol]
    libunwind.cpp.o(.ARM.exidx.text._ZN9libunwind12UnwindCursorINS_17LocalAddressSpaceENS_13Registers_armEE8validRegEi) refers to Unwind-EHABI.cpp.o(.text.__aeabi_unwind_cpp_pr0) for __aeabi_unwind_cpp_pr0
    libunwind.cpp.o(.ARM.exidx.text._ZN9libunwind12UnwindCursorINS_17LocalAddressSpaceENS_13Registers_armEE8validRegEi) refers to libunwind.cpp.o(.text._ZN9libunwind12UnwindCursorINS_17LocalAddressSpaceENS_13Registers_armEE8validRegEi) for [Anonymous Symbol]
    libunwind.cpp.o(.text._ZN9libunwind12UnwindCursorINS_17LocalAddressSpaceENS_13Registers_armEE6getRegEi) refers to abort.o(.text) for abort
    libunwind.cpp.o(.ARM.exidx.text._ZN9libunwind12UnwindCursorINS_17LocalAddressSpaceENS_13Registers_armEE6getRegEi) refers to Unwind-EHABI.cpp.o(.text.__aeabi_unwind_cpp_pr0) for __aeabi_unwind_cpp_pr0
    libunwind.cpp.o(.ARM.exidx.text._ZN9libunwind12UnwindCursorINS_17LocalAddressSpaceENS_13Registers_armEE6getRegEi) refers to libunwind.cpp.o(.text._ZN9libunwind12UnwindCursorINS_17LocalAddressSpaceENS_13Registers_armEE6getRegEi) for [Anonymous Symbol]
    libunwind.cpp.o(.text._ZN9libunwind12UnwindCursorINS_17LocalAddressSpaceENS_13Registers_armEE6setRegEij) refers to abort.o(.text) for abort
    libunwind.cpp.o(.ARM.exidx.text._ZN9libunwind12UnwindCursorINS_17LocalAddressSpaceENS_13Registers_armEE6setRegEij) refers to Unwind-EHABI.cpp.o(.text.__aeabi_unwind_cpp_pr0) for __aeabi_unwind_cpp_pr0
    libunwind.cpp.o(.ARM.exidx.text._ZN9libunwind12UnwindCursorINS_17LocalAddressSpaceENS_13Registers_armEE6setRegEij) refers to libunwind.cpp.o(.text._ZN9libunwind12UnwindCursorINS_17LocalAddressSpaceENS_13Registers_armEE6setRegEij) for [Anonymous Symbol]
    libunwind.cpp.o(.ARM.exidx.text._ZN9libunwind12UnwindCursorINS_17LocalAddressSpaceENS_13Registers_armEE13validFloatRegEi) refers to Unwind-EHABI.cpp.o(.text.__aeabi_unwind_cpp_pr0) for __aeabi_unwind_cpp_pr0
    libunwind.cpp.o(.ARM.exidx.text._ZN9libunwind12UnwindCursorINS_17LocalAddressSpaceENS_13Registers_armEE13validFloatRegEi) refers to libunwind.cpp.o(.text._ZN9libunwind12UnwindCursorINS_17LocalAddressSpaceENS_13Registers_armEE13validFloatRegEi) for [Anonymous Symbol]
    libunwind.cpp.o(.text._ZN9libunwind12UnwindCursorINS_17LocalAddressSpaceENS_13Registers_armEE11getFloatRegEi) refers to UnwindRegistersSave.S.o(.text) for libunwind::Registers_arm::saveVFPWithFSTMX(unsigned long long*)
    libunwind.cpp.o(.text._ZN9libunwind12UnwindCursorINS_17LocalAddressSpaceENS_13Registers_armEE11getFloatRegEi) refers to abort.o(.text) for abort
    libunwind.cpp.o(.ARM.exidx.text._ZN9libunwind12UnwindCursorINS_17LocalAddressSpaceENS_13Registers_armEE11getFloatRegEi) refers to Unwind-EHABI.cpp.o(.text.__aeabi_unwind_cpp_pr0) for __aeabi_unwind_cpp_pr0
    libunwind.cpp.o(.ARM.exidx.text._ZN9libunwind12UnwindCursorINS_17LocalAddressSpaceENS_13Registers_armEE11getFloatRegEi) refers to libunwind.cpp.o(.text._ZN9libunwind12UnwindCursorINS_17LocalAddressSpaceENS_13Registers_armEE11getFloatRegEi) for [Anonymous Symbol]
    libunwind.cpp.o(.text._ZN9libunwind12UnwindCursorINS_17LocalAddressSpaceENS_13Registers_armEE11setFloatRegEiy) refers to UnwindRegistersSave.S.o(.text) for libunwind::Registers_arm::saveVFPWithFSTMX(unsigned long long*)
    libunwind.cpp.o(.text._ZN9libunwind12UnwindCursorINS_17LocalAddressSpaceENS_13Registers_armEE11setFloatRegEiy) refers to abort.o(.text) for abort
    libunwind.cpp.o(.ARM.exidx.text._ZN9libunwind12UnwindCursorINS_17LocalAddressSpaceENS_13Registers_armEE11setFloatRegEiy) refers to Unwind-EHABI.cpp.o(.text.__aeabi_unwind_cpp_pr0) for __aeabi_unwind_cpp_pr0
    libunwind.cpp.o(.ARM.exidx.text._ZN9libunwind12UnwindCursorINS_17LocalAddressSpaceENS_13Registers_armEE11setFloatRegEiy) refers to libunwind.cpp.o(.text._ZN9libunwind12UnwindCursorINS_17LocalAddressSpaceENS_13Registers_armEE11setFloatRegEiy) for [Anonymous Symbol]
    libunwind.cpp.o(.text._ZN9libunwind12UnwindCursorINS_17LocalAddressSpaceENS_13Registers_armEE4stepEv) refers to libunwind.cpp.o(.text._ZN9libunwind12UnwindCursorINS_17LocalAddressSpaceENS_13Registers_armEE13stepWithEHABIEv) for libunwind::UnwindCursor<libunwind::LocalAddressSpace, libunwind::Registers_arm>::stepWithEHABI()
    libunwind.cpp.o(.ARM.exidx.text._ZN9libunwind12UnwindCursorINS_17LocalAddressSpaceENS_13Registers_armEE4stepEv) refers to Unwind-EHABI.cpp.o(.text.__aeabi_unwind_cpp_pr0) for __aeabi_unwind_cpp_pr0
    libunwind.cpp.o(.ARM.exidx.text._ZN9libunwind12UnwindCursorINS_17LocalAddressSpaceENS_13Registers_armEE4stepEv) refers to libunwind.cpp.o(.text._ZN9libunwind12UnwindCursorINS_17LocalAddressSpaceENS_13Registers_armEE4stepEv) for [Anonymous Symbol]
    libunwind.cpp.o(.ARM.exidx.text._ZN9libunwind12UnwindCursorINS_17LocalAddressSpaceENS_13Registers_armEE7getInfoEP15unw_proc_info_t) refers to Unwind-EHABI.cpp.o(.text.__aeabi_unwind_cpp_pr0) for __aeabi_unwind_cpp_pr0
    libunwind.cpp.o(.ARM.exidx.text._ZN9libunwind12UnwindCursorINS_17LocalAddressSpaceENS_13Registers_armEE7getInfoEP15unw_proc_info_t) refers to libunwind.cpp.o(.text._ZN9libunwind12UnwindCursorINS_17LocalAddressSpaceENS_13Registers_armEE7getInfoEP15unw_proc_info_t) for [Anonymous Symbol]
    libunwind.cpp.o(.text._ZN9libunwind12UnwindCursorINS_17LocalAddressSpaceENS_13Registers_armEE6jumptoEv) refers to libunwind.cpp.o(.text._ZN9libunwind13Registers_arm26restoreSavedFloatRegistersEv) for libunwind::Registers_arm::restoreSavedFloatRegisters()
    libunwind.cpp.o(.text._ZN9libunwind12UnwindCursorINS_17LocalAddressSpaceENS_13Registers_armEE6jumptoEv) refers to UnwindRegistersRestore.S.o(.text) for libunwind::Registers_arm::restoreCoreAndJumpTo()
    libunwind.cpp.o(.ARM.exidx.text._ZN9libunwind12UnwindCursorINS_17LocalAddressSpaceENS_13Registers_armEE6jumptoEv) refers to Unwind-EHABI.cpp.o(.text.__aeabi_unwind_cpp_pr0) for __aeabi_unwind_cpp_pr0
    libunwind.cpp.o(.ARM.exidx.text._ZN9libunwind12UnwindCursorINS_17LocalAddressSpaceENS_13Registers_armEE6jumptoEv) refers to libunwind.cpp.o(.text._ZN9libunwind12UnwindCursorINS_17LocalAddressSpaceENS_13Registers_armEE6jumptoEv) for [Anonymous Symbol]
    libunwind.cpp.o(.ARM.exidx.text._ZN9libunwind12UnwindCursorINS_17LocalAddressSpaceENS_13Registers_armEE13isSignalFrameEv) refers to Unwind-EHABI.cpp.o(.text.__aeabi_unwind_cpp_pr0) for __aeabi_unwind_cpp_pr0
    libunwind.cpp.o(.ARM.exidx.text._ZN9libunwind12UnwindCursorINS_17LocalAddressSpaceENS_13Registers_armEE13isSignalFrameEv) refers to libunwind.cpp.o(.text._ZN9libunwind12UnwindCursorINS_17LocalAddressSpaceENS_13Registers_armEE13isSignalFrameEv) for [Anonymous Symbol]
    libunwind.cpp.o(.ARM.exidx.text._ZN9libunwind12UnwindCursorINS_17LocalAddressSpaceENS_13Registers_armEE15getFunctionNameEPcjPj) refers to Unwind-EHABI.cpp.o(.text.__aeabi_unwind_cpp_pr0) for __aeabi_unwind_cpp_pr0
    libunwind.cpp.o(.ARM.exidx.text._ZN9libunwind12UnwindCursorINS_17LocalAddressSpaceENS_13Registers_armEE15getFunctionNameEPcjPj) refers to libunwind.cpp.o(.text._ZN9libunwind12UnwindCursorINS_17LocalAddressSpaceENS_13Registers_armEE15getFunctionNameEPcjPj) for [Anonymous Symbol]
    libunwind.cpp.o(.text._ZN9libunwind12UnwindCursorINS_17LocalAddressSpaceENS_13Registers_armEE24setInfoBasedOnIPRegisterEb) refers to libunwind.cpp.o(.text._ZN9libunwind12UnwindCursorINS_17LocalAddressSpaceENS_13Registers_armEE23getInfoFromEHABISectionEjRKNS_18UnwindInfoSectionsE) for libunwind::UnwindCursor<libunwind::LocalAddressSpace, libunwind::Registers_arm>::getInfoFromEHABISection(unsigned, const libunwind::UnwindInfoSections&)
    libunwind.cpp.o(.ARM.exidx.text._ZN9libunwind12UnwindCursorINS_17LocalAddressSpaceENS_13Registers_armEE24setInfoBasedOnIPRegisterEb) refers to Unwind-EHABI.cpp.o(.text.__aeabi_unwind_cpp_pr0) for __aeabi_unwind_cpp_pr0
    libunwind.cpp.o(.ARM.exidx.text._ZN9libunwind12UnwindCursorINS_17LocalAddressSpaceENS_13Registers_armEE24setInfoBasedOnIPRegisterEb) refers to libunwind.cpp.o(.text._ZN9libunwind12UnwindCursorINS_17LocalAddressSpaceENS_13Registers_armEE24setInfoBasedOnIPRegisterEb) for [Anonymous Symbol]
    libunwind.cpp.o(.text._ZN9libunwind12UnwindCursorINS_17LocalAddressSpaceENS_13Registers_armEE15getRegisterNameEi) refers to libunwind.cpp.o(.text._ZN9libunwind13Registers_arm15getRegisterNameEi) for libunwind::Registers_arm::getRegisterName(int)
    libunwind.cpp.o(.ARM.exidx.text._ZN9libunwind12UnwindCursorINS_17LocalAddressSpaceENS_13Registers_armEE15getRegisterNameEi) refers to Unwind-EHABI.cpp.o(.text.__aeabi_unwind_cpp_pr0) for __aeabi_unwind_cpp_pr0
    libunwind.cpp.o(.ARM.exidx.text._ZN9libunwind12UnwindCursorINS_17LocalAddressSpaceENS_13Registers_armEE15getRegisterNameEi) refers to libunwind.cpp.o(.text._ZN9libunwind12UnwindCursorINS_17LocalAddressSpaceENS_13Registers_armEE15getRegisterNameEi) for [Anonymous Symbol]
    libunwind.cpp.o(.ARM.exidx.text._ZN9libunwind12UnwindCursorINS_17LocalAddressSpaceENS_13Registers_armEE10saveVFPAsXEv) refers to Unwind-EHABI.cpp.o(.text.__aeabi_unwind_cpp_pr0) for __aeabi_unwind_cpp_pr0
    libunwind.cpp.o(.ARM.exidx.text._ZN9libunwind12UnwindCursorINS_17LocalAddressSpaceENS_13Registers_armEE10saveVFPAsXEv) refers to libunwind.cpp.o(.text._ZN9libunwind12UnwindCursorINS_17LocalAddressSpaceENS_13Registers_armEE10saveVFPAsXEv) for [Anonymous Symbol]
    libunwind.cpp.o(.text._ZN9libunwind12UnwindCursorINS_17LocalAddressSpaceENS_13Registers_armEE13stepWithEHABIEv) refers to Unwind-EHABI.cpp.o(.text.decode_eht_entry) for decode_eht_entry
    libunwind.cpp.o(.text._ZN9libunwind12UnwindCursorINS_17LocalAddressSpaceENS_13Registers_armEE13stepWithEHABIEv) refers to Unwind-EHABI.cpp.o(.text._Unwind_VRS_Interpret) for _Unwind_VRS_Interpret
    libunwind.cpp.o(.ARM.exidx.text._ZN9libunwind12UnwindCursorINS_17LocalAddressSpaceENS_13Registers_armEE13stepWithEHABIEv) refers to Unwind-EHABI.cpp.o(.text.__aeabi_unwind_cpp_pr0) for __aeabi_unwind_cpp_pr0
    libunwind.cpp.o(.ARM.exidx.text._ZN9libunwind12UnwindCursorINS_17LocalAddressSpaceENS_13Registers_armEE13stepWithEHABIEv) refers to libunwind.cpp.o(.text._ZN9libunwind12UnwindCursorINS_17LocalAddressSpaceENS_13Registers_armEE13stepWithEHABIEv) for [Anonymous Symbol]
    libunwind.cpp.o(.text._ZN9libunwind13Registers_arm26restoreSavedFloatRegistersEv) refers to UnwindRegistersRestore.S.o(.text) for libunwind::Registers_arm::restoreVFPWithFLDMX(unsigned long long*)
    libunwind.cpp.o(.ARM.exidx.text._ZN9libunwind13Registers_arm26restoreSavedFloatRegistersEv) refers to Unwind-EHABI.cpp.o(.text.__aeabi_unwind_cpp_pr0) for __aeabi_unwind_cpp_pr0
    libunwind.cpp.o(.ARM.exidx.text._ZN9libunwind13Registers_arm26restoreSavedFloatRegistersEv) refers to libunwind.cpp.o(.text._ZN9libunwind13Registers_arm26restoreSavedFloatRegistersEv) for [Anonymous Symbol]
    libunwind.cpp.o(.text._ZN9libunwind12UnwindCursorINS_17LocalAddressSpaceENS_13Registers_armEE23getInfoFromEHABISectionEjRKNS_18UnwindInfoSectionsE) refers to libunwind.cpp.o(.text._ZNSt3__113__upper_boundIRNS_6__lessIjjEEN9libunwind20EHABISectionIteratorINS4_17LocalAddressSpaceEEEjEET0_S8_S8_RKT1_T_) for T2 std::__1::__upper_bound<std::__1::__less<unsigned, unsigned>&, libunwind::EHABISectionIterator<libunwind::LocalAddressSpace>, unsigned>(T2, T2, const T3&, T1)
    libunwind.cpp.o(.text._ZN9libunwind12UnwindCursorINS_17LocalAddressSpaceENS_13Registers_armEE23getInfoFromEHABISectionEjRKNS_18UnwindInfoSectionsE) refers to Unwind-EHABI.cpp.o(.text.__aeabi_unwind_cpp_pr0) for __aeabi_unwind_cpp_pr0
    libunwind.cpp.o(.text._ZN9libunwind12UnwindCursorINS_17LocalAddressSpaceENS_13Registers_armEE23getInfoFromEHABISectionEjRKNS_18UnwindInfoSectionsE) refers to Unwind-EHABI.cpp.o(.text.__aeabi_unwind_cpp_pr2) for __aeabi_unwind_cpp_pr2
    libunwind.cpp.o(.text._ZN9libunwind12UnwindCursorINS_17LocalAddressSpaceENS_13Registers_armEE23getInfoFromEHABISectionEjRKNS_18UnwindInfoSectionsE) refers to Unwind-EHABI.cpp.o(.text.__aeabi_unwind_cpp_pr1) for __aeabi_unwind_cpp_pr1
    libunwind.cpp.o(.text._ZN9libunwind12UnwindCursorINS_17LocalAddressSpaceENS_13Registers_armEE23getInfoFromEHABISectionEjRKNS_18UnwindInfoSectionsE) refers to abort.o(.text) for abort
    libunwind.cpp.o(.ARM.exidx.text._ZN9libunwind12UnwindCursorINS_17LocalAddressSpaceENS_13Registers_armEE23getInfoFromEHABISectionEjRKNS_18UnwindInfoSectionsE) refers to Unwind-EHABI.cpp.o(.text.__aeabi_unwind_cpp_pr0) for __aeabi_unwind_cpp_pr0
    libunwind.cpp.o(.ARM.exidx.text._ZN9libunwind12UnwindCursorINS_17LocalAddressSpaceENS_13Registers_armEE23getInfoFromEHABISectionEjRKNS_18UnwindInfoSectionsE) refers to libunwind.cpp.o(.text._ZN9libunwind12UnwindCursorINS_17LocalAddressSpaceENS_13Registers_armEE23getInfoFromEHABISectionEjRKNS_18UnwindInfoSectionsE) for [Anonymous Symbol]
    libunwind.cpp.o(.ARM.exidx.text._ZNSt3__113__upper_boundIRNS_6__lessIjjEEN9libunwind20EHABISectionIteratorINS4_17LocalAddressSpaceEEEjEET0_S8_S8_RKT1_T_) refers to Unwind-EHABI.cpp.o(.text.__aeabi_unwind_cpp_pr0) for __aeabi_unwind_cpp_pr0
    libunwind.cpp.o(.ARM.exidx.text._ZNSt3__113__upper_boundIRNS_6__lessIjjEEN9libunwind20EHABISectionIteratorINS4_17LocalAddressSpaceEEEjEET0_S8_S8_RKT1_T_) refers to libunwind.cpp.o(.text._ZNSt3__113__upper_boundIRNS_6__lessIjjEEN9libunwind20EHABISectionIteratorINS4_17LocalAddressSpaceEEEjEET0_S8_S8_RKT1_T_) for [Anonymous Symbol]
    libunwind.cpp.o(.ARM.exidx.text._ZN9libunwind13Registers_arm15getRegisterNameEi) refers to Unwind-EHABI.cpp.o(.text.__aeabi_unwind_cpp_pr0) for __aeabi_unwind_cpp_pr0
    libunwind.cpp.o(.ARM.exidx.text._ZN9libunwind13Registers_arm15getRegisterNameEi) refers to libunwind.cpp.o(.text._ZN9libunwind13Registers_arm15getRegisterNameEi) for [Anonymous Symbol]
    libunwind.cpp.o(.rodata._ZTVN9libunwind12UnwindCursorINS_17LocalAddressSpaceENS_13Registers_armEEE) refers to libunwind.cpp.o(.text._ZN9libunwind20AbstractUnwindCursorD2Ev) for libunwind::AbstractUnwindCursor::~AbstractUnwindCursor__sub_object()
    libunwind.cpp.o(.rodata._ZTVN9libunwind12UnwindCursorINS_17LocalAddressSpaceENS_13Registers_armEEE) refers to libunwind.cpp.o(.text._ZN9libunwind12UnwindCursorINS_17LocalAddressSpaceENS_13Registers_armEED0Ev) for libunwind::UnwindCursor<libunwind::LocalAddressSpace, libunwind::Registers_arm>::~UnwindCursor__deallocating()
    libunwind.cpp.o(.rodata._ZTVN9libunwind12UnwindCursorINS_17LocalAddressSpaceENS_13Registers_armEEE) refers to libunwind.cpp.o(.text._ZN9libunwind12UnwindCursorINS_17LocalAddressSpaceENS_13Registers_armEE8validRegEi) for libunwind::UnwindCursor<libunwind::LocalAddressSpace, libunwind::Registers_arm>::validReg(int)
    libunwind.cpp.o(.rodata._ZTVN9libunwind12UnwindCursorINS_17LocalAddressSpaceENS_13Registers_armEEE) refers to libunwind.cpp.o(.text._ZN9libunwind12UnwindCursorINS_17LocalAddressSpaceENS_13Registers_armEE6getRegEi) for libunwind::UnwindCursor<libunwind::LocalAddressSpace, libunwind::Registers_arm>::getReg(int)
    libunwind.cpp.o(.rodata._ZTVN9libunwind12UnwindCursorINS_17LocalAddressSpaceENS_13Registers_armEEE) refers to libunwind.cpp.o(.text._ZN9libunwind12UnwindCursorINS_17LocalAddressSpaceENS_13Registers_armEE6setRegEij) for libunwind::UnwindCursor<libunwind::LocalAddressSpace, libunwind::Registers_arm>::setReg(int, unsigned)
    libunwind.cpp.o(.rodata._ZTVN9libunwind12UnwindCursorINS_17LocalAddressSpaceENS_13Registers_armEEE) refers to libunwind.cpp.o(.text._ZN9libunwind12UnwindCursorINS_17LocalAddressSpaceENS_13Registers_armEE13validFloatRegEi) for libunwind::UnwindCursor<libunwind::LocalAddressSpace, libunwind::Registers_arm>::validFloatReg(int)
    libunwind.cpp.o(.rodata._ZTVN9libunwind12UnwindCursorINS_17LocalAddressSpaceENS_13Registers_armEEE) refers to libunwind.cpp.o(.text._ZN9libunwind12UnwindCursorINS_17LocalAddressSpaceENS_13Registers_armEE11getFloatRegEi) for libunwind::UnwindCursor<libunwind::LocalAddressSpace, libunwind::Registers_arm>::getFloatReg(int)
    libunwind.cpp.o(.rodata._ZTVN9libunwind12UnwindCursorINS_17LocalAddressSpaceENS_13Registers_armEEE) refers to libunwind.cpp.o(.text._ZN9libunwind12UnwindCursorINS_17LocalAddressSpaceENS_13Registers_armEE11setFloatRegEiy) for libunwind::UnwindCursor<libunwind::LocalAddressSpace, libunwind::Registers_arm>::setFloatReg(int, unsigned long long)
    libunwind.cpp.o(.rodata._ZTVN9libunwind12UnwindCursorINS_17LocalAddressSpaceENS_13Registers_armEEE) refers to libunwind.cpp.o(.text._ZN9libunwind12UnwindCursorINS_17LocalAddressSpaceENS_13Registers_armEE4stepEv) for libunwind::UnwindCursor<libunwind::LocalAddressSpace, libunwind::Registers_arm>::step()
    libunwind.cpp.o(.rodata._ZTVN9libunwind12UnwindCursorINS_17LocalAddressSpaceENS_13Registers_armEEE) refers to libunwind.cpp.o(.text._ZN9libunwind12UnwindCursorINS_17LocalAddressSpaceENS_13Registers_armEE7getInfoEP15unw_proc_info_t) for libunwind::UnwindCursor<libunwind::LocalAddressSpace, libunwind::Registers_arm>::getInfo(unw_proc_info_t*)
    libunwind.cpp.o(.rodata._ZTVN9libunwind12UnwindCursorINS_17LocalAddressSpaceENS_13Registers_armEEE) refers to libunwind.cpp.o(.text._ZN9libunwind12UnwindCursorINS_17LocalAddressSpaceENS_13Registers_armEE6jumptoEv) for libunwind::UnwindCursor<libunwind::LocalAddressSpace, libunwind::Registers_arm>::jumpto()
    libunwind.cpp.o(.rodata._ZTVN9libunwind12UnwindCursorINS_17LocalAddressSpaceENS_13Registers_armEEE) refers to libunwind.cpp.o(.text._ZN9libunwind12UnwindCursorINS_17LocalAddressSpaceENS_13Registers_armEE13isSignalFrameEv) for libunwind::UnwindCursor<libunwind::LocalAddressSpace, libunwind::Registers_arm>::isSignalFrame()
    libunwind.cpp.o(.rodata._ZTVN9libunwind12UnwindCursorINS_17LocalAddressSpaceENS_13Registers_armEEE) refers to libunwind.cpp.o(.text._ZN9libunwind12UnwindCursorINS_17LocalAddressSpaceENS_13Registers_armEE15getFunctionNameEPcjPj) for libunwind::UnwindCursor<libunwind::LocalAddressSpace, libunwind::Registers_arm>::getFunctionName(char*, unsigned, unsigned*)
    libunwind.cpp.o(.rodata._ZTVN9libunwind12UnwindCursorINS_17LocalAddressSpaceENS_13Registers_armEEE) refers to libunwind.cpp.o(.text._ZN9libunwind12UnwindCursorINS_17LocalAddressSpaceENS_13Registers_armEE24setInfoBasedOnIPRegisterEb) for libunwind::UnwindCursor<libunwind::LocalAddressSpace, libunwind::Registers_arm>::setInfoBasedOnIPRegister(bool)
    libunwind.cpp.o(.rodata._ZTVN9libunwind12UnwindCursorINS_17LocalAddressSpaceENS_13Registers_armEEE) refers to libunwind.cpp.o(.text._ZN9libunwind12UnwindCursorINS_17LocalAddressSpaceENS_13Registers_armEE15getRegisterNameEi) for libunwind::UnwindCursor<libunwind::LocalAddressSpace, libunwind::Registers_arm>::getRegisterName(int)
    libunwind.cpp.o(.rodata._ZTVN9libunwind12UnwindCursorINS_17LocalAddressSpaceENS_13Registers_armEEE) refers to libunwind.cpp.o(.text._ZN9libunwind12UnwindCursorINS_17LocalAddressSpaceENS_13Registers_armEE10saveVFPAsXEv) for libunwind::UnwindCursor<libunwind::LocalAddressSpace, libunwind::Registers_arm>::saveVFPAsX()

