Component: ARM Compiler 5.06 update 5 (build 528) Tool: armlink [4d35e2]

==============================================================================

Section Cross References

    dtostrf.o(i.dtostrf) refers to printfa.o(i.__0sprintf) for __2sprintf
    dtostrf.o(i.dtostrf) refers to f2d.o(.text) for __aeabi_f2d
    itoa.o(i.itoa) refers to itoa.o(i.ltoa) for ltoa
    itoa.o(i.utoa) refers to itoa.o(i.ultoa) for ultoa
    wiring_digital.o(i.digitalRead) refers to xmc_i2c_conf.o(.constdata) for mapping_port_pin
    wiring_digital.o(i.digitalToggle) refers to xmc_i2c_conf.o(.constdata) for mapping_port_pin
    wiring_digital.o(i.digitalWrite) refers to xmc_i2c_conf.o(.constdata) for mapping_port_pin
    wiring_digital.o(i.m_pinMode) refers to xmc4_gpio.o(i.XMC_GPIO_Init) for XMC_GPIO_Init
    wiring_digital.o(i.m_pinMode) refers to xmc_i2c_conf.o(.constdata) for mapping_port_pin
    main.o(i._Z9baro_testv) refers to dps310.o(i._ZN6Dps31015measureTempOnceERih) for Dps310::measureTempOnce(int&, unsigned char)
    main.o(i._Z9baro_testv) refers to timer.o(i._Z8delay_msj) for delay_ms(unsigned)
    main.o(i._Z9baro_testv) refers to dps310.o(i._ZN6Dps31019measurePressureOnceERih) for Dps310::measurePressureOnce(int&, unsigned char)
    main.o(i._Z9baro_testv) refers to dflti.o(.text) for __aeabi_i2d
    main.o(i._Z9baro_testv) refers to ddiv.o(.text) for __aeabi_ddiv
    main.o(i._Z9baro_testv) refers to pow.o(i.__hardfp_pow) for __hardfp_pow
    main.o(i._Z9baro_testv) refers to dmul.o(.text) for __aeabi_dmul
    main.o(i._Z9baro_testv) refers to dadd.o(.text) for __aeabi_dsub
    main.o(i._Z9baro_testv) refers to dfixui.o(.text) for __aeabi_d2uiz
    main.o(i._Z9baro_testv) refers to main.o(.data) for oversampling
    main.o(i._Z9baro_testv) refers to main.o(.bss) for Dps310PressureSensor
    main.o(i._Z9baro_testv) refers to timer.o(.data) for tick
    main.o(i.__sti___8_Main_cpp_66946e4d) refers to dps310.o(i._ZN6Dps310C1Ev) for Dps310::Dps310()
    main.o(i.__sti___8_Main_cpp_66946e4d) refers to aeabi_atexit.o(.text) for __aeabi_atexit
    main.o(i.__sti___8_Main_cpp_66946e4d) refers to dfltui.o(.text) for __aeabi_ui2d
    main.o(i.__sti___8_Main_cpp_66946e4d) refers to ddiv.o(.text) for __aeabi_ddiv
    main.o(i.__sti___8_Main_cpp_66946e4d) refers to main.o(.bss) for Dps310PressureSensor
    main.o(i.__sti___8_Main_cpp_66946e4d) refers to dps310.o(i._ZN6Dps310D1Ev) for Dps310::~Dps310()
    main.o(i.__sti___8_Main_cpp_66946e4d) refers to main.o(.data) for _msl_pressure
    main.o(i.main) refers to timer.o(i._Z13SystickConfigv) for SystickConfig()
    main.o(i.main) refers to timer.o(i._Z12Timer1Configv) for Timer1Config()
    main.o(i.main) refers to timer.o(i._Z12Timer2Configv) for Timer2Config()
    main.o(i.main) refers to timer.o(i._Z8delay_msj) for delay_ms(unsigned)
    main.o(i.main) refers to bspusart.o(i._Z10UartConfigv) for UartConfig()
    main.o(i.main) refers to test_case.o(i.Sls10ere_Test_Init) for Sls10ere_Test_Init
    main.o(i.main) refers to test_case.o(i.Sls10ere_Run_Test) for Sls10ere_Run_Test
    main.o(i.main) refers to dps310.o(i._ZN6Dps3105beginER7TwoWire) for Dps310::begin(TwoWire&)
    main.o(i.main) refers to xmc_gpio.o(i.XMC_GPIO_SetMode) for XMC_GPIO_SetMode
    main.o(i.main) refers to button.o(i.Buttons_Initialize) for Buttons_Initialize
    main.o(i.main) refers to main.o(i._Z9baro_testv) for baro_test()
    main.o(i.main) refers to main.o(i._Z22XMC_GPIO_SetOutputHighP13XMC_GPIO_PORTh) for XMC_GPIO_SetOutputHigh(XMC_GPIO_PORT*, unsigned char)
    main.o(i.main) refers to button.o(i.Buttons_GetState) for Buttons_GetState
    main.o(i.main) refers to dps310.o(i._ZN6Dps31019measurePressureOnceERih) for Dps310::measurePressureOnce(int&, unsigned char)
    main.o(i.main) refers to dflti.o(.text) for __aeabi_i2d
    main.o(i.main) refers to ddiv.o(.text) for __aeabi_ddiv
    main.o(i.main) refers to pow.o(i.__hardfp_pow) for __hardfp_pow
    main.o(i.main) refers to dmul.o(.text) for __aeabi_dmul
    main.o(i.main) refers to dadd.o(.text) for __aeabi_dsub
    main.o(i.main) refers to dfixui.o(.text) for __aeabi_d2uiz
    main.o(i.main) refers to main.o(i._Z21XMC_GPIO_SetOutputLowP13XMC_GPIO_PORTh) for XMC_GPIO_SetOutputLow(XMC_GPIO_PORT*, unsigned char)
    main.o(i.main) refers to driver.o(i._Z12send2xmc_airh) for send2xmc_air(unsigned char)
    main.o(i.main) refers to wire.o(.bss) for Wire
    main.o(i.main) refers to main.o(.bss) for Dps310PressureSensor
    main.o(i.main) refers to timer.o(.data) for tick
    main.o(i.main) refers to main.o(.data) for button_state
    main.o(.ARM.exidx) refers to main.o(i._Z9baro_testv) for i._Z9baro_testv
    main.o(.ARM.exidx) refers to main.o(i.main) for i.main
    main.o(.ARM.exidx) refers to main.o(i.__sti___8_Main_cpp_66946e4d) for i.__sti___8_Main_cpp_66946e4d
    main.o(.ARM.exidx) refers to main.o(i._Z22XMC_GPIO_SetOutputHighP13XMC_GPIO_PORTh) for i._Z22XMC_GPIO_SetOutputHighP13XMC_GPIO_PORTh
[...]
    SWI_BIFTrans_DIE1                        0x08001725   Thumb Code    16  swi_hal.o(i.SWI_BIFTrans_DIE1)
    SWI_BIFTrans_DIP0                        0x08001735   Thumb Code   112  swi_hal.o(i.SWI_BIFTrans_DIP0)
    SWI_BIFTrans_DIP1                        0x080017a9   Thumb Code   112  swi_hal.o(i.SWI_BIFTrans_DIP1)
    SWI_BIFTrans_DISS                        0x0800181d   Thumb Code    16  swi_hal.o(i.SWI_BIFTrans_DISS)
    SWI_BIFTrans_EINT                        0x0800182d   Thumb Code    92  swi_hal.o(i.SWI_BIFTrans_EINT)
    SWI_BIFTrans_HardRST                     0x0800188d   Thumb Code    28  swi_hal.o(i.SWI_BIFTrans_HardRST)
    SWI_BIFTrans_SDA                         0x080018a9   Thumb Code    18  swi_hal.o(i.SWI_BIFTrans_SDA)
    SWI_BIFTrans_WD                          0x080018bb   Thumb Code    18  swi_hal.o(i.SWI_BIFTrans_WD)
    SWI_BIFTrans_WakeUpFromPWDN              0x080018cd   Thumb Code    34  swi_hal.o(i.SWI_BIFTrans_WakeUpFromPWDN)
    Sls10ere_ECC                             0x080018ef   Thumb Code   180  sls10ere_auth.o(i.Sls10ere_ECC)
    Sls10ere_ECC_Test                        0x080019a5   Thumb Code    64  test_case.o(i.Sls10ere_ECC_Test)
    Sls10ere_NVM_Test                        0x080019ed   Thumb Code    82  test_case.o(i.Sls10ere_NVM_Test)
    Sls10ere_RegisterCrypto                  0x08001a49   Thumb Code   166  sls10ere_crypto.o(i.Sls10ere_RegisterCrypto)
    Sls10ere_Run_Test                        0x08001b41   Thumb Code    66  test_case.o(i.Sls10ere_Run_Test)
    Sls10ere_SWI_BIF_search_ids              0x08001b89   Thumb Code   586  sls10ere_swi_bif.o(i.Sls10ere_SWI_BIF_search_ids)
    Sls10ere_Test_Init                       0x08001dd9   Thumb Code    54  test_case.o(i.Sls10ere_Test_Init)
    Sls10ere_nvm_read_data                   0x08002049   Thumb Code   104  sls10ere_nvm.o(i.Sls10ere_nvm_read_data)
    Sls10ere_nvm_wait_wr_done                0x080020b1   Thumb Code   112  sls10ere_nvm.o(i.Sls10ere_nvm_wait_wr_done)
    Sls10ere_nvm_write_data                  0x08002125   Thumb Code   620  sls10ere_nvm.o(i.Sls10ere_nvm_write_data)
    Sls10ere_read_ODC                        0x080023bb   Thumb Code    64  sls10ere_auth.o(i.Sls10ere_read_ODC)
    Sls10ere_read_response                   0x080023fb   Thumb Code   108  sls10ere_auth.o(i.Sls10ere_read_response)
    Sls10ere_write_challenge                 0x08002469   Thumb Code    86  sls10ere_auth.o(i.Sls10ere_write_challenge)
    Sls10ere_write_challenge_read_response   0x080024c1   Thumb Code   282  sls10ere_auth.o(i.Sls10ere_write_challenge_read_response)
    SysTick_Handler                          0x080025e1   Thumb Code    12  timer.o(i.SysTick_Handler)
    SystemCoreClockSetup                     0x080025f1   Thumb Code   470  system_xmc4700.o(i.SystemCoreClockSetup)
    SystemCoreClockUpdate                    0x08002809   Thumb Code   148  system_xmc4700.o(i.SystemCoreClockUpdate)
    SystemCoreSetup                          0x080028ad   Thumb Code    74  system_xmc4700.o(i.SystemCoreSetup)
    SystemInit                               0x08002905   Thumb Code    22  system_xmc4700.o(i.SystemInit)
    USIC0_5_IRQHandler                       0x08002921   Thumb Code    22  receive.o(i.USIC0_5_IRQHandler)
    USIC1_1_IRQHandler                       0x08002941   Thumb Code    10  wire.o(i.USIC1_1_IRQHandler)
    USIC1_2_IRQHandler                       0x08002951   Thumb Code    10  wire.o(i.USIC1_2_IRQHandler)
    USIC1_5_IRQHandler                       0x08002961   Thumb Code    22  receive.o(i.USIC1_5_IRQHandler)
    USIC2_4_IRQHandler                       0x08002981   Thumb Code    22  receive.o(i.USIC2_4_IRQHandler)
    USIC2_5_IRQHandler                       0x080029a1   Thumb Code    22  receive.o(i.USIC2_5_IRQHandler)
    XMC_CCU4_EnableModule                    0x080029c1   Thumb Code   128  xmc_ccu4.o(i.XMC_CCU4_EnableModule)
    XMC_CCU4_Init                            0x08002a55   Thumb Code    38  xmc_ccu4.o(i.XMC_CCU4_Init)
    XMC_CCU4_SLICE_CompareInit               0x08002a7b   Thumb Code    48  xmc_ccu4.o(i.XMC_CCU4_SLICE_CompareInit)
    XMC_CCU4_SLICE_SetInterruptNode          0x08002aab   Thumb Code    86  xmc_ccu4.o(i.XMC_CCU4_SLICE_SetInterruptNode)
    XMC_CCU4_SetModuleClock                  0x08002b01   Thumb Code    16  xmc_ccu4.o(i.XMC_CCU4_SetModuleClock)
    XMC_GPIO_Init                            0x08002b1d   Thumb Code   174  xmc4_gpio.o(i.XMC_GPIO_Init)
    XMC_GPIO_SetMode                         0x08002bd5   Thumb Code    64  xmc_gpio.o(i.XMC_GPIO_SetMode)
    XMC_I2C_CH_DisableEvent                  0x08002c31   Thumb Code    22  xmc_i2c.o(i.XMC_I2C_CH_DisableEvent)
    XMC_I2C_CH_EnableEvent                   0x08002c4d   Thumb Code    22  xmc_i2c.o(i.XMC_I2C_CH_EnableEvent)
    XMC_I2C_CH_GetReceivedData               0x08002c69   Thumb Code    26  xmc_i2c.o(i.XMC_I2C_CH_GetReceivedData)
    XMC_I2C_CH_Init                          0x08002c85   Thumb Code    50  xmc_i2c.o(i.XMC_I2C_CH_Init)
    XMC_I2C_CH_MasterReceiveAck              0x08002cbd   Thumb Code    56  xmc_i2c.o(i.XMC_I2C_CH_MasterReceiveAck)
    XMC_I2C_CH_MasterReceiveNack             0x08002cf5   Thumb Code    56  xmc_i2c.o(i.XMC_I2C_CH_MasterReceiveNack)
    XMC_I2C_CH_MasterRepeatedStart           0x08002d2d   Thumb Code    68  xmc_i2c.o(i.XMC_I2C_CH_MasterRepeatedStart)
    XMC_I2C_CH_MasterStart                   0x08002d71   Thumb Code    68  xmc_i2c.o(i.XMC_I2C_CH_MasterStart)
    XMC_I2C_CH_MasterStop                    0x08002db5   Thumb Code    56  xmc_i2c.o(i.XMC_I2C_CH_MasterStop)
    XMC_I2C_CH_MasterTransmit                0x08002ded   Thumb Code    50  xmc_i2c.o(i.XMC_I2C_CH_MasterTransmit)
    XMC_I2C_CH_SetBaudrate                   0x08002e21   Thumb Code    74  xmc_i2c.o(i.XMC_I2C_CH_SetBaudrate)
    XMC_I2C_CH_SetSlaveAddress               0x08002e75   Thumb Code    32  xmc_i2c.o(i.XMC_I2C_CH_SetSlaveAddress)
    XMC_I2C_CH_SlaveTransmit                 0x08002e95   Thumb Code    58  xmc_i2c.o(i.XMC_I2C_CH_SlaveTransmit)
    XMC_I2C_CH_Stop                          0x08002ecf   Thumb Code    42  xmc_i2c.o(i.XMC_I2C_CH_Stop)
    XMC_SCU_CLOCK_EnableClock                0x08002ef9   Thumb Code     6  xmc4_scu.o(i.XMC_SCU_CLOCK_EnableClock)
    XMC_SCU_CLOCK_GetPeripheralClockFrequency 0x08002f05   Thumb Code    18  xmc4_scu.o(i.XMC_SCU_CLOCK_GetPeripheralClockFrequency)
    XMC_SCU_CLOCK_UngatePeripheralClock      0x08002f21   Thumb Code    20  xmc4_scu.o(i.XMC_SCU_CLOCK_UngatePeripheralClock)
    XMC_SCU_RESET_DeassertPeripheralReset    0x08002f39   Thumb Code    20  xmc4_scu.o(i.XMC_SCU_RESET_DeassertPeripheralReset)
    XMC_SPI_CH_GetReceivedData               0x08002f59   Thumb Code    26  xmc_spi.o(i.XMC_SPI_CH_GetReceivedData)
    XMC_SPI_CH_Init                          0x08002f75   Thumb Code    60  xmc_spi.o(i.XMC_SPI_CH_Init)
    XMC_SPI_CH_SetBaudrate                   0x08002fb5   Thumb Code    36  xmc_spi.o(i.XMC_SPI_CH_SetBaudrate)
    XMC_SPI_CH_Stop                          0x08002fd9   Thumb Code    42  xmc_spi.o(i.XMC_SPI_CH_Stop)
    XMC_SPI_CH_Transmit                      0x08003003   Thumb Code    70  xmc_spi.o(i.XMC_SPI_CH_Transmit)
    XMC_UART_CH_GetReceivedData              0x08003049   Thumb Code    26  xmc_uart.o(i.XMC_UART_CH_GetReceivedData)
    XMC_UART_CH_Init                         0x08003063   Thumb Code   116  xmc_uart.o(i.XMC_UART_CH_Init)
    XMC_UART_CH_Transmit                     0x080030d7   Thumb Code    44  xmc_uart.o(i.XMC_UART_CH_Transmit)
    XMC_USIC_CH_Enable                       0x08003105   Thumb Code    94  xmc_usic.o(i.XMC_USIC_CH_Enable)
    XMC_USIC_CH_RXFIFO_Configure             0x08003189   Thumb Code    42  xmc_usic.o(i.XMC_USIC_CH_RXFIFO_Configure)
    XMC_USIC_CH_SetBaudrate                  0x080031b9   Thumb Code   146  xmc_usic.o(i.XMC_USIC_CH_SetBaudrate)
    XMC_USIC_CH_SetInterruptNodePointer      0x08003251   Thumb Code    20  xmc_usic.o(i.XMC_USIC_CH_SetInterruptNodePointer)
    XMC_USIC_CH_TXFIFO_Configure             0x08003265   Thumb Code    38  xmc_usic.o(i.XMC_USIC_CH_TXFIFO_Configure)
    XMC_USIC_Enable                          0x08003291   Thumb Code    68  xmc_usic.o(i.XMC_USIC_Enable)
    UartConfig()                             0x080032e5   Thumb Code    24  bspusart.o(i._Z10UartConfigv)
    Timer1Config()                           0x080032fd   Thumb Code   102  timer.o(i._Z12Timer1Configv)
    Timer2Config()                           0x08003371   Thumb Code   102  timer.o(i._Z12Timer2Configv)
    send2xmc_air(unsigned char)              0x080033e5   Thumb Code    66  driver.o(i._Z12send2xmc_airh)
    SystickConfig()                          0x08003435   Thumb Code    66  timer.o(i._Z13SystickConfigv)
    PC_UART_Config()                         0x0800347d   Thumb Code    70  bspusart.o(i._Z14PC_UART_Configv)
    AIR_UART_Config()                        0x080034d9   Thumb Code   132  bspusart.o(i._Z15AIR_UART_Configv)
    STM_UART_Config()                        0x08003571   Thumb Code    70  bspusart.o(i._Z15STM_UART_Configv)
    UARTxNVIC_Config()                       0x080035cd   Thumb Code   128  bspusart.o(i._Z16UARTxNVIC_Configv)
    RADAR_UART_Config()                      0x080036b5   Thumb Code   132  bspusart.o(i._Z17RADAR_UART_Configv)
    Data_Receive_Prepare(TerminalCommand*, unsigned char) 0x0800380d   Thumb Code   194  receive.o(i._Z20Data_Receive_PrepareP15TerminalCommandh)
    send(XMC_USIC_CH*, const unsigned char*, unsigned) 0x080039b3   Thumb Code    36  driver.o(i._Z4sendP11XMC_USIC_CHPKhj)
    delay_ms(unsigned)                       0x080039d9   Thumb Code    18  timer.o(i._Z8delay_msj)
    baro_test()                              0x080039f1   Thumb Code   350  main.o(i._Z9baro_testv)
    SPISettings::SPISettings(unsigned, unsigned char, unsigned char) 0x08003ba5   Thumb Code     8  dps310.o(i._ZN11SPISettingsC1Ejhh)
    SPISettings::SPISettings__sub_object(unsigned, unsigned char, unsigned char) 0x08003ba5   Thumb Code     0  dps310.o(i._ZN11SPISettingsC1Ejhh)
    TerminalCommand::terminalCommandHandler() 0x08003bad   Thumb Code   266  receive.o(i._ZN15TerminalCommand22terminalCommandHandlerEv)
    TerminalCommand::TerminalCommand()       0x08003ccd   Thumb Code    22  receive.o(i._ZN15TerminalCommandC1Ev)
    TerminalCommand::TerminalCommand__sub_object() 0x08003ccd   Thumb Code     0  receive.o(i._ZN15TerminalCommandC1Ev)
    Dps310::configTemp(unsigned char, unsigned char) 0x08003ce3   Thumb Code   138  dps310.o(i._ZN6Dps31010configTempEhh)
    Dps310::readcoeffs()                     0x08003d6d   Thumb Code   338  dps310.o(i._ZN6Dps31010readcoeffsEv)
    Dps310::correctTemp()                    0x08003ebf   Thumb Code    76  dps310.o(i._ZN6Dps31011correctTempEv)
    Dps310::getPressure(int*)                0x08003f0b   Thumb Code    80  dps310.o(i._ZN6Dps31011getPressureEPi)
    Dps310::readByteSPI(unsigned char)       0x08003f5d   Thumb Code   100  dps310.o(i._ZN6Dps31011readByteSPIEh)
    Dps310::calcBusyTime(unsigned short, unsigned short) 0x08003fc5   Thumb Code    28  dps310.o(i._ZN6Dps31012calcBusyTimeEtt)
    Dps310::calcPressure(int)                0x08003fe1   Thumb Code   324  dps310.o(i._ZN6Dps31012calcPressureEi)
    Dps310::readBlockSPI(unsigned char, unsigned char, unsigned char*) 0x08004129   Thumb Code   130  dps310.o(i._ZN6Dps31012readBlockSPIEhhPh)
    Dps310::writeByteSpi(unsigned char, unsigned char, unsigned char) 0x080041b1   Thumb Code   124  dps310.o(i._ZN6Dps31012writeByteSpiEhhh)
    Dps310::configPressure(unsigned char, unsigned char) 0x08004231   Thumb Code   124  dps310.o(i._ZN6Dps31014configPressureEhh)
    Dps310::getSingleResult(int&)            0x080042ad   Thumb Code   142  dps310.o(i._ZN6Dps31015getSingleResultERi)
    Dps310::measureTempOnce(int&)            0x0800433b   Thumb Code    18  dps310.o(i._ZN6Dps31015measureTempOnceERi)
    Dps310::measureTempOnce(int&, unsigned char) 0x0800434d   Thumb Code    82  dps310.o(i._ZN6Dps31015measureTempOnceERih)
    Dps310::readByteBitfield(unsigned char, unsigned char, unsigned char) 0x0800439f   Thumb Code    40  dps310.o(i._ZN6Dps31016readByteBitfieldEhhh)
    Dps310::writeByteBitfield(unsigned char, unsigned char, unsigned char, unsigned char) 0x080043c7   Thumb Code    38  dps310.o(i._ZN6Dps31017writeByteBitfieldEhhhh)
    Dps310::writeByteBitfield(unsigned char, unsigned char, unsigned char, unsigned char, unsigned char) 0x080043ed   Thumb Code    62  dps310.o(i._ZN6Dps31017writeByteBitfieldEhhhhh)
    Dps310::measurePressureOnce(int&, unsigned char) 0x0800442b   Thumb Code    82  dps310.o(i._ZN6Dps31019measurePressureOnceERih)
    Dps310::startMeasureTempOnce(unsigned char) 0x0800447d   Thumb Code    64  dps310.o(i._ZN6Dps31020startMeasureTempOnceEh)
    Dps310::startMeasurePressureOnce(unsigned char) 0x080044bd   Thumb Code    64  dps310.o(i._ZN6Dps31024startMeasurePressureOnceEh)
    Dps310::end()                            0x080044fd   Thumb Code    12  dps310.o(i._ZN6Dps3103endEv)
    Dps310::init()                           0x08004509   Thumb Code   176  dps310.o(i._ZN6Dps3104initEv)
    Dps310::begin(TwoWire&)                  0x080045b9   Thumb Code    18  dps310.o(i._ZN6Dps3105beginER7TwoWire)
    Dps310::begin(TwoWire&, unsigned char)   0x080045cb   Thumb Code    44  dps310.o(i._ZN6Dps3105beginER7TwoWireh)
    Dps310::getTemp(int*)                    0x080045f7   Thumb Code    80  dps310.o(i._ZN6Dps3107getTempEPi)
    Dps310::standby()                        0x08004647   Thumb Code    78  dps310.o(i._ZN6Dps3107standbyEv)
    Dps310::calcTemp(int)                    0x08004695   Thumb Code   114  dps310.o(i._ZN6Dps3108calcTempEi)
    Dps310::readByte(unsigned char)          0x0800470d   Thumb Code    86  dps310.o(i._ZN6Dps3108readByteEh)
    Dps310::readBlock(unsigned char, unsigned char, unsigned char*) 0x08004763   Thumb Code   110  dps310.o(i._ZN6Dps3109readBlockEhhPh)
    Dps310::setOpMode(unsigned char)         0x080047d1   Thumb Code    48  dps310.o(i._ZN6Dps3109setOpModeEh)
    Dps310::setOpMode(unsigned char, unsigned char, unsigned char) 0x08004801   Thumb Code    44  dps310.o(i._ZN6Dps3109setOpModeEhhh)
    Dps310::writeByte(unsigned char, unsigned char) 0x0800482d   Thumb Code    22  dps310.o(i._ZN6Dps3109writeByteEhh)
    Dps310::writeByte(unsigned char, unsigned char, unsigned char) 0x08004843   Thumb Code   106  dps310.o(i._ZN6Dps3109writeByteEhhh)
    Dps310::Dps310()                         0x080048ad   Thumb Code     6  dps310.o(i._ZN6Dps310C1Ev)
    Dps310::Dps310__sub_object()             0x080048ad   Thumb Code     0  dps310.o(i._ZN6Dps310C1Ev)
    Dps310::~Dps310()                        0x080048b3   Thumb Code    14  dps310.o(i._ZN6Dps310D1Ev)
    Dps310::~Dps310__sub_object()            0x080048b3   Thumb Code     0  dps310.o(i._ZN6Dps310D1Ev)
    Stream::Stream__sub_object()             0x080048c1   Thumb Code    22  wire.o(i._ZN6StreamC2Ev)
    TwoWire::requestFrom(unsigned char, unsigned char, unsigned char) 0x080048e1   Thumb Code    34  wire.o(i._ZN7TwoWire11requestFromEhhh)
    TwoWire::requestFrom(unsigned char, unsigned char, unsigned, unsigned char, unsigned char) 0x08004905   Thumb Code   460  wire.o(i._ZN7TwoWire11requestFromEhhjhh)
    TwoWire::ReceiveHandler()                0x08004aed   Thumb Code    32  wire.o(i._ZN7TwoWire14ReceiveHandlerEv)
    TwoWire::ProtocolHandler()               0x08004b15   Thumb Code   152  wire.o(i._ZN7TwoWire15ProtocolHandlerEv)
    TwoWire::endTransmission(unsigned char)  0x08004bb9   Thumb Code   242  wire.o(i._ZN7TwoWire15endTransmissionEh)
    TwoWire::endTransmission()               0x08004cc9   Thumb Code    14  wire.o(i._ZN7TwoWire15endTransmissionEv)
    TwoWire::OnReceiveService(unsigned char*, unsigned char) 0x08004cd9   Thumb Code   110  wire.o(i._ZN7TwoWire16OnReceiveServiceEPhh)
    TwoWire::OnRequestService()              0x08004d59   Thumb Code    32  wire.o(i._ZN7TwoWire16OnRequestServiceEv)
    TwoWire::beginTransmission(unsigned char) 0x08004d85   Thumb Code    78  wire.o(i._ZN7TwoWire17beginTransmissionEh)
    TwoWire::end()                           0x08004df1   Thumb Code   194  wire.o(i._ZN7TwoWire3endEv)
    TwoWire::read()                          0x08004ebd   Thumb Code    38  wire.o(i._ZN7TwoWire4readEv)
    TwoWire::begin(unsigned char)            0x08004ef1   Thumb Code   272  wire.o(i._ZN7TwoWire5beginEh)
    TwoWire::begin()                         0x08005021   Thumb Code   200  wire.o(i._ZN7TwoWire5beginEv)
    TwoWire::flush()                         0x08005105   Thumb Code    82  wire.o(i._ZN7TwoWire5flushEv)
    TwoWire::write(unsigned char)            0x0800515d   Thumb Code   178  wire.o(i._ZN7TwoWire5writeEh)
    TwoWire::TwoWire()                       0x08005235   Thumb Code    24  wire.o(i._ZN7TwoWireC1Ev)
    TwoWire::TwoWire__sub_object()           0x08005235   Thumb Code     0  wire.o(i._ZN7TwoWireC1Ev)
    SPIClass::setBitOrder(unsigned char)     0x08005255   Thumb Code    40  hw_spi.o(i._ZN8SPIClass11setBitOrderEh)
    SPIClass::setDataMode(unsigned char)     0x0800527d   Thumb Code    90  hw_spi.o(i._ZN8SPIClass11setDataModeEh)
    SPIClass::endTransaction()               0x080052d7   Thumb Code     2  hw_spi.o(i._ZN8SPIClass14endTransactionEv)
    SPIClass::beginTransaction(SPISettings)  0x080052d9   Thumb Code    56  hw_spi.o(i._ZN8SPIClass16beginTransactionE11SPISettings)
    SPIClass::end()                          0x08005315   Thumb Code   144  hw_spi.o(i._ZN8SPIClass3endEv)
    SPIClass::init()                         0x080053a5   Thumb Code   152  hw_spi.o(i._ZN8SPIClass4initEv)
    SPIClass::begin()                        0x0800543d   Thumb Code    64  hw_spi.o(i._ZN8SPIClass5beginEv)
    SPIClass::transfer(unsigned char)        0x08005485   Thumb Code   106  hw_spi.o(i._ZN8SPIClass8transferEh)
    SPIClass::SPIClass(XMC_SPI*)             0x080054ef   Thumb Code     4  hw_spi.o(i._ZN8SPIClassC1EP7XMC_SPI)
    SPIClass::SPIClass__sub_object(XMC_SPI*) 0x080054ef   Thumb Code     0  hw_spi.o(i._ZN8SPIClassC1EP7XMC_SPI)
    __0printf                                0x080054f5   Thumb Code    22  printfa.o(i.__0printf)
    __1printf                                0x080054f5   Thumb Code     0  printfa.o(i.__0printf)
    __2printf                                0x080054f5   Thumb Code     0  printfa.o(i.__0printf)
    __c89printf                              0x080054f5   Thumb Code     0  printfa.o(i.__0printf)
    printf                                   0x080054f5   Thumb Code     0  printfa.o(i.__0printf)
    __ARM_fpclassify                         0x08005515   Thumb Code    48  fpclassify.o(i.__ARM_fpclassify)
    free                                     0x08005545   Thumb Code    88  mallocr.o(i.__free$realloc)
    __hardfp_pow                             0x080055a1   Thumb Code  3072  pow.o(i.__hardfp_pow)
    __kernel_poly                            0x080061f1   Thumb Code   248  poly.o(i.__kernel_poly)
    malloc                                   0x080062e9   Thumb Code    64  mallocr.o(i.__malloc$realloc)
    __mathlib_dbl_divzero                    0x08006339   Thumb Code    28  dunder.o(i.__mathlib_dbl_divzero)
    __mathlib_dbl_infnan2                    0x08006369   Thumb Code    20  dunder.o(i.__mathlib_dbl_infnan2)
    __mathlib_dbl_invalid                    0x08006381   Thumb Code    24  dunder.o(i.__mathlib_dbl_invalid)
    __mathlib_dbl_overflow                   0x080063a1   Thumb Code    24  dunder.o(i.__mathlib_dbl_overflow)
    __mathlib_dbl_underflow                  0x080063c1   Thumb Code    24  dunder.o(i.__mathlib_dbl_underflow)
    __scatterload_copy                       0x080063e1   Thumb Code    14  handlers.o(i.__scatterload_copy)
    __scatterload_null                       0x080063ef   Thumb Code     2  handlers.o(i.__scatterload_null)
    __scatterload_zeroinit                   0x080063f1   Thumb Code    14  handlers.o(i.__scatterload_zeroinit)
    __set_errno                              0x08006401   Thumb Code     6  errno.o(i.__set_errno)
    b_UidSearch_GetDIE0Info                  0x08006dbb   Thumb Code    16  sls10ere_swi_bif.o(i.b_UidSearch_GetDIE0Info)
    b_UidSearch_GetDIE1Info                  0x08006dcb   Thumb Code    16  sls10ere_swi_bif.o(i.b_UidSearch_GetDIE1Info)
    b_UidSearch_GetDipDoneBit                0x08006ddb   Thumb Code    16  sls10ere_swi_bif.o(i.b_UidSearch_GetDipDoneBit)
    b_UidSearch_SetDIE0Info                  0x08006deb   Thumb Code    22  sls10ere_swi_bif.o(i.b_UidSearch_SetDIE0Info)
    b_UidSearch_SetDIE1Info                  0x08006e01   Thumb Code    10  sls10ere_swi_bif.o(i.b_UidSearch_SetDIE1Info)
    b_UidSearch_SetDipDoneBit                0x08006e0b   Thumb Code    22  sls10ere_swi_bif.o(i.b_UidSearch_SetDipDoneBit)
    b_pop                                    0x08006e21   Thumb Code    34  sls10ere_swi_bif.o(i.b_pop)
    b_push                                   0x08006e4d   Thumb Code    34  sls10ere_swi_bif.o(i.b_push)
    board_init                               0x08006e79   Thumb Code    18  board.o(i.board_init)
    digitalWrite                             0x08006ea9   Thumb Code    36  wiring_digital.o(i.digitalWrite)
    dwordvec_163_copy                        0x08006ed1   Thumb Code    26  sls10ere_math.o(i.dwordvec_163_copy)
    dwordvec_193_copy                        0x08006eeb   Thumb Code    30  sls10ere_math.o(i.dwordvec_193_copy)
    dwordvec_add                             0x08006f09   Thumb Code   104  sls10ere_math.o(i.dwordvec_add)
    dwordvec_cmp                             0x08006f75   Thumb Code    80  sls10ere_math.o(i.dwordvec_cmp)
    dwordvec_iszero                          0x08006fc9   Thumb Code    56  sls10ere_math.o(i.dwordvec_iszero)
    dwordvec_l_shift_163                     0x08007005   Thumb Code    68  sls10ere_math.o(i.dwordvec_l_shift_163)
    dwordvec_l_shift_193                     0x08007049   Thumb Code    80  sls10ere_math.o(i.dwordvec_l_shift_193)
    dwordvec_sub                             0x08007099   Thumb Code   118  sls10ere_math.o(i.dwordvec_sub)
    dwordvec_swap                            0x08007115   Thumb Code    80  sls10ere_math.o(i.dwordvec_swap)
    ecc_add_point_x                          0x08007169   Thumb Code   376  sls10ere_math.o(i.ecc_add_point_x)
    ecc_init                                 0x080072f9   Thumb Code    56  sls10ere_math.o(i.ecc_init)
    ecc_mul_projective                       0x08007345   Thumb Code   312  sls10ere_math.o(i.ecc_mul_projective)
    ecc_point_on_curve                       0x08007499   Thumb Code   112  sls10ere_math.o(i.ecc_point_on_curve)
    fabs                                     0x08007521   Thumb Code    24  fabs.o(i.fabs)
    fputc                                    0x08007539   Thumb Code    20  cppforxmc4700.o(i.fputc)
    generate_challenge                       0x08007551   Thumb Code    48  sls10ere_math.o(i.generate_challenge)
    generate_checkvalue                      0x08007585   Thumb Code    48  sls10ere_math.o(i.generate_checkvalue)
    get_pin                                  0x080075b5   Thumb Code    46  board.o(i.get_pin)
    gf2_163_add                              0x080075ed   Thumb Code    52  sls10ere_math.o(i.gf2_163_add)
    gf2_163_mul                              0x08007621   Thumb Code   174  sls10ere_math.o(i.gf2_163_mul)
    gf2_163_reduction                        0x080076cf   Thumb Code   122  sls10ere_math.o(i.gf2_163_reduction)
    gf2_163_square                           0x08007749   Thumb Code   262  sls10ere_math.o(i.gf2_163_square)
    gf2_163_sum                              0x08007855   Thumb Code    50  sls10ere_math.o(i.gf2_163_sum)
    gf2_193_add                              0x08007887   Thumb Code    60  sls10ere_math.o(i.gf2_193_add)
    gf2_193_mul                              0x080078c3   Thumb Code   174  sls10ere_math.o(i.gf2_193_mul)
    gf2_193_reduction                        0x08007971   Thumb Code    98  sls10ere_math.o(i.gf2_193_reduction)
    gf2_193_square                           0x080079d5   Thumb Code   308  sls10ere_math.o(i.gf2_193_square)
    gf2_193_sum                              0x08007b0d   Thumb Code    58  sls10ere_math.o(i.gf2_193_sum)
    gf2n_divide                              0x08007b49   Thumb Code   146  sls10ere_math.o(i.gf2n_divide)
    gf2n_init                                0x08007bed   Thumb Code   106  sls10ere_math.o(i.gf2n_init)
    gfp_divide                               0x08007cb1   Thumb Code   148  sls10ere_math.o(i.gfp_divide)
    mac_algorithm_80                         0x08007da1   Thumb Code   636  sls10ere_math.o(i.mac_algorithm_80)
    main                                     0x0800801d   Thumb Code   556  main.o(i.main)
    mont_ecc_add                             0x080082b5   Thumb Code   106  sls10ere_math.o(i.mont_ecc_add)
    mont_ecc_double                          0x0800832d   Thumb Code    82  sls10ere_math.o(i.mont_ecc_double)
    mont_ecc_mul                             0x08008391   Thumb Code   380  sls10ere_math.o(i.mont_ecc_mul)
    precompute                               0x0800851d   Thumb Code   270  sls10ere_math.o(i.precompute)
    r_shift                                  0x0800863d   Thumb Code   114  sls10ere_math.o(i.r_shift)
    remove_2_power                           0x080086b5   Thumb Code    52  sls10ere_math.o(i.remove_2_power)
    remove_x_power                           0x080086ed   Thumb Code    52  sls10ere_math.o(i.remove_x_power)
    set_pin                                  0x08008729   Thumb Code    46  board.o(i.set_pin)
    set_pin_dir                              0x08008761   Thumb Code    54  board.o(i.set_pin_dir)
    sha256                                   0x0800879d   Thumb Code    38  sls10ere_math.o(i.sha256)
    sha256_compress                          0x080087c5   Thumb Code   578  sls10ere_math.o(i.sha256_compress)
    sha256_final                             0x08008a0d   Thumb Code   142  sls10ere_math.o(i.sha256_final)
    sha256_init                              0x08008a9d   Thumb Code    40  sls10ere_math.o(i.sha256_init)
    sha256_update                            0x08008ae5   Thumb Code    56  sls10ere_math.o(i.sha256_update)
    sqrt                                     0x08008b1d   Thumb Code   110  sqrt.o(i.sqrt)
    test_fail                                0x08008b8d   Thumb Code    70  board.o(i.test_fail)
    test_output                              0x08008bd9   Thumb Code    18  board.o(i.test_output)
    test_pass                                0x08008bed   Thumb Code    30  board.o(i.test_pass)
    timing_init                              0x08008c11   Thumb Code    78  board.o(i.timing_init)
    ub_SizeOfStack                           0x08008c95   Thumb Code     6  sls10ere_swi_bif.o(i.ub_SizeOfStack)
    udelay                                   0x08008ca1   Thumb Code    18  board.o(i.udelay)
    verify_mac                               0x08008cb5   Thumb Code   106  sls10ere_math.o(i.verify_mac)
    mapping_port_pin                         0x08008d28   Data         784  xmc_i2c_conf.o(.constdata)
    mapping_interrupt                        0x08009038   Data          24  xmc_i2c_conf.o(.constdata)
    Dps310::scaling_facts                    0x08009050   Data          32  dps310.o(.constdata)
    coeff_sqrt_b_163_ES                      0x08009094   Data          24  sls10ere_crypto.o(.constdata)
    xP_163_ES                                0x080090ac   Data          24  sls10ere_crypto.o(.constdata)
    curve_163                                0x080090c4   Data          48  sls10ere_crypto.o(.constdata)
    xP_193                                   0x080090f4   Data          28  sls10ere_crypto.o(.constdata)
    yP_193                                   0x08009110   Data          28  sls10ere_crypto.o(.constdata)
    coeff_a_193                              0x0800912c   Data          28  sls10ere_crypto.o(.constdata)
    coeff_sqrt_b_193                         0x08009148   Data          28  sls10ere_crypto.o(.constdata)
    order_193                                0x08009164   Data          28  sls10ere_crypto.o(.constdata)
    curve_193                                0x08009180   Data          24  sls10ere_crypto.o(.constdata)
    eccpntSignaturePubKey                    0x08009198   Data         112  sls10ere_crypto.o(.constdata)
    __mathlib_zero                           0x08009600   Data           8  qnan.o(.constdata)
    vtable for Print                         0x08009608   Data          16  print.o(.constdata__ZTV5Print)
    vtable for Stream                        0x08009618   Data          32  wire.o(.constdata__ZTV6Stream)
    vtable for TwoWire                       0x08009638   Data          32  wire.o(.constdata__ZTV7TwoWire)
    Region$$Table$$Base                      0x08009658   Number         0  anon$$obj.o(Region$$Table)
    Region$$Table$$Limit                     0x08009678   Number         0  anon$$obj.o(Region$$Table)
    SHT$$INIT_ARRAY$$Base                    0x08009678   Number         0  main.o(.init_array)
    SHT$$INIT_ARRAY$$Limit                   0x08009688   Number         0  cpp_init.o(.init_array)
    temperature_ground                       0x20000000   Data           4  main.o(.data)
    temperature_air                          0x20000004   Data           4  main.o(.data)
    pressure_ground                          0x20000008   Data           4  main.o(.data)
    pressure_air                             0x2000000c   Data           4  main.o(.data)
    button_state                             0x20000013   Data           1  main.o(.data)
    ret_T                                    0x20000014   Data           2  main.o(.data)
    ret_P                                    0x20000016   Data           2  main.o(.data)
    baro_alt_air                             0x20000018   Data           2  main.o(.data)
    baro_alt_ground                          0x2000001a   Data           2  main.o(.data)
    baro_height                              0x2000001c   Data           1  main.o(.data)
    baro_h_t                                 0x2000001e   Data           2  main.o(.data)
    baro_h_offset                            0x20000020   Data           1  main.o(.data)
    baro_delta_p                             0x20000021   Data           1  main.o(.data)
    baro_alt_ref                             0x20000022   Data           2  main.o(.data)
    _msl_pressure                            0x20000024   Data           4  main.o(.data)
    p1                                       0x20000028   Data           8  main.o(.data)
    p                                        0x20000030   Data           8  main.o(.data)
    oversampling                             0x20000040   Data           2  main.o(.data)
    cntt                                     0x20000044   Data           4  main.o(.data)
    cntall                                   0x20000048   Data           4  main.o(.data)
    q                                        0x2000004c   Data           4  main.o(.data)
    XMC_I2C_0                                0x20000050   Data          68  xmc_i2c_conf.o(.data)
    XMC_I2C_1                                0x20000094   Data          68  xmc_i2c_conf.o(.data)
    XMC_SPI_0                                0x200000d8   Data          76  xmc_spi_conf.o(.data)
    XMC_SPI_1                                0x20000124   Data          76  xmc_spi_conf.o(.data)
    XMC_SPI_2                                0x20000170   Data          76  xmc_spi_conf.o(.data)
    XMC_SPI_3                                0x200001bc   Data          76  xmc_spi_conf.o(.data)
    XMC_SPI_4                                0x20000208   Data          76  xmc_spi_conf.o(.data)
    pc_uart                                  0x20000254   Data           4  bspusart.o(.data)
    pc_uart_config                           0x20000258   Data          12  bspusart.o(.data)
    stm_uart                                 0x20000264   Data           4  bspusart.o(.data)
    stm_uart_config                          0x20000268   Data          12  bspusart.o(.data)
    radar_uart                               0x20000274   Data           4  bspusart.o(.data)
    radar_uart_config                        0x20000278   Data          12  bspusart.o(.data)
    air_uart                                 0x20000284   Data           4  bspusart.o(.data)
    air_uart_config                          0x20000288   Data          12  bspusart.o(.data)
    TwoWire::isMaster                        0x20000294   Data           1  wire.o(.data)
    TwoWire::inRepStart                      0x20000295   Data           1  wire.o(.data)
    TwoWire::rxBufferIndex                   0x20000296   Data           1  wire.o(.data)
    TwoWire::rxBufferLength                  0x20000297   Data           1  wire.o(.data)
    TwoWire::slaveAddress                    0x20000298   Data           1  wire.o(.data)
    TwoWire::txAddress                       0x20000299   Data           1  wire.o(.data)
    TwoWire::txBufferIndex                   0x2000029a   Data           1  wire.o(.data)
    TwoWire::txBufferLength                  0x2000029b   Data           1  wire.o(.data)
    TwoWire::pre_rxBufferCount               0x2000029c   Data           1  wire.o(.data)
    TwoWire::transmitting                    0x2000029d   Data           1  wire.o(.data)
    TwoWire::timeout                         0x2000029e   Data           2  wire.o(.data)
    TwoWire::user_onRequest                  0x200002a0   Data           4  wire.o(.data)
    TwoWire::user_onReceive                  0x200002a4   Data           4  wire.o(.data)
    SS                                       0x200002a8   Data           1  hw_spi.o(.data)
    MOSI                                     0x200002a9   Data           1  hw_spi.o(.data)
    MISO                                     0x200002aa   Data           1  hw_spi.o(.data)
    SCK                                      0x200002ab   Data           1  hw_spi.o(.data)
    DEFAULT_SPI_SETTINGS                     0x200002ac   Data           8  hw_spi.o(.data)
    tick                                     0x200002b4   Data           4  timer.o(.data)
    g_ulBaudLow                              0x200002b8   Data           4  board.o(.data)
    g_ulBaudHigh                             0x200002bc   Data           4  board.o(.data)
    g_ulBaudStop                             0x200002c0   Data           4  board.o(.data)
    g_ulResponseTimeOut                      0x200002c4   Data           4  board.o(.data)
    g_ulBaudPowerUpPulse                     0x200002c8   Data           4  board.o(.data)
    g_ulBaudPowerDownTime                    0x200002cc   Data           4  board.o(.data)
    g_ulBaudPowerUpTime                      0x200002d0   Data           4  board.o(.data)
    g_ulBaudResetTime                        0x200002d4   Data           4  board.o(.data)
    g_ulIntTimeoutDefault                    0x200002d8   Data           4  board.o(.data)
    g_ulImmediateIntTimeOut                  0x200002dc   Data           4  board.o(.data)
    g_culNvmTimeout                          0x200002e0   Data           4  board.o(.data)
    g_ubDevType                              0x200002e4   Data           1  board.o(.data)
    devCnt                                   0x200002e5   Data           1  test_case.o(.data)
    test222                                  0x200002e6   Data           1  pin_interrupt.o(.data)
    actual_base_point_order                  0x200002f4   Data           4  sls10ere_math.o(.data)
    actual_coeff_a                           0x200002f8   Data           4  sls10ere_math.o(.data)
    actual_coeff_sqrt_b                      0x200002fc   Data           4  sls10ere_math.o(.data)
    actual_irred_polynomial                  0x20000300   Data           4  sls10ere_math.o(.data)
    actual_degree                            0x20000304   Data           4  sls10ere_math.o(.data)
    actual_gf2n_sum                          0x2000030c   Data           4  sls10ere_math.o(.data)
    actual_gf2n_square                       0x20000310   Data           4  sls10ere_math.o(.data)
    actual_dwordvec_copy                     0x20000314   Data           4  sls10ere_math.o(.data)
    actual_gf2n_add                          0x20000318   Data           4  sls10ere_math.o(.data)
    actual_gf2n_mul                          0x2000031c   Data           4  sls10ere_math.o(.data)
    ub_StackPointer                          0x20000320   Data           1  sls10ere_swi_bif.o(.data)
    __stdout                                 0x2000032c   Data           4  stdout.o(.data)
    __microlib_freelist                      0x20000330   Data           4  mvars.o(.data)
    __microlib_freelist_initialised          0x20000334   Data           4  mvars.o(.data)
    Dps310PressureSensor                     0x20000340   Data          80  main.o(.bss)
    pc_rx_pin_config                         0x20000390   Data          12  bspusart.o(.bss)
    pc_tx_pin_config                         0x2000039c   Data          12  bspusart.o(.bss)
    stm_rx_pin_config                        0x200003a8   Data          12  bspusart.o(.bss)
    stm_tx_pin_config                        0x200003b4   Data          12  bspusart.o(.bss)
    radar_rx_pin_config                      0x200003c0   Data          12  bspusart.o(.bss)
    radar_tx_pin_config                      0x200003cc   Data          12  bspusart.o(.bss)
    air_rx_pin_config                        0x200003d8   Data          12  bspusart.o(.bss)
    air_tx_pin_config                        0x200003e4   Data          12  bspusart.o(.bss)
    s_target_list                            0x2000047c   Data          40  receive.o(.bss)
    Terminal_pc                              0x200004a4   Data          48  receive.o(.bss)
    Terminal_stm                             0x200004d4   Data          48  receive.o(.bss)
    Terminal_radar                           0x20000504   Data          48  receive.o(.bss)
    Terminal_air                             0x20000534   Data          48  receive.o(.bss)
    Wire                                     0x20000564   Data          24  wire.o(.bss)
    TwoWire::rxBuffer                        0x2000057c   Data          32  wire.o(.bss)
    TwoWire::txBuffer                        0x2000059c   Data          32  wire.o(.bss)
    TwoWire::pre_rxBuffer                    0x200005bc   Data          32  wire.o(.bss)
    SPI                                      0x200005dc   Data          12  hw_spi.o(.bss)
    SPI1                                     0x200005e8   Data          12  hw_spi.o(.bss)
    SPI2                                     0x200005f4   Data          12  hw_spi.o(.bss)
    SPI3                                     0x20000600   Data          12  hw_spi.o(.bss)
    SPI4                                     0x2000060c   Data          12  hw_spi.o(.bss)
    stDetectedPuid                           0x20000618   Data          40  test_case.o(.bss)
    str                                      0x20000640   Data          32  test_case.o(.bss)
    actual_base_point                        0x20000ad4   Data          56  sls10ere_math.o(.bss)
    ub_Stack                                 0x20000b0c   Data          80  sls10ere_swi_bif.o(.bss)
    __heap_base                              0x20000b60   Data           0  startup_xmc4700.o(HEAP)
    __heap_limit                             0x20000d60   Data           0  startup_xmc4700.o(HEAP)
    __initial_sp                             0x20001560   Data           0  startup_xmc4700.o(STACK)
    SystemCoreClock                          0x2003ffc0   Data           4  system_xmc4700.o(.ARM.__AT_0x2003FFC0)
    g_chipid                                 0x2003ffc4   Data          16  system_xmc4700.o(.ARM.__AT_0x2003FFC4)



==============================================================================

Memory Map of the image

  Image Entry point : 0x08000201

  Load Region LR_IROM1 (Base: 0x08000000, Size: 0x000099c8, Max: 0x00200000, ABSOLUTE, COMPRESSED[0x0000975c])

    Execution Region ER_IROM1 (Exec base: 0x08000000, Load base: 0x08000000, Size: 0x00009688, Max: 0x00200000, ABSOLUTE)

    Exec Addr    Load Addr    Size         Type   Attr      Idx    E Section Name        Object

    0x08000000   0x08000000   0x00000200   Data   RO         6628    RESET               startup_xmc4700.o
    0x08000200   0x08000200   0x00000000   Code   RO         6820  * .ARM.Collect$$$$00000000  mc_w.l(entry.o)
    0x08000200   0x08000200   0x00000004   Code   RO         7256    .ARM.Collect$$$$00000001  mc_w.l(entry2.o)
    0x08000204   0x08000204   0x00000004   Code   RO         7259    .ARM.Collect$$$$00000004  mc_w.l(entry5.o)
    0x08000208   0x08000208   0x00000000   Code   RO         7261    .ARM.Collect$$$$00000008  mc_w.l(entry7b.o)
    0x08000208   0x08000208   0x00000004   Code   RO         7262    .ARM.Collect$$$$00000009  mc_w.l(entry8a.o)
    0x0800020c   0x0800020c   0x00000000   Code   RO         7263    .ARM.Collect$$$$0000000A  mc_w.l(entry8b.o)
    0x0800020c   0x0800020c   0x00000008   Code   RO         7264    .ARM.Collect$$$$0000000B  mc_w.l(entry9a.o)
    0x08000214   0x08000214   0x00000000   Code   RO         7266    .ARM.Collect$$$$0000000D  mc_w.l(entry10a.o)
    0x08000214   0x08000214   0x00000004   Code   RO         7267    .ARM.Collect$$$$0000000E  mc_w.l(entry10b.o)
    0x08000218   0x08000218   0x00000000   Code   RO         7268    .ARM.Collect$$$$0000000F  mc_w.l(entry11a.o)
    0x08000218   0x08000218   0x00000004   Code   RO         7257    .ARM.Collect$$$$00002712  mc_w.l(entry2.o)
    0x0800021c   0x0800021c   0x0000001c   Code   RO         6629    .text               startup_xmc4700.o
    0x08000238   0x08000238   0x00000024   Code   RO         6855    .text               mc_w.l(rand.o)
    0x0800025c   0x0800025c   0x00000040   Code   RO         6860    .text               mc_w.l(memmovea.o)
    0x0800029c   0x0800029c   0x00000024   Code   RO         6862    .text               mc_w.l(memseta.o)
    0x080002c0   0x080002c0   0x00000020   Code   RO         7178    .text               mc_w.l(cpp_init.o)
    0x080002e0   0x080002e0   0x0000002e   Code   RO         7180    .text               mc_w.l(aeabi_atexit.o)
    0x0800030e   0x0800030e   0x0000014e   Code   RO         7182    .text               mf_w.l(dadd.o)
    0x0800045c   0x0800045c   0x000000e4   Code   RO         7184    .text               mf_w.l(dmul.o)
    0x08000540   0x08000540   0x000000de   Code   RO         7186    .text               mf_w.l(ddiv.o)
    0x0800061e   0x0800061e   0x00000022   Code   RO         7190    .text               mf_w.l(dflti.o)
    0x08000640   0x08000640   0x0000001a   Code   RO         7192    .text               mf_w.l(dfltui.o)
    0x0800065a   0x0800065a   0x0000003e   Code   RO         7194    .text               mf_w.l(dfixi.o)
    0x08000698   0x08000698   0x00000032   Code   RO         7196    .text               mf_w.l(dfixui.o)
    0x080006ca   0x080006ca   0x00000002   PAD
    0x080006cc   0x080006cc   0x00000030   Code   RO         7202    .text               mf_w.l(cdrcmple.o)
    0x080006fc   0x080006fc   0x0000002c   Code   RO         7271    .text               mc_w.l(uidiv.o)
    0x08000728   0x08000728   0x00000062   Code   RO         7273    .text               mc_w.l(uldiv.o)
    0x0800078a   0x0800078a   0x0000001e   Code   RO         7275    .text               mc_w.l(llshl.o)
    0x080007a8   0x080007a8   0x00000020   Code   RO         7277    .text               mc_w.l(llushr.o)
    0x080007c8   0x080007c8   0x00000024   Code   RO         7279    .text               mc_w.l(llsshr.o)
    0x080007ec   0x080007ec   0x00000000   Code   RO         7294    .text               mc_w.l(iusefp.o)
    0x080007ec   0x080007ec   0x00000008   Code   RO         7295    .text               mc_w.l(cpp_dtor.o)
    0x080007f4   0x080007f4   0x00000042   Code   RO         7298    .text               mc_w.l(cxa_finalize.o)
    0x08000836   0x08000836   0x000000ba   Code   RO         7302    .text               mf_w.l(depilogue.o)
    0x080008f0   0x080008f0   0x0000002e   Code   RO         7304    .text               mf_w.l(dscalb.o)
    0x0800091e   0x0800091e   0x00000030   Code   RO         7306    .text               mf_w.l(dfixul.o)
    0x0800094e   0x0800094e   0x00000002   PAD
    0x08000950   0x08000950   0x00000024   Code   RO         7321    .text               mc_w.l(init.o)
    0x08000974   0x08000974   0x00000002   Code   RO         7331    .text               mc_w.l(cpp_final.o)
    0x08000976   0x08000976   0x000000a2   Code   RO         7333    .text               mf_w.l(dsqrt.o)
    0x08000a18   0x08000a18   0x00000056   Code   RO         7355    .text               mc_w.l(__dczerorl2.o)
    0x08000a6e   0x08000a6e   0x00000002   PAD
    0x08000a70   0x08000a70   0x00000030   Code   RO         3202    i.Buttons_GetState  button.o
    0x08000aa0   0x08000aa0   0x00000034   Code   RO         3203    i.Buttons_Initialize  button.o
    0x08000ad4   0x08000ad4   0x00000002   Code   RO         2906    i.CCU40_0_IRQHandler  timer.o
    0x08000ad6   0x08000ad6   0x00000002   Code   RO         2907    i.CCU40_1_IRQHandler  timer.o
    0x08000ad8   0x08000ad8   0x00000178   Code   RO         3475    i.ECDSA_verify      sls10ere_math.o
    0x08000c50   0x08000c50   0x0000000c   Code   RO         3254    i.ERU0_0_IRQHandler  pin_interrupt.o
    0x08000c5c   0x08000c5c   0x00000008   Code   RO         6636    i.OSCHP_GetFrequency  system_xmc4700.o
    0x08000c64   0x08000c64   0x0000000c   Code   RO         3038    i.SWI_BIFDelay      board.o
    0x08000c70   0x08000c70   0x0000002c   Code   RO         3891    i.SWI_BIFHALSetTauSWI_BIF  swi_hal.o
    0x08000c9c   0x08000c9c   0x0000008c   Code   RO         3894    i.SWI_BIFTransCheckBitInversion  swi_hal.o
    0x08000d28   0x08000d28   0x0000015a   Code   RO         3895    i.SWI_BIFTransCheckParityBit  swi_hal.o
    0x08000e82   0x08000e82   0x00000048   Code   RO         3896    i.SWI_BIFTransProcessReceivedWord  swi_hal.o
    0x08000eca   0x08000eca   0x00000092   Code   RO         3897    i.SWI_BIFTransReadMultUint8  swi_hal.o
    0x08000f5c   0x08000f5c   0x00000068   Code   RO         3898    i.SWI_BIFTransReadUint16  swi_hal.o
    0x08000fc4   0x08000fc4   0x0000003c   Code   RO         3899    i.SWI_BIFTransReadUint8  swi_hal.o
    0x08001000   0x08001000   0x00000228   Code   RO         3900    i.SWI_BIFTransReceiveWord  swi_hal.o
    0x08001228   0x08001228   0x00000284   Code   RO         3902    i.SWI_BIFTransSendWord  swi_hal.o
    0x080014ac   0x080014ac   0x00000172   Code   RO         3903    i.SWI_BIFTransSetParityBits  swi_hal.o
    0x0800161e   0x0800161e   0x00000040   Code   RO         3904    i.SWI_BIFTransTreatInvertFlag  swi_hal.o
    0x0800165e   0x0800165e   0x00000038   Code   RO         3905    i.SWI_BIFTransWriteMultUint8  swi_hal.o
    0x08001696   0x08001696   0x0000002c   Code   RO         3906    i.SWI_BIFTransWriteUint16  swi_hal.o
    0x080016c2   0x080016c2   0x00000024   Code   RO         3907    i.SWI_BIFTransWriteUint8  swi_hal.o
    0x080016e6   0x080016e6   0x00000002   PAD
    0x080016e8   0x080016e8   0x0000002c   Code   RO         3909    i.SWI_BIFTrans_Abort_EINT  swi_hal.o
    0x08001714   0x08001714   0x00000010   Code   RO         3913    i.SWI_BIFTrans_DIE0  swi_hal.o
    0x08001724   0x08001724   0x00000010   Code   RO         3914    i.SWI_BIFTrans_DIE1  swi_hal.o
    0x08001734   0x08001734   0x00000074   Code   RO         3916    i.SWI_BIFTrans_DIP0  swi_hal.o
    0x080017a8   0x080017a8   0x00000074   Code   RO         3917    i.SWI_BIFTrans_DIP1  swi_hal.o
    0x0800181c   0x0800181c   0x00000010   Code   RO         3918    i.SWI_BIFTrans_DISS  swi_hal.o
    0x0800182c   0x0800182c   0x00000060   Code   RO         3921    i.SWI_BIFTrans_EINT  swi_hal.o
    0x0800188c   0x0800188c   0x0000001c   Code   RO         3923    i.SWI_BIFTrans_HardRST  swi_hal.o
    0x080018a8   0x080018a8   0x00000012   Code   RO         3930    i.SWI_BIFTrans_SDA  swi_hal.o
    0x080018ba   0x080018ba   0x00000012   Code   RO         3934    i.SWI_BIFTrans_WD   swi_hal.o
    0x080018cc   0x080018cc   0x00000022   Code   RO         3936    i.SWI_BIFTrans_WakeUpFromPWDN  swi_hal.o
    0x080018ee   0x080018ee   0x000000b4   Code   RO         3335    i.Sls10ere_ECC      sls10ere_auth.o
    0x080019a2   0x080019a2   0x00000002   PAD
    0x080019a4   0x080019a4   0x00000048   Code   RO         3143    i.Sls10ere_ECC_Test  test_case.o
    0x080019ec   0x080019ec   0x0000005c   Code   RO         3144    i.Sls10ere_NVM_Test  test_case.o
    0x08001a48   0x08001a48   0x000000f8   Code   RO         3404    i.Sls10ere_RegisterCrypto  sls10ere_crypto.o
    0x08001b40   0x08001b40   0x00000048   Code   RO         3145    i.Sls10ere_Run_Test  test_case.o
    0x08001b88   0x08001b88   0x00000250   Code   RO         3805    i.Sls10ere_SWI_BIF_search_ids  sls10ere_swi_bif.o
    0x08001dd8   0x08001dd8   0x00000044   Code   RO         3146    i.Sls10ere_Test_Init  test_case.o
    0x08001e1c   0x08001e1c   0x000000d4   Code   RO         3405    i.Sls10ere_authenticate  sls10ere_crypto.o
    0x08001ef0   0x08001ef0   0x00000034   Code   RO         3406    i.Sls10ere_generate_challenge  sls10ere_crypto.o
    0x08001f24   0x08001f24   0x00000034   Code   RO         3407    i.Sls10ere_generate_checkvalue  sls10ere_crypto.o
    0x08001f58   0x08001f58   0x00000048   Code   RO         3408    i.Sls10ere_initialize_crypto  sls10ere_crypto.o
    0x08001fa0   0x08001fa0   0x00000080   Code   RO         3409    i.Sls10ere_mac_verify  sls10ere_crypto.o
    0x08002020   0x08002020   0x00000014   Code   RO         3410    i.Sls10ere_memcpy   sls10ere_crypto.o
    0x08002034   0x08002034   0x00000014   Code   RO         3411    i.Sls10ere_memset   sls10ere_crypto.o
    0x08002048   0x08002048   0x00000068   Code   RO         3748    i.Sls10ere_nvm_read_data  sls10ere_nvm.o
    0x080020b0   0x080020b0   0x00000074   Code   RO         3751    i.Sls10ere_nvm_wait_wr_done  sls10ere_nvm.o
    0x08002124   0x08002124   0x0000026c   Code   RO         3752    i.Sls10ere_nvm_write_data  sls10ere_nvm.o
    0x08002390   0x08002390   0x0000002a   Code   RO         3412    i.Sls10ere_rand     sls10ere_crypto.o
    0x080023ba   0x080023ba   0x00000040   Code   RO         3336    i.Sls10ere_read_ODC  sls10ere_auth.o
    0x080023fa   0x080023fa   0x0000006c   Code   RO         3337    i.Sls10ere_read_response  sls10ere_auth.o
    0x08002466   0x08002466   0x00000002   Code   RO         3413    i.Sls10ere_unregister  sls10ere_crypto.o
    0x08002468   0x08002468   0x00000056   Code   RO         3338    i.Sls10ere_write_challenge  sls10ere_auth.o
    0x080024be   0x080024be   0x00000002   PAD
    0x080024c0   0x080024c0   0x00000120   Code   RO         3339    i.Sls10ere_write_challenge_read_response  sls10ere_auth.o
    0x080025e0   0x080025e0   0x00000010   Code   RO         2908    i.SysTick_Handler   timer.o
    0x080025f0   0x080025f0   0x00000218   Code   RO         6637    i.SystemCoreClockSetup  system_xmc4700.o
    0x08002808   0x08002808   0x000000a4   Code   RO         6638    i.SystemCoreClockUpdate  system_xmc4700.o
    0x080028ac   0x080028ac   0x00000058   Code   RO         6639    i.SystemCoreSetup   system_xmc4700.o
    0x08002904   0x08002904   0x0000001c   Code   RO         6640    i.SystemInit        system_xmc4700.o
    0x08002920   0x08002920   0x00000020   Code   RO          899    i.USIC0_5_IRQHandler  receive.o
    0x08002940   0x08002940   0x00000010   Code   RO         1027    i.USIC1_1_IRQHandler  wire.o
    0x08002950   0x08002950   0x00000010   Code   RO         1028    i.USIC1_2_IRQHandler  wire.o
    0x08002960   0x08002960   0x00000020   Code   RO          900    i.USIC1_5_IRQHandler  receive.o
    0x08002980   0x08002980   0x00000020   Code   RO          901    i.USIC2_4_IRQHandler  receive.o
    0x080029a0   0x080029a0   0x00000020   Code   RO          902    i.USIC2_5_IRQHandler  receive.o
    0x080029c0   0x080029c0   0x00000094   Code   RO         5017    i.XMC_CCU4_EnableModule  xmc_ccu4.o
    0x08002a54   0x08002a54   0x00000026   Code   RO         5018    i.XMC_CCU4_Init     xmc_ccu4.o
    0x08002a7a   0x08002a7a   0x00000030   Code   RO         5022    i.XMC_CCU4_SLICE_CompareInit  xmc_ccu4.o
    0x08002aaa   0x08002aaa   0x00000056   Code   RO         5035    i.XMC_CCU4_SLICE_SetInterruptNode  xmc_ccu4.o
    0x08002b00   0x08002b00   0x00000010   Code   RO         5044    i.XMC_CCU4_SetModuleClock  xmc_ccu4.o
    0x08002b10   0x08002b10   0x0000000c   Code   RO         3039    i.XMC_GPIO_GetInput  board.o
    0x08002b1c   0x08002b1c   0x000000b8   Code   RO         4265    i.XMC_GPIO_Init     xmc4_gpio.o
    0x08002bd4   0x08002bd4   0x00000040   Code   RO         5762    i.XMC_GPIO_SetMode  xmc_gpio.o
    0x08002c14   0x08002c14   0x00000008   Code   RO         3040    i.XMC_GPIO_SetOutputHigh  board.o
    0x08002c1c   0x08002c1c   0x0000000a   Code   RO         3041    i.XMC_GPIO_SetOutputLow  board.o
    0x08002c26   0x08002c26   0x00000008   Code   RO         5791    i.XMC_I2C_CH_ClearStatusFlag  xmc_i2c.o
    0x08002c2e   0x08002c2e   0x00000002   PAD
    0x08002c30   0x08002c30   0x0000001c   Code   RO         5792    i.XMC_I2C_CH_DisableEvent  xmc_i2c.o
    0x08002c4c   0x08002c4c   0x0000001c   Code   RO         5793    i.XMC_I2C_CH_EnableEvent  xmc_i2c.o
    0x08002c68   0x08002c68   0x0000001a   Code   RO         5794    i.XMC_I2C_CH_GetReceivedData  xmc_i2c.o
    0x08002c82   0x08002c82   0x00000002   PAD
    0x08002c84   0x08002c84   0x00000038   Code   RO         5796    i.XMC_I2C_CH_Init   xmc_i2c.o
    0x08002cbc   0x08002cbc   0x00000038   Code   RO         5797    i.XMC_I2C_CH_MasterReceiveAck  xmc_i2c.o
    0x08002cf4   0x08002cf4   0x00000038   Code   RO         5798    i.XMC_I2C_CH_MasterReceiveNack  xmc_i2c.o
    0x08002d2c   0x08002d2c   0x00000044   Code   RO         5799    i.XMC_I2C_CH_MasterRepeatedStart  xmc_i2c.o
    0x08002d70   0x08002d70   0x00000044   Code   RO         5800    i.XMC_I2C_CH_MasterStart  xmc_i2c.o
    0x08002db4   0x08002db4   0x00000038   Code   RO         5801    i.XMC_I2C_CH_MasterStop  xmc_i2c.o
    0x08002dec   0x08002dec   0x00000032   Code   RO         5802    i.XMC_I2C_CH_MasterTransmit  xmc_i2c.o
    0x08002e1e   0x08002e1e   0x00000002   PAD
    0x08002e20   0x08002e20   0x00000054   Code   RO         5803    i.XMC_I2C_CH_SetBaudrate  xmc_i2c.o
    0x08002e74   0x08002e74   0x00000020   Code   RO         5804    i.XMC_I2C_CH_SetSlaveAddress  xmc_i2c.o
    0x08002e94   0x08002e94   0x0000003a   Code   RO         5805    i.XMC_I2C_CH_SlaveTransmit  xmc_i2c.o
    0x08002ece   0x08002ece   0x0000002a   Code   RO         5806    i.XMC_I2C_CH_Stop   xmc_i2c.o
    0x08002ef8   0x08002ef8   0x0000000c   Code   RO         4302    i.XMC_SCU_CLOCK_EnableClock  xmc4_scu.o
    0x08002f04   0x08002f04   0x0000001c   Code   RO         4315    i.XMC_SCU_CLOCK_GetPeripheralClockFrequency  xmc4_scu.o
    0x08002f20   0x08002f20   0x00000018   Code   RO         4348    i.XMC_SCU_CLOCK_UngatePeripheralClock  xmc4_scu.o
    0x08002f38   0x08002f38   0x00000018   Code   RO         4397    i.XMC_SCU_RESET_DeassertPeripheralReset  xmc4_scu.o
    0x08002f50   0x08002f50   0x00000008   Code   RO         5915    i.XMC_SPI_CH_ClearStatusFlag  xmc_spi.o
    0x08002f58   0x08002f58   0x0000001a   Code   RO         5920    i.XMC_SPI_CH_GetReceivedData  xmc_spi.o
    0x08002f72   0x08002f72   0x00000002   PAD
    0x08002f74   0x08002f74   0x00000040   Code   RO         5921    i.XMC_SPI_CH_Init   xmc_spi.o
    0x08002fb4   0x08002fb4   0x00000024   Code   RO         5922    i.XMC_SPI_CH_SetBaudrate  xmc_spi.o
    0x08002fd8   0x08002fd8   0x0000002a   Code   RO         5924    i.XMC_SPI_CH_Stop   xmc_spi.o
    0x08003002   0x08003002   0x00000046   Code   RO         5925    i.XMC_SPI_CH_Transmit  xmc_spi.o
    0x08003048   0x08003048   0x0000001a   Code   RO         6003    i.XMC_UART_CH_GetReceivedData  xmc_uart.o
    0x08003062   0x08003062   0x00000074   Code   RO         6004    i.XMC_UART_CH_Init  xmc_uart.o
    0x080030d6   0x080030d6   0x0000002c   Code   RO         6007    i.XMC_UART_CH_Transmit  xmc_uart.o
    0x08003102   0x08003102   0x00000002   PAD
    0x08003104   0x08003104   0x00000078   Code   RO         6066    i.XMC_USIC_CH_Enable  xmc_usic.o
    0x0800317c   0x0800317c   0x0000000a   Code   RO         5807    i.XMC_USIC_CH_GetTransmitBufferStatus  xmc_i2c.o
    0x08003186   0x08003186   0x00000002   PAD
    0x08003188   0x08003188   0x00000030   Code   RO         6067    i.XMC_USIC_CH_RXFIFO_Configure  xmc_usic.o
    0x080031b8   0x080031b8   0x00000098   Code   RO         6070    i.XMC_USIC_CH_SetBaudrate  xmc_usic.o
    0x08003250   0x08003250   0x00000014   Code   RO         6071    i.XMC_USIC_CH_SetInterruptNodePointer  xmc_usic.o
    0x08003264   0x08003264   0x0000002c   Code   RO         6072    i.XMC_USIC_CH_TXFIFO_Configure  xmc_usic.o
    0x08003290   0x08003290   0x00000054   Code   RO         6076    i.XMC_USIC_Enable   xmc_usic.o
    0x080032e4   0x080032e4   0x00000018   Code   RO          634    i._Z10UartConfigv   bspusart.o
    0x080032fc   0x080032fc   0x00000074   Code   RO         2909    i._Z12Timer1Configv  timer.o
    0x08003370   0x08003370   0x00000074   Code   RO         2910    i._Z12Timer2Configv  timer.o
    0x080033e4   0x080033e4   0x00000050   Code   RO          753    i._Z12send2xmc_airh  driver.o
    0x08003434   0x08003434   0x00000048   Code   RO         2911    i._Z13SystickConfigv  timer.o
    0x0800347c   0x0800347c   0x0000005c   Code   RO          635    i._Z14PC_UART_Configv  bspusart.o
    0x080034d8   0x080034d8   0x00000098   Code   RO          636    i._Z15AIR_UART_Configv  bspusart.o
    0x08003570   0x08003570   0x0000005c   Code   RO          637    i._Z15STM_UART_Configv  bspusart.o
    0x080035cc   0x080035cc   0x00000088   Code   RO          638    i._Z16UARTxNVIC_Configv  bspusart.o
    0x08003654   0x08003654   0x00000010   Code   RO         1029    i._Z16XMC_I2C_CH_StartP11XMC_USIC_CH  wire.o
    0x08003664   0x08003664   0x0000001a   Code   RO          639    i._Z16__NVIC_EnableIRQ9IRQn_Type  bspusart.o
    0x0800367e   0x0800367e   0x0000001a   Code   RO         1030    i._Z16__NVIC_EnableIRQ9IRQn_Type  wire.o
    0x08003698   0x08003698   0x0000001a   Code   RO         2912    i._Z16__NVIC_EnableIRQ9IRQn_Type  timer.o
    0x080036b2   0x080036b2   0x00000002   PAD
    0x080036b4   0x080036b4   0x00000098   Code   RO          640    i._Z17RADAR_UART_Configv  bspusart.o
    0x0800374c   0x0800374c   0x0000000c   Code   RO          641    i._Z17XMC_UART_CH_StartP11XMC_USIC_CH  bspusart.o
    0x08003758   0x08003758   0x0000003c   Code   RO         1031    i._Z17__NVIC_DisableIRQ9IRQn_Type  wire.o
    0x08003794   0x08003794   0x00000028   Code   RO          642    i._Z18__NVIC_SetPriority9IRQn_Typej  bspusart.o
    0x080037bc   0x080037bc   0x00000028   Code   RO         1032    i._Z18__NVIC_SetPriority9IRQn_Typej  wire.o
    0x080037e4   0x080037e4   0x00000028   Code   RO         2913    i._Z18__NVIC_SetPriority9IRQn_Typej  timer.o
    0x0800380c   0x0800380c   0x000000c2   Code   RO          903    i._Z20Data_Receive_PrepareP15TerminalCommandh  receive.o
    0x080038ce   0x080038ce   0x0000000c   Code   RO         2914    i._Z20XMC_CCU4_EnableClockP19CCU4_GLOBAL_TypeDefh  timer.o
    0x080038da   0x080038da   0x0000000a   Code   RO          227    i._Z21XMC_GPIO_SetOutputLowP13XMC_GPIO_PORTh  main.o
    0x080038e4   0x080038e4   0x00000008   Code   RO          228    i._Z22XMC_GPIO_SetOutputHighP13XMC_GPIO_PORTh  main.o
    0x080038ec   0x080038ec   0x0000000a   Code   RO         2915    i._Z23XMC_CCU4_StartPrescalerP19CCU4_GLOBAL_TypeDef  timer.o
    0x080038f6   0x080038f6   0x00000008   Code   RO          643    i._Z23XMC_USIC_CH_EnableEventP11XMC_USIC_CHj  bspusart.o
    0x080038fe   0x080038fe   0x00000006   Code   RO         1033    i._Z24XMC_I2C_CH_GetStatusFlagP11XMC_USIC_CH  wire.o
    0x08003904   0x08003904   0x00000010   Code   RO         2916    i._Z26XMC_CCU4_SLICE_EnableEventP16CCU4_CC4_TypeDef21XMC_CCU4_SLICE_IRQ_ID  timer.o
    0x08003914   0x08003914   0x00000008   Code   RO         1034    i._Z26XMC_I2C_CH_ClearStatusFlagP11XMC_USIC_CHj  wire.o
    0x0800391c   0x0800391c   0x00000008   Code   RO         2339    i._Z26XMC_SPI_CH_ClearStatusFlagP11XMC_USIC_CHj  hw_spi.o
    0x08003924   0x08003924   0x0000002e   Code   RO          644    i._Z26XMC_UART_CH_SetInputSourceP11XMC_USIC_CH17XMC_UART_CH_INPUTh  bspusart.o
    0x08003952   0x08003952   0x0000001a   Code   RO         1035    i._Z26XMC_USIC_CH_SetInputSourceP11XMC_USIC_CH17XMC_USIC_CH_INPUTh  wire.o
    0x0800396c   0x0800396c   0x0000001a   Code   RO         2340    i._Z26XMC_USIC_CH_SetInputSourceP11XMC_USIC_CH17XMC_USIC_CH_INPUTh  hw_spi.o
    0x08003986   0x08003986   0x00000004   Code   RO         2917    i._Z29XMC_CCU4_EnableShadowTransferP19CCU4_GLOBAL_TypeDefj  timer.o
    0x0800398a   0x0800398a   0x00000004   Code   RO         2918    i._Z34XMC_CCU4_SLICE_SetTimerPeriodMatchP16CCU4_CC4_TypeDeft  timer.o
    0x0800398e   0x0800398e   0x00000004   Code   RO         2919    i._Z35XMC_CCU4_SLICE_SetTimerCompareMatchP16CCU4_CC4_TypeDeft  timer.o
    0x08003992   0x08003992   0x0000000a   Code   RO         1036    i._Z35XMC_USIC_CH_GetTransmitBufferStatusP11XMC_USIC_CH  wire.o
    0x0800399c   0x0800399c   0x00000004   Code   RO         1037    i._Z35XMC_USIC_CH_SetTransmitBufferStatusP11XMC_USIC_CH27XMC_USIC_CH_TBUF_STATUS_SET  wire.o
    0x080039a0   0x080039a0   0x00000012   Code   RO         2341    i._Z36XMC_SPI_CH_ConfigureShiftClockOutputP11XMC_USIC_CH40XMC_SPI_CH_BRG_SHIFT_CLOCK_PASSIVE_LEVEL33XMC_SPI_CH_BRG_SHIFT_CLOCK_OUTPUT  hw_spi.o
    0x080039b2   0x080039b2   0x00000024   Code   RO          757    i._Z4sendP11XMC_USIC_CHPKhj  driver.o
    0x080039d6   0x080039d6   0x00000002   PAD
    0x080039d8   0x080039d8   0x00000018   Code   RO         2920    i._Z8delay_msj      timer.o
    0x080039f0   0x080039f0   0x000001b4   Code   RO          229    i._Z9baro_testv     main.o
    0x08003ba4   0x08003ba4   0x00000008   Code   RO         2842    i._ZN11SPISettingsC1Ejhh  dps310.o
    0x08003bac   0x08003bac   0x00000120   Code   RO          905    i._ZN15TerminalCommand22terminalCommandHandlerEv  receive.o
    0x08003ccc   0x08003ccc   0x00000016   Code   RO          966    i._ZN15TerminalCommandC1Ev  receive.o
    0x08003ce2   0x08003ce2   0x0000008a   Code   RO         2519    i._ZN6Dps31010configTempEhh  dps310.o
    0x08003d6c   0x08003d6c   0x00000152   Code   RO         2520    i._ZN6Dps31010readcoeffsEv  dps310.o
    0x08003ebe   0x08003ebe   0x0000004c   Code   RO         2521    i._ZN6Dps31011correctTempEv  dps310.o
    0x08003f0a   0x08003f0a   0x00000050   Code   RO         2522    i._ZN6Dps31011getPressureEPi  dps310.o
    0x08003f5a   0x08003f5a   0x00000002   PAD
    0x08003f5c   0x08003f5c   0x00000068   Code   RO         2523    i._ZN6Dps31011readByteSPIEh  dps310.o
    0x08003fc4   0x08003fc4   0x0000001c   Code   RO         2524    i._ZN6Dps31012calcBusyTimeEtt  dps310.o
    0x08003fe0   0x08003fe0   0x00000148   Code   RO         2525    i._ZN6Dps31012calcPressureEi  dps310.o
    0x08004128   0x08004128   0x00000088   Code   RO         2528    i._ZN6Dps31012readBlockSPIEhhPh  dps310.o
    0x080041b0   0x080041b0   0x00000080   Code   RO         2529    i._ZN6Dps31012writeByteSpiEhhh  dps310.o
    0x08004230   0x08004230   0x0000007c   Code   RO         2531    i._ZN6Dps31014configPressureEhh  dps310.o
    0x080042ac   0x080042ac   0x0000008e   Code   RO         2533    i._ZN6Dps31015getSingleResultERi  dps310.o
    0x0800433a   0x0800433a   0x00000012   Code   RO         2534    i._ZN6Dps31015measureTempOnceERi  dps310.o
    0x0800434c   0x0800434c   0x00000052   Code   RO         2535    i._ZN6Dps31015measureTempOnceERih  dps310.o
    0x0800439e   0x0800439e   0x00000028   Code   RO         2536    i._ZN6Dps31016readByteBitfieldEhhh  dps310.o
    0x080043c6   0x080043c6   0x00000026   Code   RO         2537    i._ZN6Dps31017writeByteBitfieldEhhhh  dps310.o
    0x080043ec   0x080043ec   0x0000003e   Code   RO         2538    i._ZN6Dps31017writeByteBitfieldEhhhhh  dps310.o
    0x0800442a   0x0800442a   0x00000052   Code   RO         2540    i._ZN6Dps31019measurePressureOnceERih  dps310.o
    0x0800447c   0x0800447c   0x00000040   Code   RO         2547    i._ZN6Dps31020startMeasureTempOnceEh  dps310.o
    0x080044bc   0x080044bc   0x00000040   Code   RO         2551    i._ZN6Dps31024startMeasurePressureOnceEh  dps310.o
    0x080044fc   0x080044fc   0x0000000c   Code   RO         2553    i._ZN6Dps3103endEv  dps310.o
    0x08004508   0x08004508   0x000000b0   Code   RO         2554    i._ZN6Dps3104initEv  dps310.o
    0x080045b8   0x080045b8   0x00000012   Code   RO         2555    i._ZN6Dps3105beginER7TwoWire  dps310.o
    0x080045ca   0x080045ca   0x0000002c   Code   RO         2556    i._ZN6Dps3105beginER7TwoWireh  dps310.o
    0x080045f6   0x080045f6   0x00000050   Code   RO         2559    i._ZN6Dps3107getTempEPi  dps310.o
    0x08004646   0x08004646   0x0000004e   Code   RO         2560    i._ZN6Dps3107standbyEv  dps310.o
    0x08004694   0x08004694   0x00000078   Code   RO         2561    i._ZN6Dps3108calcTempEi  dps310.o
    0x0800470c   0x0800470c   0x00000056   Code   RO         2562    i._ZN6Dps3108readByteEh  dps310.o
    0x08004762   0x08004762   0x0000006e   Code   RO         2563    i._ZN6Dps3109readBlockEhhPh  dps310.o
    0x080047d0   0x080047d0   0x00000030   Code   RO         2564    i._ZN6Dps3109setOpModeEh  dps310.o
    0x08004800   0x08004800   0x0000002c   Code   RO         2565    i._ZN6Dps3109setOpModeEhhh  dps310.o
    0x0800482c   0x0800482c   0x00000016   Code   RO         2566    i._ZN6Dps3109writeByteEhh  dps310.o
    0x08004842   0x08004842   0x0000006a   Code   RO         2567    i._ZN6Dps3109writeByteEhhh  dps310.o
    0x080048ac   0x080048ac   0x00000006   Code   RO         2568    i._ZN6Dps310C1Ev    dps310.o
    0x080048b2   0x080048b2   0x0000000e   Code   RO         2569    i._ZN6Dps310D1Ev    dps310.o
    0x080048c0   0x080048c0   0x00000020   Code   RO         1290    i._ZN6StreamC2Ev    wire.o
    0x080048e0   0x080048e0   0x00000022   Code   RO         1039    i._ZN7TwoWire11requestFromEhhh  wire.o
    0x08004902   0x08004902   0x00000002   PAD
    0x08004904   0x08004904   0x000001e8   Code   RO         1040    i._ZN7TwoWire11requestFromEhhjhh  wire.o
    0x08004aec   0x08004aec   0x00000028   Code   RO         1043    i._ZN7TwoWire14ReceiveHandlerEv  wire.o
    0x08004b14   0x08004b14   0x000000a4   Code   RO         1044    i._ZN7TwoWire15ProtocolHandlerEv  wire.o
    0x08004bb8   0x08004bb8   0x00000110   Code   RO         1045    i._ZN7TwoWire15endTransmissionEh  wire.o
    0x08004cc8   0x08004cc8   0x0000000e   Code   RO         1046    i._ZN7TwoWire15endTransmissionEv  wire.o
    0x08004cd6   0x08004cd6   0x00000002   PAD
    0x08004cd8   0x08004cd8   0x00000080   Code   RO         1047    i._ZN7TwoWire16OnReceiveServiceEPhh  wire.o
    0x08004d58   0x08004d58   0x0000002c   Code   RO         1048    i._ZN7TwoWire16OnRequestServiceEv  wire.o
    0x08004d84   0x08004d84   0x0000006c   Code   RO         1049    i._ZN7TwoWire17beginTransmissionEh  wire.o
    0x08004df0   0x08004df0   0x000000cc   Code   RO         1051    i._ZN7TwoWire3endEv  wire.o
    0x08004ebc   0x08004ebc   0x00000034   Code   RO         1053    i._ZN7TwoWire4readEv  wire.o
    0x08004ef0   0x08004ef0   0x00000130   Code   RO         1054    i._ZN7TwoWire5beginEh  wire.o
    0x08005020   0x08005020   0x000000e4   Code   RO         1056    i._ZN7TwoWire5beginEv  wire.o
    0x08005104   0x08005104   0x00000058   Code   RO         1057    i._ZN7TwoWire5flushEv  wire.o
    0x0800515c   0x0800515c   0x000000d8   Code   RO         1059    i._ZN7TwoWire5writeEh  wire.o
    0x08005234   0x08005234   0x00000020   Code   RO         1065    i._ZN7TwoWireC1Ev   wire.o
    0x08005254   0x08005254   0x00000028   Code   RO         2342    i._ZN8SPIClass11setBitOrderEh  hw_spi.o
    0x0800527c   0x0800527c   0x0000005a   Code   RO         2343    i._ZN8SPIClass11setDataModeEh  hw_spi.o
    0x080052d6   0x080052d6   0x00000002   Code   RO         2344    i._ZN8SPIClass14endTransactionEv  hw_spi.o
    0x080052d8   0x080052d8   0x0000003c   Code   RO         2348    i._ZN8SPIClass16beginTransactionE11SPISettings  hw_spi.o
    0x08005314   0x08005314   0x00000090   Code   RO         2349    i._ZN8SPIClass3endEv  hw_spi.o
    0x080053a4   0x080053a4   0x00000098   Code   RO         2350    i._ZN8SPIClass4initEv  hw_spi.o
    0x0800543c   0x0800543c   0x00000048   Code   RO         2351    i._ZN8SPIClass5beginEv  hw_spi.o
    0x08005484   0x08005484   0x0000006a   Code   RO         2352    i._ZN8SPIClass8transferEh  hw_spi.o
    0x080054ee   0x080054ee   0x00000004   Code   RO         2443    i._ZN8SPIClassC1EP7XMC_SPI  hw_spi.o
    0x080054f2   0x080054f2   0x00000002   PAD
    0x080054f4   0x080054f4   0x00000020   Code   RO         7117    i.__0printf         mc_w.l(printfa.o)
    0x08005514   0x08005514   0x00000030   Code   RO         7239    i.__ARM_fpclassify  m_wm.l(fpclassify.o)
    0x08005544   0x08005544   0x0000005c   Code   RO         7149    i.__free$realloc    mc_w.l(mallocr.o)
    0x080055a0   0x080055a0   0x00000c50   Code   RO         6806    i.__hardfp_pow      m_wm.l(pow.o)
    0x080061f0   0x080061f0   0x000000f8   Code   RO         7241    i.__kernel_poly     m_wm.l(poly.o)
    0x080062e8   0x080062e8   0x00000050   Code   RO         7150    i.__malloc$realloc  mc_w.l(mallocr.o)
    0x08006338   0x08006338   0x00000030   Code   RO         7219    i.__mathlib_dbl_divzero  m_wm.l(dunder.o)
    0x08006368   0x08006368   0x00000014   Code   RO         7221    i.__mathlib_dbl_infnan2  m_wm.l(dunder.o)
    0x0800637c   0x0800637c   0x00000004   PAD
    0x08006380   0x08006380   0x00000020   Code   RO         7222    i.__mathlib_dbl_invalid  m_wm.l(dunder.o)
    0x080063a0   0x080063a0   0x00000020   Code   RO         7223    i.__mathlib_dbl_overflow  m_wm.l(dunder.o)
    0x080063c0   0x080063c0   0x00000020   Code   RO         7225    i.__mathlib_dbl_underflow  m_wm.l(dunder.o)
    0x080063e0   0x080063e0   0x0000000e   Code   RO         7349    i.__scatterload_copy  mc_w.l(handlers.o)
    0x080063ee   0x080063ee   0x00000002   Code   RO         7350    i.__scatterload_null  mc_w.l(handlers.o)
    0x080063f0   0x080063f0   0x0000000e   Code   RO         7351    i.__scatterload_zeroinit  mc_w.l(handlers.o)
    0x080063fe   0x080063fe   0x00000002   PAD
    0x08006400   0x08006400   0x0000000c   Code   RO         7285    i.__set_errno       mc_w.l(errno.o)
    0x0800640c   0x0800640c   0x0000006c   Code   RO         2353    i.__sti___10_HW_SPI_cpp_SPI  hw_spi.o
    0x08006478   0x08006478   0x0000002c   Code   RO          906    i.__sti___11_Receive_cpp_66f2438e  receive.o
    0x080064a4   0x080064a4   0x00000054   Code   RO          230    i.__sti___8_Main_cpp_66946e4d  main.o
    0x080064f8   0x080064f8   0x00000010   Code   RO         1066    i.__sti___8_Wire_cpp_1426899b  wire.o
    0x08006508   0x08006508   0x00000184   Code   RO         7124    i._fp_digits        mc_w.l(printfa.o)
    0x0800668c   0x0800668c   0x000006dc   Code   RO         7125    i._printf_core      mc_w.l(printfa.o)
    0x08006d68   0x08006d68   0x00000024   Code   RO         7126    i._printf_post_padding  mc_w.l(printfa.o)
    0x08006d8c   0x08006d8c   0x0000002e   Code   RO         7127    i._printf_pre_padding  mc_w.l(printfa.o)
    0x08006dba   0x08006dba   0x00000010   Code   RO         3806    i.b_UidSearch_GetDIE0Info  sls10ere_swi_bif.o
    0x08006dca   0x08006dca   0x00000010   Code   RO         3807    i.b_UidSearch_GetDIE1Info  sls10ere_swi_bif.o
    0x08006dda   0x08006dda   0x00000010   Code   RO         3808    i.b_UidSearch_GetDipDoneBit  sls10ere_swi_bif.o
    0x08006dea   0x08006dea   0x00000016   Code   RO         3809    i.b_UidSearch_SetDIE0Info  sls10ere_swi_bif.o
    0x08006e00   0x08006e00   0x0000000a   Code   RO         3810    i.b_UidSearch_SetDIE1Info  sls10ere_swi_bif.o
    0x08006e0a   0x08006e0a   0x00000016   Code   RO         3811    i.b_UidSearch_SetDipDoneBit  sls10ere_swi_bif.o
    0x08006e20   0x08006e20   0x0000002c   Code   RO         3812    i.b_pop             sls10ere_swi_bif.o
    0x08006e4c   0x08006e4c   0x0000002c   Code   RO         3813    i.b_push            sls10ere_swi_bif.o
    0x08006e78   0x08006e78   0x00000018   Code   RO         3042    i.board_init        board.o
    0x08006e90   0x08006e90   0x00000018   Code   RO         6641    i.delay             system_xmc4700.o
    0x08006ea8   0x08006ea8   0x00000028   Code   RO           63    i.digitalWrite      wiring_digital.o
    0x08006ed0   0x08006ed0   0x0000001a   Code   RO         3476    i.dwordvec_163_copy  sls10ere_math.o
    0x08006eea   0x08006eea   0x0000001e   Code   RO         3477    i.dwordvec_193_copy  sls10ere_math.o
    0x08006f08   0x08006f08   0x0000006c   Code   RO         3478    i.dwordvec_add      sls10ere_math.o
    0x08006f74   0x08006f74   0x00000054   Code   RO         3479    i.dwordvec_cmp      sls10ere_math.o
    0x08006fc8   0x08006fc8   0x0000003c   Code   RO         3480    i.dwordvec_iszero   sls10ere_math.o
    0x08007004   0x08007004   0x00000044   Code   RO         3481    i.dwordvec_l_shift_163  sls10ere_math.o
    0x08007048   0x08007048   0x00000050   Code   RO         3482    i.dwordvec_l_shift_193  sls10ere_math.o
    0x08007098   0x08007098   0x0000007c   Code   RO         3483    i.dwordvec_sub      sls10ere_math.o
    0x08007114   0x08007114   0x00000054   Code   RO         3484    i.dwordvec_swap     sls10ere_math.o
    0x08007168   0x08007168   0x00000190   Code   RO         3485    i.ecc_add_point_x   sls10ere_math.o
    0x080072f8   0x080072f8   0x0000004c   Code   RO         3486    i.ecc_init          sls10ere_math.o
    0x08007344   0x08007344   0x00000154   Code   RO         3487    i.ecc_mul_projective  sls10ere_math.o
    0x08007498   0x08007498   0x00000088   Code   RO         3488    i.ecc_point_on_curve  sls10ere_math.o
    0x08007520   0x08007520   0x00000018   Code   RO         7235    i.fabs              m_wm.l(fabs.o)
    0x08007538   0x08007538   0x00000018   Code   RO          502    i.fputc             cppforxmc4700.o
    0x08007550   0x08007550   0x00000034   Code   RO         3489    i.generate_challenge  sls10ere_math.o
    0x08007584   0x08007584   0x00000030   Code   RO         3490    i.generate_checkvalue  sls10ere_math.o
    0x080075b4   0x080075b4   0x00000038   Code   RO         3043    i.get_pin           board.o
    0x080075ec   0x080075ec   0x00000034   Code   RO         3491    i.gf2_163_add       sls10ere_math.o
    0x08007620   0x08007620   0x000000ae   Code   RO         3492    i.gf2_163_mul       sls10ere_math.o
    0x080076ce   0x080076ce   0x0000007a   Code   RO         3493    i.gf2_163_reduction  sls10ere_math.o
    0x08007748   0x08007748   0x0000010c   Code   RO         3494    i.gf2_163_square    sls10ere_math.o
    0x08007854   0x08007854   0x00000032   Code   RO         3495    i.gf2_163_sum       sls10ere_math.o
    0x08007886   0x08007886   0x0000003c   Code   RO         3496    i.gf2_193_add       sls10ere_math.o
    0x080078c2   0x080078c2   0x000000ae   Code   RO         3497    i.gf2_193_mul       sls10ere_math.o
    0x08007970   0x08007970   0x00000062   Code   RO         3498    i.gf2_193_reduction  sls10ere_math.o
    0x080079d2   0x080079d2   0x00000002   PAD
    0x080079d4   0x080079d4   0x00000138   Code   RO         3499    i.gf2_193_square    sls10ere_math.o
    0x08007b0c   0x08007b0c   0x0000003a   Code   RO         3500    i.gf2_193_sum       sls10ere_math.o
    0x08007b46   0x08007b46   0x00000002   PAD
    0x08007b48   0x08007b48   0x000000a4   Code   RO         3501    i.gf2n_divide       sls10ere_math.o
    0x08007bec   0x08007bec   0x000000c4   Code   RO         3502    i.gf2n_init         sls10ere_math.o
    0x08007cb0   0x08007cb0   0x000000a0   Code   RO         3503    i.gfp_divide        sls10ere_math.o
    0x08007d50   0x08007d50   0x00000050   Code   RO         7151    i.internal_alloc    mc_w.l(mallocr.o)
    0x08007da0   0x08007da0   0x0000027c   Code   RO         3504    i.mac_algorithm_80  sls10ere_math.o
    0x0800801c   0x0800801c   0x00000298   Code   RO          231    i.main              main.o
    0x080082b4   0x080082b4   0x00000078   Code   RO         3505    i.mont_ecc_add      sls10ere_math.o
    0x0800832c   0x0800832c   0x00000064   Code   RO         3506    i.mont_ecc_double   sls10ere_math.o
    0x08008390   0x08008390   0x0000018c   Code   RO         3507    i.mont_ecc_mul      sls10ere_math.o
    0x0800851c   0x0800851c   0x00000120   Code   RO         3508    i.precompute        sls10ere_math.o
    0x0800863c   0x0800863c   0x00000078   Code   RO         3509    i.r_shift           sls10ere_math.o
    0x080086b4   0x080086b4   0x00000038   Code   RO         3510    i.remove_2_power    sls10ere_math.o
    0x080086ec   0x080086ec   0x0000003c   Code   RO         3511    i.remove_x_power    sls10ere_math.o
    0x08008728   0x08008728   0x00000038   Code   RO         3044    i.set_pin           board.o
    0x08008760   0x08008760   0x0000003c   Code   RO         3045    i.set_pin_dir       board.o
    0x0800879c   0x0800879c   0x00000026   Code   RO         3512    i.sha256            sls10ere_math.o
    0x080087c2   0x080087c2   0x00000002   PAD
    0x080087c4   0x080087c4   0x00000248   Code   RO         3513    i.sha256_compress   sls10ere_math.o
    0x08008a0c   0x08008a0c   0x0000008e   Code   RO         3514    i.sha256_final      sls10ere_math.o
    0x08008a9a   0x08008a9a   0x00000002   PAD
    0x08008a9c   0x08008a9c   0x00000048   Code   RO         3515    i.sha256_init       sls10ere_math.o
    0x08008ae4   0x08008ae4   0x00000038   Code   RO         3516    i.sha256_update     sls10ere_math.o
    0x08008b1c   0x08008b1c   0x0000006e   Code   RO         7246    i.sqrt              m_wm.l(sqrt.o)
    0x08008b8a   0x08008b8a   0x00000002   PAD
    0x08008b8c   0x08008b8c   0x0000004c   Code   RO         3046    i.test_fail         board.o
    0x08008bd8   0x08008bd8   0x00000012   Code   RO         3047    i.test_output       board.o
    0x08008bea   0x08008bea   0x00000002   PAD
    0x08008bec   0x08008bec   0x00000024   Code   RO         3048    i.test_pass         board.o
    0x08008c10   0x08008c10   0x00000084   Code   RO         3049    i.timing_init       board.o
    0x08008c94   0x08008c94   0x0000000c   Code   RO         3814    i.ub_SizeOfStack    sls10ere_swi_bif.o
    0x08008ca0   0x08008ca0   0x00000012   Code   RO         3050    i.udelay            board.o
    0x08008cb2   0x08008cb2   0x00000002   PAD
    0x08008cb4   0x08008cb4   0x00000074   Code   RO         3517    i.verify_mac        sls10ere_math.o
    0x08008d28   0x08008d28   0x00000328   Data   RO          464    .constdata          xmc_i2c_conf.o
    0x08009050   0x08009050   0x00000020   Data   RO         2621    .constdata          dps310.o
    0x08009070   0x08009070   0x00000008   Data   RO         2936    .constdata          timer.o
    0x08009078   0x08009078   0x0000001c   Data   RO         3205    .constdata          button.o
    0x08009094   0x08009094   0x00000174   Data   RO         3415    .constdata          sls10ere_crypto.o
    0x08009208   0x08009208   0x0000036c   Data   RO         3519    .constdata          sls10ere_math.o
    0x08009574   0x08009574   0x00000004   PAD
    0x08009578   0x08009578   0x00000088   Data   RO         6809    .constdata          m_wm.l(pow.o)
    0x08009600   0x08009600   0x00000008   Data   RO         7243    .constdata          m_wm.l(qnan.o)
    0x08009608   0x08009608   0x00000010   Data   RO         1602    .constdata__ZTV5Print  print.o
    0x08009618   0x08009618   0x00000020   Data   RO         1297    .constdata__ZTV6Stream  wire.o
    0x08009638   0x08009638   0x00000020   Data   RO         1289    .constdata__ZTV7TwoWire  wire.o
    0x08009658   0x08009658   0x00000020   Data   RO         7347    Region$$Table       anon$$obj.o
    0x08009678   0x08009678   0x00000004   Data   RO          239    .init_array         main.o
    0x0800967c   0x08009678   0x00000004   Data   RO          917    .init_array         receive.o
    0x08009680   0x08009678   0x00000004   Data   RO         1109    .init_array         wire.o
    0x08009684   0x08009678   0x00000004   Data   RO         2371    .init_array         hw_spi.o
    0x08009688   0x08009678   0x00000000   Data   RO         7176    .init_array         mc_w.l(cpp_init.o)


    Execution Region RW_IRAM2 (Exec base: 0x1ffe8000, Load base: 0x0800975c, Size: 0x00000000, Max: 0x00018000, ABSOLUTE)

    **** No section assigned to this execution region ****


    Execution Region RW_IRAM1 (Exec base: 0x20000000, Load base: 0x08009688, Size: 0x00001560, Max: 0x0003ffc0, ABSOLUTE, COMPRESSED[0x000000d4])

    Exec Addr    Load Addr    Size         Type   Attr      Idx    E Section Name        Object

    0x20000000   COMPRESSED   0x00000050   Data   RW          238    .data               main.o
    0x20000050   COMPRESSED   0x00000088   Data   RW          465    .data               xmc_i2c_conf.o
    0x200000d8   COMPRESSED   0x0000017c   Data   RW          587    .data               xmc_spi_conf.o
    0x20000254   COMPRESSED   0x00000040   Data   RW          657    .data               bspusart.o
    0x20000294   COMPRESSED   0x00000014   Data   RW         1108    .data               wire.o
    0x200002a8   COMPRESSED   0x0000000c   Data   RW         2370    .data               hw_spi.o
    0x200002b4   COMPRESSED   0x00000004   Data   RW         2937    .data               timer.o
    0x200002b8   COMPRESSED   0x0000002d   Data   RW         3051    .data               board.o
    0x200002e5   COMPRESSED   0x00000001   Data   RW         3148    .data               test_case.o
    0x200002e6   COMPRESSED   0x00000001   Data   RW         3258    .data               pin_interrupt.o
    0x200002e7   COMPRESSED   0x00000001   PAD
    0x200002e8   COMPRESSED   0x0000000c   Data   RW         3416    .data               sls10ere_crypto.o
    0x200002f4   COMPRESSED   0x0000002c   Data   RW         3520    .data               sls10ere_math.o
    0x20000320   COMPRESSED   0x00000001   Data   RW         3816    .data               sls10ere_swi_bif.o
    0x20000321   COMPRESSED   0x00000001   PAD
    0x20000322   COMPRESSED   0x00000006   Data   RW         3939    .data               swi_hal.o
    0x20000328   COMPRESSED   0x00000004   Data   RW         6856    .data               mc_w.l(rand.o)
    0x2000032c   COMPRESSED   0x00000004   Data   RW         7270    .data               mc_w.l(stdout.o)
    0x20000330   COMPRESSED   0x00000004   Data   RW         7281    .data               mc_w.l(mvars.o)
    0x20000334   COMPRESSED   0x00000004   Data   RW         7282    .data               mc_w.l(mvars.o)
    0x20000338   COMPRESSED   0x00000004   Data   RW         7286    .data               mc_w.l(errno.o)
    0x2000033c   COMPRESSED   0x00000004   Data   RW         7296    .data               mc_w.l(cpp_dtor.o)
    0x20000340        -       0x00000050   Zero   RW          237    .bss                main.o
    0x20000390        -       0x00000060   Zero   RW          656    .bss                bspusart.o
    0x200003f0        -       0x0000008c   Zero   RW          765    .bss                driver.o
    0x2000047c        -       0x000000e8   Zero   RW          915    .bss                receive.o
    0x20000564        -       0x00000078   Zero   RW         1107    .bss                wire.o
    0x200005dc        -       0x0000003c   Zero   RW         2369    .bss                hw_spi.o
    0x20000618        -       0x00000388   Zero   RW         3147    .bss                test_case.o
    0x200009a0        -       0x00000134   Zero   RW         3414    .bss                sls10ere_crypto.o
    0x20000ad4        -       0x00000038   Zero   RW         3518    .bss                sls10ere_math.o
    0x20000b0c        -       0x00000050   Zero   RW         3815    .bss                sls10ere_swi_bif.o
    0x20000b5c   COMPRESSED   0x00000004   PAD
    0x20000b60        -       0x00000200   Zero   RW         6627    HEAP                startup_xmc4700.o
    0x20000d60        -       0x00000800   Zero   RW         6626    STACK               startup_xmc4700.o



  Load Region LR$$.ARM.__AT_0x2003FFC0 (Base: 0x2003ffc0, Size: 0x00000000, Max: 0x00000004, ABSOLUTE)

    Execution Region ER$$.ARM.__AT_0x2003FFC0 (Exec base: 0x2003ffc0, Load base: 0x2003ffc0, Size: 0x00000004, Max: 0x00000004, ABSOLUTE, UNINIT)

    Exec Addr    Load Addr    Size         Type   Attr      Idx    E Section Name        Object

    0x2003ffc0        -       0x00000004   Zero   RW         6642    .ARM.__AT_0x2003FFC0  system_xmc4700.o



  Load Region LR$$.ARM.__AT_0x2003FFC4 (Base: 0x2003ffc4, Size: 0x00000000, Max: 0x00000010, ABSOLUTE)

    Execution Region ER$$.ARM.__AT_0x2003FFC4 (Exec base: 0x2003ffc4, Load base: 0x2003ffc4, Size: 0x00000010, Max: 0x00000010, ABSOLUTE, UNINIT)

    Exec Addr    Load Addr    Size         Type   Attr      Idx    E Section Name        Object

    0x2003ffc4        -       0x00000010   Zero   RW         6643    .ARM.__AT_0x2003FFC4  system_xmc4700.o


==============================================================================

Image component sizes


      Code (inc. data)   RO Data    RW Data    ZI Data      Debug   Object Name

       518         98          0         45          0      13466   board.o
       780        100          0         64         96      53266   bspusart.o
       100         12         28          0          0       7832   button.o
        24          4          0          0          0     507284   cppforxmc4700.o
      3044         24         32          0          0      60956   dps310.o
       116         14          0          0        140     520824   driver.o
         0          0          0          0          0       1444   dtostrf.o
       830         62          4         12         60      34973   hw_spi.o
      1202        222          4         80         80     570255   main.o
        12          4          0          1          0        670   pin_interrupt.o
         0          0         16          0          0          0   print.o
       676         78          4          0        232      11729   receive.o
       726          6          0          0          0      10132   sls10ere_auth.o
       848        188        372         12        308      12181   sls10ere_crypto.o
      6764        400        876         44         56      33177   sls10ere_math.o
       840          4          0          0          0       3367   sls10ere_nvm.o
       794         32          0          1         80       9615   sls10ere_swi_bif.o
        28         14        512          0       2560        472   startup_xmc4700.o
      3196         50          0          6          0      21723   swi_hal.o
       848        106          0          0         20       7554   system_xmc4700.o
       304         38          0          1        904       7717   test_case.o
       464         52          8          4          0      48867   timer.o
      2692        316         68         20        120     589677   wire.o
        40          4          0          0          0     535463   wiring_digital.o
       184         10          0          0          0       1252   xmc4_gpio.o
        88         24          0          0          0      16982   xmc4_scu.o
       336         30          0          0          0      17737   xmc_ccu4.o
        64          0          0          0          0       1107   xmc_gpio.o
       726         28          0          0          0      27804   xmc_i2c.o
         0          0        808        136          0       7809   xmc_i2c_conf.o
       246          4          0          0          0      11160   xmc_spi.o
         0          0          0        380          0       8881   xmc_spi_conf.o
       186          0          0          0          0       7068   xmc_uart.o
       468         60          0          0          0      16957   xmc_usic.o

    ----------------------------------------------------------------------
     27186       1984       2768        808       4660    3179401   Object Totals
         0          0         32          0          0          0   (incl. Generated)
        42          0          4          2          4          0   (incl. Padding)

    ----------------------------------------------------------------------

      Code (inc. data)   RO Data    RW Data    ZI Data      Debug   Library Member Name

       164         44          0          0          0        620   dunder.o
        24          0          0          0          0        124   fabs.o
        48          0          0          0          0        124   fpclassify.o
       248          0          0          0          0        152   poly.o
      3152        296        136          0          0        352   pow.o
         0          0          8          0          0          0   qnan.o
       110          0          0          0          0        148   sqrt.o
        86          0          0          0          0          0   __dczerorl2.o
        46          0          0          0          0         84   aeabi_atexit.o
         8          4          0          4          0         68   cpp_dtor.o
         2          0          0          0          0         68   cpp_final.o
        32         10          0          0          0         80   cpp_init.o
        66          0          0          0          0         84   cxa_finalize.o
         0          0          0          0          0          0   entry.o
         0          0          0          0          0          0   entry10a.o
         4          0          0          0          0          0   entry10b.o
         0          0          0          0          0          0   entry11a.o
         8          4          0          0          0          0   entry2.o
         4          0          0          0          0          0   entry5.o
         0          0          0          0          0          0   entry7b.o
         4          0          0          0          0          0   entry8a.o
         0          0          0          0          0          0   entry8b.o
         8          4          0          0          0          0   entry9a.o
        12          6          0          4          0         68   errno.o
        30          0          0          0          0          0   handlers.o
        36          8          0          0          0         68   init.o
         0          0          0          0          0          0   iusefp.o
        30          0          0          0          0         68   llshl.o
        36          0          0          0          0         68   llsshr.o
        32          0          0          0          0         68   llushr.o
       252         24          0          0          0        252   mallocr.o
        64          0          0          0          0         76   memmovea.o
        36          0          0          0          0        108   memseta.o
         0          0          0          8          0          0   mvars.o
      2258         90          0          0          0        452   printfa.o
        36         10          0          4          0        136   rand.o
         0          0          0          4          0          0   stdout.o
        44          0          0          0          0         80   uidiv.o
        98          0          0          0          0         92   uldiv.o
        48          0          0          0          0         68   cdrcmple.o
       334          0          0          0          0        148   dadd.o
       222          0          0          0          0        100   ddiv.o
       186          0          0          0          0        176   depilogue.o
        62          0          0          0          0         80   dfixi.o
        50          0          0          0          0         76   dfixui.o
        48          0          0          0          0         68   dfixul.o
        34          0          0          0          0         76   dflti.o
        26          0          0          0          0         76   dfltui.o
       228          0          0          0          0         96   dmul.o
        46          0          0          0          0         80   dscalb.o
       162          0          0          0          0        100   dsqrt.o

    ----------------------------------------------------------------------
      8438        500        144         24          0       4584   Library Totals
        14          0          0          0          0          0   (incl. Padding)

    ----------------------------------------------------------------------

      Code (inc. data)   RO Data    RW Data    ZI Data      Debug   Library Name

      3746        340        144          0          0       1520   m_wm.l
      3232        160          0         24          0       1920   mc_w.l
      1446          0          0          0          0       1144   mf_w.l

    ----------------------------------------------------------------------
      8438        500        144         24          0       4584   Library Totals

    ----------------------------------------------------------------------

==============================================================================


      Code (inc. data)   RO Data    RW Data    ZI Data      Debug   

     35624       2484       2912        832       4660    3154009   Grand Totals
     35624       2484       2912        212       4660    3154009   ELF Image Totals (compressed)
     35624       2484       2912        212          0          0   ROM Totals

==============================================================================

    Total RO  Size (Code + RO Data)                38536 (  37.63kB)
    Total RW  Size (RW Data + ZI Data)              5492 (   5.36kB)
    Total ROM Size (Code + RO Data + RW Data)      38748 (  37.84kB)

==============================================================================

